******************************************************************************
             TMS320C2000 Linker PC v6.4.2                      
******************************************************************************
>> Linked Sat Jun 27 11:27:26 2015

OUTPUT FILE NAME:   <LedBlink.out>
ENTRY POINT SYMBOL: "_c_int00"  address: 0000b9cd


MEMORY CONFIGURATION

         name            origin    length      used     unused   attr    fill
----------------------  --------  ---------  --------  --------  ----  --------
PAGE 0:
  BEGIN                 00000000   00000002  00000002  00000000  RWIX
  RAMM0                 00000052   000003ae  00000000  000003ae  RWIX
  RAML0                 00008000   00002000  00000042  00001fbe  RWIX
  RAML1                 0000a000   00002000  00001d78  00000288  RWIX
  ZONE7A                00200000   0000fc00  00000000  0000fc00  RWIX
  RAMH0                 00300000   00008000  00000000  00008000  RWIX
  RAMH1                 00308000   00008000  00000000  00008000  RWIX
  RAMH2                 00310000   00008000  00000000  00008000  RWIX
  CSM_RSVD              0033ff80   00000076  00000000  00000076  RWIX
  CSM_PWL_PROG          0033fff8   00000008  00000000  00000008  RWIX
  IQTABLES              003fe000   00000b50  00000b50  00000000  RWIX
  IQTABLES2             003feb50   0000008c  00000000  0000008c  RWIX
  FPUTABLES             003febdc   000006a0  00000000  000006a0  RWIX
  BOOTROM               003ff27c   00000d44  00000000  00000d44  RWIX
  RESET                 003fffc0   00000002  00000000  00000002  RWIX

PAGE 1:
  BOOT_RSVD             00000002   00000050  00000000  00000050  RWIX
  RAMM1                 00000400   00000400  00000300  00000100  RWIX
  DEV_EMU               00000880   00000180  000000d0  000000b0  RWIX
  CSM                   00000ae0   00000010  00000010  00000000  RWIX
  XINTF                 00000b20   00000020  0000001e  00000002  RWIX
  CPU_TIMER0            00000c00   00000008  00000008  00000000  RWIX
  CPU_TIMER1            00000c08   00000008  00000008  00000000  RWIX
  CPU_TIMER2            00000c10   00000008  00000008  00000000  RWIX
  PIE_CTRL              00000ce0   00000020  0000001a  00000006  RWIX
  PIE_VECT              00000d00   00000100  00000100  00000000  RWIX
  DMA                   00001000   00000200  000000e0  00000120  RWIX
  MCBSPA                00005000   00000040  00000025  0000001b  RWIX
  MCBSPB                00005040   00000040  00000025  0000001b  RWIX
  ECANA                 00006000   00000040  00000034  0000000c  RWIX
  ECANA_LAM             00006040   00000040  00000040  00000000  RWIX
  ECANA_MOTS            00006080   00000040  00000040  00000000  RWIX
  ECANA_MOTO            000060c0   00000040  00000040  00000000  RWIX
  ECANA_MBOX            00006100   00000100  00000100  00000000  RWIX
  ECANB                 00006200   00000040  00000034  0000000c  RWIX
  ECANB_LAM             00006240   00000040  00000040  00000000  RWIX
  ECANB_MOTS            00006280   00000040  00000040  00000000  RWIX
  ECANB_MOTO            000062c0   00000040  00000040  00000000  RWIX
  ECANB_MBOX            00006300   00000100  00000100  00000000  RWIX
  EPWM9                 00006600   00000022  00000022  00000000  RWIX
  EPWM1                 00006800   00000022  00000022  00000000  RWIX
  EPWM2                 00006840   00000022  00000022  00000000  RWIX
  EPWM3                 00006880   00000022  00000022  00000000  RWIX
  EPWM4                 000068c0   00000022  00000022  00000000  RWIX
  EPWM5                 00006900   00000022  00000022  00000000  RWIX
  EPWM6                 00006940   00000022  00000022  00000000  RWIX
  EPWM7                 00006980   00000022  00000022  00000000  RWIX
  EPWM8                 000069c0   00000022  00000022  00000000  RWIX
  ECAP1                 00006a00   00000020  00000020  00000000  RWIX
  ECAP2                 00006a20   00000020  00000020  00000000  RWIX
  ECAP3                 00006a40   00000020  00000020  00000000  RWIX
  ECAP4                 00006a60   00000020  00000020  00000000  RWIX
  ECAP5                 00006a80   00000020  00000020  00000000  RWIX
  ECAP6                 00006aa0   00000020  00000020  00000000  RWIX
  EQEP1                 00006b00   00000040  00000040  00000000  RWIX
  EQEP2                 00006b40   00000040  00000040  00000000  RWIX
  EQEP3                 00006b80   00000040  00000040  00000000  RWIX
  GPIOCTRL              00006f80   00000040  0000002e  00000012  RWIX
  GPIODAT               00006fc0   00000020  00000020  00000000  RWIX
  GPIOINT               00006fe0   00000020  0000000a  00000016  RWIX
  SYSTEM                00007010   00000021  00000020  00000001  RWIX
  SPIA                  00007040   00000010  00000010  00000000  RWIX
  SCIA                  00007050   00000010  00000010  00000000  RWIX
  XINTRUPT              00007070   00000010  00000010  00000000  RWIX
  SCIB                  00007750   00000010  00000010  00000000  RWIX
  SCIC                  00007770   00000010  00000010  00000000  RWIX
  SPID                  00007780   00000010  00000010  00000000  RWIX
  I2CA                  00007900   00000040  00000022  0000001e  RWIX
  RAML2                 0000c000   00002000  0000003b  00001fc5  RWIX
  RAML3                 0000e000   00002000  000003da  00001c26  RWIX
  RAML4                 00010000   00002000  00000000  00002000  RWIX
  RAML5                 00012000   00002000  00000000  00002000  RWIX
  RAML6                 00014000   00002000  00000000  00002000  RWIX
  RAML7                 00016000   00002000  00000000  00002000  RWIX
  ZONE7B                0020fc00   00000400  00000000  00000400  RWIX
  RAMH3                 00318000   00008000  00000000  00008000  RWIX
  RAMH4                 00320000   00008000  00000000  00008000  RWIX
  RAMH5                 00328000   00008000  00000000  00008000  RWIX
  CSM_PWL               0033fff8   00000008  00000008  00000000  RWIX


SECTION ALLOCATION MAP

 output                                  attributes/
section   page    origin      length       input sections
--------  ----  ----------  ----------   ----------------
codestart 
*          0    00000000    00000002     
                  00000000    00000002     DSP2834x_CodeStartBranch.obj (codestart)

.cinit     0    00008000    0000003e     
                  00008000    00000024     main.obj (.cinit)
                  00008024    0000000a     rts2800_fpu32.lib : exit.obj (.cinit)
                  0000802e    00000005                       : _lock.obj (.cinit:__lock)
                  00008033    00000005                       : _lock.obj (.cinit:__unlock)
                  00008038    00000004                       : errno.obj (.cinit)
                  0000803c    00000002     --HOLE-- [fill = 0]

ramfuncs   0    0000803e    00000004     
                  0000803e    00000004     DSP2834x_usDelay.obj (ramfuncs)

.text      0    0000a000    00001d31     
                  0000a000    00000c06     rts2800_fpu32.lib : _printfi.obj (.text)
                  0000ac06    00000352     DSP2834x_DefaultIsr.obj (.text:retain)
                  0000af58    00000254     main.obj (.text)
                  0000b1ac    0000012d     DSP2834x_EPwm.obj (.text)
                  0000b2d9    00000107     rts2800_fpu32.lib : ll_div.obj (.text)
                  0000b3e0    00000105     DSP2834x_SysCtrl.obj (.text)
                  0000b4e5    000000f0     own_gpio_setup.obj (.text)
                  0000b5d5    0000009c     rts2800_fpu32.lib : fd_add.obj (.text)
                  0000b671    0000008b     DSP2834x_EQep.obj (.text)
                  0000b6fc    0000008b     rts2800_fpu32.lib : fd_div.obj (.text)
                  0000b787    00000088                       : fs_div.obj (.text)
                  0000b80f    00000085     EPWM_handling.obj (.text)
                  0000b894    00000083     rts2800_fpu32.lib : fd_mpy.obj (.text)
                  0000b917    0000005d     freqcalc.obj (.text)
                  0000b974    00000059     DSP2834x_Sci.obj (.text)
                  0000b9cd    00000046     rts2800_fpu32.lib : boot.obj (.text)
                  0000ba13    00000034                       : ldexp.obj (.text)
                  0000ba47    00000033                       : atoi.obj (.text)
                  0000ba7a    00000032                       : sprintf.obj (.text)
                  0000baac    0000002e                       : ltoa.obj (.text)
                  0000bada    0000002a                       : fd_cmp.obj (.text)
                  0000bb04    0000002a                       : l_div.obj (.text)
                  0000bb2e    00000028     DSP2834x_PieCtrl.obj (.text)
                  0000bb56    00000023     rts2800_fpu32.lib : fd_tofs.obj (.text)
                  0000bb79    00000021                       : fd_toi.obj (.text)
                  0000bb9a    0000001f                       : fd_tol.obj (.text)
                  0000bbb9    0000001e                       : ll_cmp.obj (.text)
                  0000bbd7    0000001e                       : memcpy.obj (.text)
                  0000bbf5    0000001d                       : i_tofd.obj (.text)
                  0000bc12    0000001c                       : fs_tofd.obj (.text)
                  0000bc2e    0000001c                       : l_tofd.obj (.text)
                  0000bc4a    00000019                       : args_main.obj (.text)
                  0000bc63    00000019                       : exit.obj (.text)
                  0000bc7c    00000018                       : ll_aox.obj (.text)
                  0000bc94    00000016                       : frexp.obj (.text)
                  0000bcaa    00000011     DSP2834x_PieVect.obj (.text)
                  0000bcbb    00000011     rts2800_fpu32.lib : ull_tofs.obj (.text)
                  0000bccc    0000000e                       : fd_sub.obj (.text)
                  0000bcda    0000000e                       : memccpy.obj (.text)
                  0000bce8    0000000c                       : memset.obj (.text)
                  0000bcf4    0000000c                       : strchr.obj (.text)
                  0000bd00    00000009                       : _lock.obj (.text)
                  0000bd09    00000009                       : fd_neg.obj (.text)
                  0000bd12    00000008     DSP2834x_CodeStartBranch.obj (.text)
                  0000bd1a    00000008     rts2800_fpu32.lib : strlen.obj (.text)
                  0000bd22    00000007     DSP2834x_DisInt.obj (.text)
                  0000bd29    00000005     rts2800_fpu32.lib : strcpy.obj (.text)
                  0000bd2e    00000003     DSP2834x_DBGIER.obj (.text)

.pinit     0    00008000    00000000     UNINITIALIZED

IQmath     0    0000bd31    00000047     
                  0000bd31    00000047     IQmath_fpu32.lib : IQ24div.obj (IQmath)

IQmathTables 
*          0    003fe000    00000b50     NOLOAD SECTION
                  003fe000    00000b50     IQmath_fpu32.lib : IQmathTables.obj (IQmathTables)

.stack     1    00000400    00000300     UNINITIALIZED
                  00000400    00000300     --HOLE--

DevEmuRegsFile 
*          1    00000880    000000d0     UNINITIALIZED
                  00000880    000000d0     DSP2834x_GlobalVariableDefs.obj (DevEmuRegsFile)

CsmRegsFile 
*          1    00000ae0    00000010     UNINITIALIZED
                  00000ae0    00000010     DSP2834x_GlobalVariableDefs.obj (CsmRegsFile)

XintfRegsFile 
*          1    00000b20    0000001e     UNINITIALIZED
                  00000b20    0000001e     DSP2834x_GlobalVariableDefs.obj (XintfRegsFile)

CpuTimer0RegsFile 
*          1    00000c00    00000008     UNINITIALIZED
                  00000c00    00000008     DSP2834x_GlobalVariableDefs.obj (CpuTimer0RegsFile)

CpuTimer1RegsFile 
*          1    00000c08    00000008     UNINITIALIZED
                  00000c08    00000008     DSP2834x_GlobalVariableDefs.obj (CpuTimer1RegsFile)

CpuTimer2RegsFile 
*          1    00000c10    00000008     UNINITIALIZED
                  00000c10    00000008     DSP2834x_GlobalVariableDefs.obj (CpuTimer2RegsFile)

PieCtrlRegsFile 
*          1    00000ce0    0000001a     UNINITIALIZED
                  00000ce0    0000001a     DSP2834x_GlobalVariableDefs.obj (PieCtrlRegsFile)

PieVectTableFile 
*          1    00000d00    00000100     UNINITIALIZED
                  00000d00    00000100     DSP2834x_GlobalVariableDefs.obj (PieVectTableFile)

DmaRegsFile 
*          1    00001000    000000e0     UNINITIALIZED
                  00001000    000000e0     DSP2834x_GlobalVariableDefs.obj (DmaRegsFile)

McbspaRegsFile 
*          1    00005000    00000025     UNINITIALIZED
                  00005000    00000025     DSP2834x_GlobalVariableDefs.obj (McbspaRegsFile)

McbspbRegsFile 
*          1    00005040    00000025     UNINITIALIZED
                  00005040    00000025     DSP2834x_GlobalVariableDefs.obj (McbspbRegsFile)

ECanaRegsFile 
*          1    00006000    00000034     UNINITIALIZED
                  00006000    00000034     DSP2834x_GlobalVariableDefs.obj (ECanaRegsFile)

ECanaLAMRegsFile 
*          1    00006040    00000040     UNINITIALIZED
                  00006040    00000040     DSP2834x_GlobalVariableDefs.obj (ECanaLAMRegsFile)

ECanaMOTSRegsFile 
*          1    00006080    00000040     UNINITIALIZED
                  00006080    00000040     DSP2834x_GlobalVariableDefs.obj (ECanaMOTSRegsFile)

ECanaMOTORegsFile 
*          1    000060c0    00000040     UNINITIALIZED
                  000060c0    00000040     DSP2834x_GlobalVariableDefs.obj (ECanaMOTORegsFile)

ECanaMboxesFile 
*          1    00006100    00000100     UNINITIALIZED
                  00006100    00000100     DSP2834x_GlobalVariableDefs.obj (ECanaMboxesFile)

ECanbRegsFile 
*          1    00006200    00000034     UNINITIALIZED
                  00006200    00000034     DSP2834x_GlobalVariableDefs.obj (ECanbRegsFile)

ECanbLAMRegsFile 
*          1    00006240    00000040     UNINITIALIZED
                  00006240    00000040     DSP2834x_GlobalVariableDefs.obj (ECanbLAMRegsFile)

ECanbMOTSRegsFile 
*          1    00006280    00000040     UNINITIALIZED
                  00006280    00000040     DSP2834x_GlobalVariableDefs.obj (ECanbMOTSRegsFile)

ECanbMOTORegsFile 
*          1    000062c0    00000040     UNINITIALIZED
                  000062c0    00000040     DSP2834x_GlobalVariableDefs.obj (ECanbMOTORegsFile)

ECanbMboxesFile 
*          1    00006300    00000100     UNINITIALIZED
                  00006300    00000100     DSP2834x_GlobalVariableDefs.obj (ECanbMboxesFile)

EPwm9RegsFile 
*          1    00006600    00000022     UNINITIALIZED
                  00006600    00000022     DSP2834x_GlobalVariableDefs.obj (EPwm9RegsFile)

EPwm1RegsFile 
*          1    00006800    00000022     UNINITIALIZED
                  00006800    00000022     DSP2834x_GlobalVariableDefs.obj (EPwm1RegsFile)

EPwm2RegsFile 
*          1    00006840    00000022     UNINITIALIZED
                  00006840    00000022     DSP2834x_GlobalVariableDefs.obj (EPwm2RegsFile)

EPwm3RegsFile 
*          1    00006880    00000022     UNINITIALIZED
                  00006880    00000022     DSP2834x_GlobalVariableDefs.obj (EPwm3RegsFile)

EPwm4RegsFile 
*          1    000068c0    00000022     UNINITIALIZED
                  000068c0    00000022     DSP2834x_GlobalVariableDefs.obj (EPwm4RegsFile)

EPwm5RegsFile 
*          1    00006900    00000022     UNINITIALIZED
                  00006900    00000022     DSP2834x_GlobalVariableDefs.obj (EPwm5RegsFile)

EPwm6RegsFile 
*          1    00006940    00000022     UNINITIALIZED
                  00006940    00000022     DSP2834x_GlobalVariableDefs.obj (EPwm6RegsFile)

EPwm7RegsFile 
*          1    00006980    00000022     UNINITIALIZED
                  00006980    00000022     DSP2834x_GlobalVariableDefs.obj (EPwm7RegsFile)

EPwm8RegsFile 
*          1    000069c0    00000022     UNINITIALIZED
                  000069c0    00000022     DSP2834x_GlobalVariableDefs.obj (EPwm8RegsFile)

ECap1RegsFile 
*          1    00006a00    00000020     UNINITIALIZED
                  00006a00    00000020     DSP2834x_GlobalVariableDefs.obj (ECap1RegsFile)

ECap2RegsFile 
*          1    00006a20    00000020     UNINITIALIZED
                  00006a20    00000020     DSP2834x_GlobalVariableDefs.obj (ECap2RegsFile)

ECap3RegsFile 
*          1    00006a40    00000020     UNINITIALIZED
                  00006a40    00000020     DSP2834x_GlobalVariableDefs.obj (ECap3RegsFile)

ECap4RegsFile 
*          1    00006a60    00000020     UNINITIALIZED
                  00006a60    00000020     DSP2834x_GlobalVariableDefs.obj (ECap4RegsFile)

ECap5RegsFile 
*          1    00006a80    00000020     UNINITIALIZED
                  00006a80    00000020     DSP2834x_GlobalVariableDefs.obj (ECap5RegsFile)

ECap6RegsFile 
*          1    00006aa0    00000020     UNINITIALIZED
                  00006aa0    00000020     DSP2834x_GlobalVariableDefs.obj (ECap6RegsFile)

EQep1RegsFile 
*          1    00006b00    00000040     UNINITIALIZED
                  00006b00    00000040     DSP2834x_GlobalVariableDefs.obj (EQep1RegsFile)

EQep2RegsFile 
*          1    00006b40    00000040     UNINITIALIZED
                  00006b40    00000040     DSP2834x_GlobalVariableDefs.obj (EQep2RegsFile)

EQep3RegsFile 
*          1    00006b80    00000040     UNINITIALIZED
                  00006b80    00000040     DSP2834x_GlobalVariableDefs.obj (EQep3RegsFile)

GpioCtrlRegsFile 
*          1    00006f80    0000002e     UNINITIALIZED
                  00006f80    0000002e     DSP2834x_GlobalVariableDefs.obj (GpioCtrlRegsFile)

GpioDataRegsFile 
*          1    00006fc0    00000020     UNINITIALIZED
                  00006fc0    00000020     DSP2834x_GlobalVariableDefs.obj (GpioDataRegsFile)

GpioIntRegsFile 
*          1    00006fe0    0000000a     UNINITIALIZED
                  00006fe0    0000000a     DSP2834x_GlobalVariableDefs.obj (GpioIntRegsFile)

SysCtrlRegsFile 
*          1    00007010    00000020     UNINITIALIZED
                  00007010    00000020     DSP2834x_GlobalVariableDefs.obj (SysCtrlRegsFile)

SpiaRegsFile 
*          1    00007040    00000010     UNINITIALIZED
                  00007040    00000010     DSP2834x_GlobalVariableDefs.obj (SpiaRegsFile)

SciaRegsFile 
*          1    00007050    00000010     UNINITIALIZED
                  00007050    00000010     DSP2834x_GlobalVariableDefs.obj (SciaRegsFile)

XIntruptRegsFile 
*          1    00007070    00000010     UNINITIALIZED
                  00007070    00000010     DSP2834x_GlobalVariableDefs.obj (XIntruptRegsFile)

ScibRegsFile 
*          1    00007750    00000010     UNINITIALIZED
                  00007750    00000010     DSP2834x_GlobalVariableDefs.obj (ScibRegsFile)

ScicRegsFile 
*          1    00007770    00000010     UNINITIALIZED
                  00007770    00000010     DSP2834x_GlobalVariableDefs.obj (ScicRegsFile)

SpidRegsFile 
*          1    00007780    00000010     UNINITIALIZED
                  00007780    00000010     DSP2834x_GlobalVariableDefs.obj (SpidRegsFile)

I2caRegsFile 
*          1    00007900    00000022     UNINITIALIZED
                  00007900    00000022     DSP2834x_GlobalVariableDefs.obj (I2caRegsFile)

.ebss      1    0000c000    0000003b     UNINITIALIZED
                  0000c000    00000018     DSP2834x_CpuTimers.obj (.ebss)
                  0000c018    00000018     main.obj (.ebss)
                  0000c030    00000004     rts2800_fpu32.lib : exit.obj (.ebss)
                  0000c034    00000002                       : _lock.obj (.ebss:__lock)
                  0000c036    00000002                       : _lock.obj (.ebss:__unlock)
                  0000c038    00000002     own_gpio_setup.obj (.ebss)
                  0000c03a    00000001     rts2800_fpu32.lib : errno.obj (.ebss)

.econst    1    0000e000    000003da     
                  0000e000    00000197     main.obj (.econst:.string)
                  0000e197    00000101     rts2800_fpu32.lib : ctype.obj (.econst:.string:__ctypes_)
                  0000e298    00000100     DSP2834x_PieVect.obj (.econst)
                  0000e398    00000026     rts2800_fpu32.lib : _printfi.obj (.econst:.string)
                  0000e3be    0000001c                       : _printfi.obj (.econst)

.reset     0    003fffc0    00000002     DSECT
                  003fffc0    00000002     rts2800_fpu32.lib : boot.obj (.reset)

csm_rsvd   0    0033ff80    00000000     DSECT

csmpasswds 
*          0    0033fff8    00000000     DSECT

CsmPwlFile 
*          1    0033fff8    00000008     UNINITIALIZED
                  0033fff8    00000008     DSP2834x_GlobalVariableDefs.obj (CsmPwlFile)


GLOBAL DATA SYMBOLS: SORTED BY DATA PAGE

address     data page           name
--------    ----------------    ----
00000400      10 (00000400)     __stack

00000880      22 (00000880)     _DevEmuRegs

00000ae0      2b (00000ac0)     _CsmRegs

00000b20      2c (00000b00)     _XintfRegs

00000c00      30 (00000c00)     _CpuTimer0Regs
00000c08      30 (00000c00)     _CpuTimer1Regs
00000c10      30 (00000c00)     _CpuTimer2Regs

00000ce0      33 (00000cc0)     _PieCtrlRegs

00000d00      34 (00000d00)     _PieVectTable

00001000      40 (00001000)     _DmaRegs

00005000     140 (00005000)     _McbspaRegs

00005040     141 (00005040)     _McbspbRegs

00006000     180 (00006000)     _ECanaRegs

00006040     181 (00006040)     _ECanaLAMRegs

00006080     182 (00006080)     _ECanaMOTSRegs

000060c0     183 (000060c0)     _ECanaMOTORegs

00006100     184 (00006100)     _ECanaMboxes

00006200     188 (00006200)     _ECanbRegs

00006240     189 (00006240)     _ECanbLAMRegs

00006280     18a (00006280)     _ECanbMOTSRegs

000062c0     18b (000062c0)     _ECanbMOTORegs

00006300     18c (00006300)     _ECanbMboxes

00006600     198 (00006600)     _EPwm9Regs

00006800     1a0 (00006800)     _EPwm1Regs

00006840     1a1 (00006840)     _EPwm2Regs

00006880     1a2 (00006880)     _EPwm3Regs

000068c0     1a3 (000068c0)     _EPwm4Regs

00006900     1a4 (00006900)     _EPwm5Regs

00006940     1a5 (00006940)     _EPwm6Regs

00006980     1a6 (00006980)     _EPwm7Regs

000069c0     1a7 (000069c0)     _EPwm8Regs

00006a00     1a8 (00006a00)     _ECap1Regs
00006a20     1a8 (00006a00)     _ECap2Regs

00006a40     1a9 (00006a40)     _ECap3Regs
00006a60     1a9 (00006a40)     _ECap4Regs

00006a80     1aa (00006a80)     _ECap5Regs
00006aa0     1aa (00006a80)     _ECap6Regs

00006b00     1ac (00006b00)     _EQep1Regs

00006b40     1ad (00006b40)     _EQep2Regs

00006b80     1ae (00006b80)     _EQep3Regs

00006f80     1be (00006f80)     _GpioCtrlRegs

00006fc0     1bf (00006fc0)     _GpioDataRegs
00006fe0     1bf (00006fc0)     _GpioIntRegs

00007010     1c0 (00007000)     _SysCtrlRegs

00007040     1c1 (00007040)     _SpiaRegs
00007050     1c1 (00007040)     _SciaRegs
00007070     1c1 (00007040)     _XIntruptRegs

00007750     1dd (00007740)     _ScibRegs
00007770     1dd (00007740)     _ScicRegs

00007780     1de (00007780)     _SpidRegs

00007900     1e4 (00007900)     _I2caRegs

0000c000     300 (0000c000)     _CpuTimer1
0000c008     300 (0000c000)     _CpuTimer2
0000c010     300 (0000c000)     _CpuTimer0
0000c018     300 (0000c000)     _inv
0000c019     300 (0000c000)     _rotaryAPos
0000c01a     300 (0000c000)     _rotaryBPos
0000c01c     300 (0000c000)     _msg
0000c01e     300 (0000c000)     _pwmClk
0000c022     300 (0000c000)     _freq
0000c030     300 (0000c000)     ___TI_cleanup_ptr
0000c032     300 (0000c000)     ___TI_dtors_ptr
0000c034     300 (0000c000)     __lock
0000c036     300 (0000c000)     __unlock
0000c038     300 (0000c000)     _LoopCount
0000c039     300 (0000c000)     _ErrorCount
0000c03a     300 (0000c000)     _errno

0000e197     386 (0000e180)     __ctypes_

0000e298     38a (0000e280)     _PieVectTableInit

0033fff8    cfff (0033ffc0)     _CsmPwl

003fe000    ff80 (003fe000)     _IQsinTable

003fe100    ff84 (003fe100)     _IQcosTable

003fe400    ff90 (003fe400)     _IQsinTableEnd

003fe502    ff94 (003fe500)     _IQcosTableEnd
003fe502    ff94 (003fe500)     _IQdivRoundSatTable
003fe510    ff94 (003fe500)     _IQdivTable

003fe712    ff9c (003fe700)     _IQdivTableEnd
003fe712    ff9c (003fe700)     _IQisqrtRoundSatTable
003fe712    ff9c (003fe700)     _IQsqrtRoundSatTable
003fe722    ff9c (003fe700)     _IQisqrtTable
003fe722    ff9c (003fe700)     _IQsqrtTable

003fe824    ffa0 (003fe800)     _IQatan2HalfPITable
003fe824    ffa0 (003fe800)     _IQisqrtTableEnd
003fe824    ffa0 (003fe800)     _IQsqrtTableEnd

003fe862    ffa1 (003fe840)     _IQatan2Table

003fe9e8    ffa7 (003fe9c0)     _IQ30mpyRndSatTable
003fe9e8    ffa7 (003fe9c0)     _IQatan2TableEnd
003fe9e8    ffa7 (003fe9c0)     _IQmpyRndSatTable
003fe9f4    ffa7 (003fe9c0)     _IQ29mpyRndSatTable

003fea00    ffa8 (003fea00)     _IQ28mpyRndSatTable
003fea0c    ffa8 (003fea00)     _IQ27mpyRndSatTable
003fea18    ffa8 (003fea00)     _IQ26mpyRndSatTable
003fea24    ffa8 (003fea00)     _IQ25mpyRndSatTable
003fea30    ffa8 (003fea00)     _IQ24mpyRndSatTable
003fea3c    ffa8 (003fea00)     _IQ23mpyRndSatTable

003fea48    ffa9 (003fea40)     _IQ22mpyRndSatTable
003fea54    ffa9 (003fea40)     _IQ21mpyRndSatTable
003fea60    ffa9 (003fea40)     _IQ20mpyRndSatTable
003fea6c    ffa9 (003fea40)     _IQ19mpyRndSatTable
003fea78    ffa9 (003fea40)     _IQ18mpyRndSatTable

003fea84    ffaa (003fea80)     _IQ17mpyRndSatTable
003fea90    ffaa (003fea80)     _IQ16mpyRndSatTable
003fea9c    ffaa (003fea80)     _IQ15mpyRndSatTable
003feaa8    ffaa (003fea80)     _IQ14mpyRndSatTable
003feab4    ffaa (003fea80)     _IQ13mpyRndSatTable

003feac0    ffab (003feac0)     _IQ12mpyRndSatTable
003feacc    ffab (003feac0)     _IQ11mpyRndSatTable
003fead8    ffab (003feac0)     _IQ10mpyRndSatTable
003feae4    ffab (003feac0)     _IQ9mpyRndSatTable
003feaf0    ffab (003feac0)     _IQ8mpyRndSatTable
003feafc    ffab (003feac0)     _IQ7mpyRndSatTable

003feb08    ffac (003feb00)     _IQ6mpyRndSatTable
003feb14    ffac (003feb00)     _IQ5mpyRndSatTable
003feb20    ffac (003feb00)     _IQ4mpyRndSatTable
003feb2c    ffac (003feb00)     _IQ3mpyRndSatTable
003feb38    ffac (003feb00)     _IQ2mpyRndSatTable

003feb44    ffad (003feb40)     _IQ1mpyRndSatTable
003feb50    ffad (003feb40)     _IQmpyRndSatTableEnd


GLOBAL SYMBOLS: SORTED ALPHABETICALLY BY Name 

page  address   name                 
----  -------   ----                 
0     0000a000  .text                
0     0000bc63  C$$EXIT              
0     0000b5d5  FD$$ADD              
0     0000bada  FD$$CMP              
0     0000b6fc  FD$$DIV              
0     0000b894  FD$$MPY              
0     0000bd09  FD$$NEG              
0     0000bccc  FD$$SUB              
0     0000bb56  FD$$TOFS             
0     0000bb79  FD$$TOI              
0     0000bb9a  FD$$TOL              
0     0000b787  FS$$DIV              
0     0000bc12  FS$$TOFD             
0     0000bbf5  I$$TOFD              
0     0000bb04  L$$DIV               
0     0000bb13  L$$MOD               
0     0000bc2e  L$$TOFD              
0     0000bc7c  LL$$AND              
0     0000bbb9  LL$$CMP              
0     0000b2d9  LL$$DIV              
0     0000b315  LL$$MOD              
0     0000bc84  LL$$OR               
0     0000bc8c  LL$$XOR              
0     0000bb21  UL$$DIV              
0     0000bb28  UL$$MOD              
0     0000bbcb  ULL$$CMP             
0     0000b34f  ULL$$DIV             
0     0000b37e  ULL$$MOD             
0     0000bcbb  ULL$$TOFS            
1     0000c010  _CpuTimer0           
1     00000c00  _CpuTimer0Regs       
1     0000c000  _CpuTimer1           
1     00000c08  _CpuTimer1Regs       
1     0000c008  _CpuTimer2           
1     00000c10  _CpuTimer2Regs       
1     0033fff8  _CsmPwl              
1     00000ae0  _CsmRegs             
0     0000b4cb  _CsmUnlock           
0     0000af4e  _DATALOG_ISR         
0     0000af44  _DINTCH1_ISR         
0     0000af3a  _DINTCH2_ISR         
0     0000af30  _DINTCH3_ISR         
0     0000af26  _DINTCH4_ISR         
0     0000af1c  _DINTCH5_ISR         
0     0000af12  _DINTCH6_ISR         
0     0000bd22  _DSP28x_DisableInt   
0     0000bd26  _DSP28x_RestoreInt   
0     0000803e  _DSP28x_usDelay      
1     00000880  _DevEmuRegs          
0     0000b3ea  _DisableDog          
1     00001000  _DmaRegs             
0     0000af08  _ECAN0INTA_ISR       
0     0000aefe  _ECAN0INTB_ISR       
0     0000aef4  _ECAN1INTA_ISR       
0     0000aeea  _ECAN1INTB_ISR       
0     0000aee0  _ECAP1_INT_ISR       
0     0000aed6  _ECAP2_INT_ISR       
0     0000aecc  _ECAP3_INT_ISR       
0     0000aec2  _ECAP4_INT_ISR       
0     0000aeb8  _ECAP5_INT_ISR       
0     0000aeae  _ECAP6_INT_ISR       
1     00006040  _ECanaLAMRegs        
1     000060c0  _ECanaMOTORegs       
1     00006080  _ECanaMOTSRegs       
1     00006100  _ECanaMboxes         
1     00006000  _ECanaRegs           
1     00006240  _ECanbLAMRegs        
1     000062c0  _ECanbMOTORegs       
1     00006280  _ECanbMOTSRegs       
1     00006300  _ECanbMboxes         
1     00006200  _ECanbRegs           
1     00006a00  _ECap1Regs           
1     00006a20  _ECap2Regs           
1     00006a40  _ECap3Regs           
1     00006a60  _ECap4Regs           
1     00006a80  _ECap5Regs           
1     00006aa0  _ECap6Regs           
0     0000aea4  _EMUINT_ISR          
0     0000ae9a  _EPWM1_INT_ISR       
0     0000ae90  _EPWM1_TZINT_ISR     
0     0000ae86  _EPWM2_INT_ISR       
0     0000ae7c  _EPWM2_TZINT_ISR     
0     0000ae72  _EPWM3_INT_ISR       
0     0000ae68  _EPWM3_TZINT_ISR     
0     0000ae5e  _EPWM4_INT_ISR       
0     0000ae54  _EPWM4_TZINT_ISR     
0     0000ae4a  _EPWM5_INT_ISR       
0     0000ae40  _EPWM5_TZINT_ISR     
0     0000ae36  _EPWM6_INT_ISR       
0     0000ae2c  _EPWM6_TZINT_ISR     
0     0000ae22  _EPWM7_INT_ISR       
0     0000ae18  _EPWM7_TZINT_ISR     
0     0000ae0e  _EPWM8_INT_ISR       
0     0000ae04  _EPWM8_TZINT_ISR     
0     0000adfa  _EPWM9_INT_ISR       
0     0000adf0  _EPWM9_TZINT_ISR     
1     00006800  _EPwm1Regs           
1     00006840  _EPwm2Regs           
1     00006880  _EPwm3Regs           
1     000068c0  _EPwm4Regs           
1     00006900  _EPwm5Regs           
1     00006940  _EPwm6Regs           
1     00006980  _EPwm7Regs           
1     000069c0  _EPwm8Regs           
1     00006600  _EPwm9Regs           
0     0000b84c  _EPwmSetup           
0     0000b80f  _EPwmSetup2          
0     0000ade6  _EQEP1_INT_ISR       
0     0000addc  _EQEP2_INT_ISR       
0     0000add2  _EQEP3_INT_ISR       
1     00006b00  _EQep1Regs           
1     00006b40  _EQep2Regs           
1     00006b80  _EQep3Regs           
0     0000bb4d  _EnableInterrupts    
1     0000c039  _ErrorCount          
0     0000b93f  _FREQCAL_Calc        
0     0000b917  _FREQCAL_Init        
1     00006f80  _GpioCtrlRegs        
1     00006fc0  _GpioDataRegs        
1     00006fe0  _GpioIntRegs         
0     0000adc8  _I2CINT1A_ISR        
0     0000adbe  _I2CINT2A_ISR        
1     00007900  _I2caRegs            
0     0000adb4  _ILLEGAL_ISR         
0     0000adaa  _INT13_ISR           
0     0000ada0  _INT14_ISR           
0     003fead8  _IQ10mpyRndSatTable  
0     003feacc  _IQ11mpyRndSatTable  
0     003feac0  _IQ12mpyRndSatTable  
0     003feab4  _IQ13mpyRndSatTable  
0     003feaa8  _IQ14mpyRndSatTable  
0     003fea9c  _IQ15mpyRndSatTable  
0     003fea90  _IQ16mpyRndSatTable  
0     003fea84  _IQ17mpyRndSatTable  
0     003fea78  _IQ18mpyRndSatTable  
0     003fea6c  _IQ19mpyRndSatTable  
0     003feb44  _IQ1mpyRndSatTable   
0     003fea60  _IQ20mpyRndSatTable  
0     003fea54  _IQ21mpyRndSatTable  
0     003fea48  _IQ22mpyRndSatTable  
0     003fea3c  _IQ23mpyRndSatTable  
0     003fea30  _IQ24mpyRndSatTable  
0     003fea24  _IQ25mpyRndSatTable  
0     003fea18  _IQ26mpyRndSatTable  
0     003fea0c  _IQ27mpyRndSatTable  
0     003fea00  _IQ28mpyRndSatTable  
0     003fe9f4  _IQ29mpyRndSatTable  
0     003feb38  _IQ2mpyRndSatTable   
0     003fe9e8  _IQ30mpyRndSatTable  
0     003feb2c  _IQ3mpyRndSatTable   
0     003feb20  _IQ4mpyRndSatTable   
0     003feb14  _IQ5mpyRndSatTable   
0     003feb08  _IQ6mpyRndSatTable   
0     003feafc  _IQ7mpyRndSatTable   
0     003feaf0  _IQ8mpyRndSatTable   
0     003feae4  _IQ9mpyRndSatTable   
0     003fe824  _IQatan2HalfPITable  
0     003fe862  _IQatan2Table        
0     003fe9e8  _IQatan2TableEnd     
0     003fe100  _IQcosTable          
0     003fe502  _IQcosTableEnd       
0     003fe502  _IQdivRoundSatTable  
0     003fe510  _IQdivTable          
0     003fe712  _IQdivTableEnd       
0     003fe712  _IQisqrtRoundSatTable
0     003fe722  _IQisqrtTable        
0     003fe824  _IQisqrtTableEnd     
0     003fe9e8  _IQmpyRndSatTable    
0     003feb50  _IQmpyRndSatTableEnd 
0     003fe000  _IQsinTable          
0     003fe400  _IQsinTableEnd       
0     003fe712  _IQsqrtRoundSatTable 
0     003fe722  _IQsqrtTable         
0     003fe824  _IQsqrtTableEnd      
0     0000b2d8  _InitEPwm            
0     0000b204  _InitEPwm1Gpio       
0     0000b21a  _InitEPwm2Gpio       
0     0000b230  _InitEPwm3Gpio       
0     0000b248  _InitEPwm4Gpio       
0     0000b260  _InitEPwm5Gpio       
0     0000b276  _InitEPwm6Gpio       
0     0000b28c  _InitEPwm7Gpio       
0     0000b29f  _InitEPwm8Gpio       
0     0000b2b2  _InitEPwm9Gpio       
0     0000b2c5  _InitEPwmGpio        
0     0000b1e9  _InitEPwmSyncGpio    
0     0000b6fb  _InitEQep            
0     0000b671  _InitEQep1Gpio       
0     0000b6a0  _InitEQep2Gpio       
0     0000b6cb  _InitEQep3Gpio       
0     0000b6f4  _InitEQepGpio        
0     0000b455  _InitPeripheralClocks
0     0000bb2e  _InitPieCtrl         
0     0000bcaa  _InitPieVectTable    
0     0000b3f2  _InitPll             
0     0000b9cc  _InitSci             
0     0000b9c5  _InitSciGpio         
0     0000b9aa  _InitSciaGpio        
0     0000b991  _InitScibGpio        
0     0000b974  _InitScicGpio        
0     0000b4c2  _InitSysCtrl         
0     0000b1ac  _InitTzGpio          
0     0000ad96  _LUF_ISR             
0     0000ad8c  _LVF_ISR             
1     0000c038  _LoopCount           
0     0000ad82  _MRINTA_ISR          
0     0000ad78  _MRINTB_ISR          
0     0000ad6e  _MXINTA_ISR          
0     0000ad64  _MXINTB_ISR          
1     00005000  _McbspaRegs          
1     00005040  _McbspbRegs          
0     0000ad5a  _NMI_ISR             
0     0000ad50  _PIE_RESERVED        
1     00000ce0  _PieCtrlRegs         
1     00000d00  _PieVectTable        
1     0000e298  _PieVectTableInit    
0     0000ad46  _RTOSINT_ISR         
0     0000ad3c  _SCIRXINTA_ISR       
0     0000ad32  _SCIRXINTB_ISR       
0     0000ad28  _SCIRXINTC_ISR       
0     0000ad1e  _SCITXINTA_ISR       
0     0000ad14  _SCITXINTB_ISR       
0     0000ad0a  _SCITXINTC_ISR       
0     0000ad00  _SPIRXINTA_ISR       
0     0000acf6  _SPIRXINTD_ISR       
0     0000acec  _SPITXINTA_ISR       
0     0000ace2  _SPITXINTD_ISR       
1     00007050  _SciaRegs            
1     00007750  _ScibRegs            
1     00007770  _ScicRegs            
0     0000b3e0  _ServiceDog          
0     0000bd2e  _SetDBGIER           
1     00007040  _SpiaRegs            
1     00007780  _SpidRegs            
1     00007010  _SysCtrlRegs         
0     0000acd8  _TINT0_ISR           
0     0000acce  _USER10_ISR          
0     0000acc4  _USER11_ISR          
0     0000acba  _USER12_ISR          
0     0000acb0  _USER1_ISR           
0     0000aca6  _USER2_ISR           
0     0000ac9c  _USER3_ISR           
0     0000ac92  _USER4_ISR           
0     0000ac88  _USER5_ISR           
0     0000ac7e  _USER6_ISR           
0     0000ac74  _USER7_ISR           
0     0000ac6a  _USER8_ISR           
0     0000ac60  _USER9_ISR           
0     0000ac56  _WAKEINT_ISR         
0     0000ac4c  _XINT1_ISR           
0     0000ac42  _XINT2_ISR           
0     0000ac38  _XINT3_ISR           
0     0000ac2e  _XINT4_ISR           
0     0000ac24  _XINT5_ISR           
0     0000ac1a  _XINT6_ISR           
0     0000ac10  _XINT7_ISR           
1     00007070  _XIntruptRegs        
1     00000b20  _XintfRegs           
0     0000bd31  __IQ24div            
1     00000700  __STACK_END          
abs   00000300  __STACK_SIZE         
1     0000c030  ___TI_cleanup_ptr    
1     0000c032  ___TI_dtors_ptr      
0     0000ab01  ___TI_printfi        
abs   ffffffff  ___binit__           
abs   ffffffff  ___c_args__          
0     00008000  ___cinit__           
0     0000bd31  ___etext__           
abs   ffffffff  ___pinit__           
0     0000a000  ___text__            
0     0000bc4a  __args_main          
1     0000e197  __ctypes_            
1     0000c034  __lock               
0     0000bd08  __nop                
0     0000bd04  __register_lock      
0     0000bd00  __register_unlock    
1     00000400  __stack              
1     0000c036  __unlock             
0     0000bc63  _abort               
0     0000ba47  _atoi                
0     0000b9cd  _c_int00             
1     0000c03a  _errno               
0     0000af9a  _evalRotaryEnc       
0     0000af58  _evalpwmClk          
0     0000bc65  _exit                
1     0000c022  _freq                
0     0000bc94  _frexp               
0     0000b51b  _gpioSetup           
1     0000c018  _inv                 
0     0000ba13  _ldexp               
0     0000baac  _ltoa                
0     0000b115  _main                
0     0000bcda  _memccpy             
0     0000bbd7  _memcpy              
0     0000bce8  _memset              
1     0000c01c  _msg                 
1     0000c01e  _pwmClk              
1     0000c019  _rotaryAPos          
1     0000c01a  _rotaryBPos          
0     0000ac06  _rsvd_ISR            
0     0000b509  _scia_echoback_init  
0     0000b501  _scia_fifo_init      
0     0000b4f3  _scia_get_char       
0     0000b4ec  _scia_msg            
0     0000b4e5  _scia_xmit           
0     0000ba7a  _sprintf             
0     0000bcf4  _strchr              
0     0000bd29  _strcpy              
0     0000bd1a  _strlen              
abs   ffffffff  binit                
0     00008000  cinit                
0     00000000  code_start           
0     0000bd31  etext                
abs   ffffffff  pinit                


GLOBAL SYMBOLS: SORTED BY Symbol Address 

page  address   name                 
----  -------   ----                 
0     00000000  code_start           
0     00008000  ___cinit__           
0     00008000  cinit                
0     0000803e  _DSP28x_usDelay      
0     0000a000  .text                
0     0000a000  ___text__            
0     0000ab01  ___TI_printfi        
0     0000ac06  _rsvd_ISR            
0     0000ac10  _XINT7_ISR           
0     0000ac1a  _XINT6_ISR           
0     0000ac24  _XINT5_ISR           
0     0000ac2e  _XINT4_ISR           
0     0000ac38  _XINT3_ISR           
0     0000ac42  _XINT2_ISR           
0     0000ac4c  _XINT1_ISR           
0     0000ac56  _WAKEINT_ISR         
0     0000ac60  _USER9_ISR           
0     0000ac6a  _USER8_ISR           
0     0000ac74  _USER7_ISR           
0     0000ac7e  _USER6_ISR           
0     0000ac88  _USER5_ISR           
0     0000ac92  _USER4_ISR           
0     0000ac9c  _USER3_ISR           
0     0000aca6  _USER2_ISR           
0     0000acb0  _USER1_ISR           
0     0000acba  _USER12_ISR          
0     0000acc4  _USER11_ISR          
0     0000acce  _USER10_ISR          
0     0000acd8  _TINT0_ISR           
0     0000ace2  _SPITXINTD_ISR       
0     0000acec  _SPITXINTA_ISR       
0     0000acf6  _SPIRXINTD_ISR       
0     0000ad00  _SPIRXINTA_ISR       
0     0000ad0a  _SCITXINTC_ISR       
0     0000ad14  _SCITXINTB_ISR       
0     0000ad1e  _SCITXINTA_ISR       
0     0000ad28  _SCIRXINTC_ISR       
0     0000ad32  _SCIRXINTB_ISR       
0     0000ad3c  _SCIRXINTA_ISR       
0     0000ad46  _RTOSINT_ISR         
0     0000ad50  _PIE_RESERVED        
0     0000ad5a  _NMI_ISR             
0     0000ad64  _MXINTB_ISR          
0     0000ad6e  _MXINTA_ISR          
0     0000ad78  _MRINTB_ISR          
0     0000ad82  _MRINTA_ISR          
0     0000ad8c  _LVF_ISR             
0     0000ad96  _LUF_ISR             
0     0000ada0  _INT14_ISR           
0     0000adaa  _INT13_ISR           
0     0000adb4  _ILLEGAL_ISR         
0     0000adbe  _I2CINT2A_ISR        
0     0000adc8  _I2CINT1A_ISR        
0     0000add2  _EQEP3_INT_ISR       
0     0000addc  _EQEP2_INT_ISR       
0     0000ade6  _EQEP1_INT_ISR       
0     0000adf0  _EPWM9_TZINT_ISR     
0     0000adfa  _EPWM9_INT_ISR       
0     0000ae04  _EPWM8_TZINT_ISR     
0     0000ae0e  _EPWM8_INT_ISR       
0     0000ae18  _EPWM7_TZINT_ISR     
0     0000ae22  _EPWM7_INT_ISR       
0     0000ae2c  _EPWM6_TZINT_ISR     
0     0000ae36  _EPWM6_INT_ISR       
0     0000ae40  _EPWM5_TZINT_ISR     
0     0000ae4a  _EPWM5_INT_ISR       
0     0000ae54  _EPWM4_TZINT_ISR     
0     0000ae5e  _EPWM4_INT_ISR       
0     0000ae68  _EPWM3_TZINT_ISR     
0     0000ae72  _EPWM3_INT_ISR       
0     0000ae7c  _EPWM2_TZINT_ISR     
0     0000ae86  _EPWM2_INT_ISR       
0     0000ae90  _EPWM1_TZINT_ISR     
0     0000ae9a  _EPWM1_INT_ISR       
0     0000aea4  _EMUINT_ISR          
0     0000aeae  _ECAP6_INT_ISR       
0     0000aeb8  _ECAP5_INT_ISR       
0     0000aec2  _ECAP4_INT_ISR       
0     0000aecc  _ECAP3_INT_ISR       
0     0000aed6  _ECAP2_INT_ISR       
0     0000aee0  _ECAP1_INT_ISR       
0     0000aeea  _ECAN1INTB_ISR       
0     0000aef4  _ECAN1INTA_ISR       
0     0000aefe  _ECAN0INTB_ISR       
0     0000af08  _ECAN0INTA_ISR       
0     0000af12  _DINTCH6_ISR         
0     0000af1c  _DINTCH5_ISR         
0     0000af26  _DINTCH4_ISR         
0     0000af30  _DINTCH3_ISR         
0     0000af3a  _DINTCH2_ISR         
0     0000af44  _DINTCH1_ISR         
0     0000af4e  _DATALOG_ISR         
0     0000af58  _evalpwmClk          
0     0000af9a  _evalRotaryEnc       
0     0000b115  _main                
0     0000b1ac  _InitTzGpio          
0     0000b1e9  _InitEPwmSyncGpio    
0     0000b204  _InitEPwm1Gpio       
0     0000b21a  _InitEPwm2Gpio       
0     0000b230  _InitEPwm3Gpio       
0     0000b248  _InitEPwm4Gpio       
0     0000b260  _InitEPwm5Gpio       
0     0000b276  _InitEPwm6Gpio       
0     0000b28c  _InitEPwm7Gpio       
0     0000b29f  _InitEPwm8Gpio       
0     0000b2b2  _InitEPwm9Gpio       
0     0000b2c5  _InitEPwmGpio        
0     0000b2d8  _InitEPwm            
0     0000b2d9  LL$$DIV              
0     0000b315  LL$$MOD              
0     0000b34f  ULL$$DIV             
0     0000b37e  ULL$$MOD             
0     0000b3e0  _ServiceDog          
0     0000b3ea  _DisableDog          
0     0000b3f2  _InitPll             
0     0000b455  _InitPeripheralClocks
0     0000b4c2  _InitSysCtrl         
0     0000b4cb  _CsmUnlock           
0     0000b4e5  _scia_xmit           
0     0000b4ec  _scia_msg            
0     0000b4f3  _scia_get_char       
0     0000b501  _scia_fifo_init      
0     0000b509  _scia_echoback_init  
0     0000b51b  _gpioSetup           
0     0000b5d5  FD$$ADD              
0     0000b671  _InitEQep1Gpio       
0     0000b6a0  _InitEQep2Gpio       
0     0000b6cb  _InitEQep3Gpio       
0     0000b6f4  _InitEQepGpio        
0     0000b6fb  _InitEQep            
0     0000b6fc  FD$$DIV              
0     0000b787  FS$$DIV              
0     0000b80f  _EPwmSetup2          
0     0000b84c  _EPwmSetup           
0     0000b894  FD$$MPY              
0     0000b917  _FREQCAL_Init        
0     0000b93f  _FREQCAL_Calc        
0     0000b974  _InitScicGpio        
0     0000b991  _InitScibGpio        
0     0000b9aa  _InitSciaGpio        
0     0000b9c5  _InitSciGpio         
0     0000b9cc  _InitSci             
0     0000b9cd  _c_int00             
0     0000ba13  _ldexp               
0     0000ba47  _atoi                
0     0000ba7a  _sprintf             
0     0000baac  _ltoa                
0     0000bada  FD$$CMP              
0     0000bb04  L$$DIV               
0     0000bb13  L$$MOD               
0     0000bb21  UL$$DIV              
0     0000bb28  UL$$MOD              
0     0000bb2e  _InitPieCtrl         
0     0000bb4d  _EnableInterrupts    
0     0000bb56  FD$$TOFS             
0     0000bb79  FD$$TOI              
0     0000bb9a  FD$$TOL              
0     0000bbb9  LL$$CMP              
0     0000bbcb  ULL$$CMP             
0     0000bbd7  _memcpy              
0     0000bbf5  I$$TOFD              
0     0000bc12  FS$$TOFD             
0     0000bc2e  L$$TOFD              
0     0000bc4a  __args_main          
0     0000bc63  C$$EXIT              
0     0000bc63  _abort               
0     0000bc65  _exit                
0     0000bc7c  LL$$AND              
0     0000bc84  LL$$OR               
0     0000bc8c  LL$$XOR              
0     0000bc94  _frexp               
0     0000bcaa  _InitPieVectTable    
0     0000bcbb  ULL$$TOFS            
0     0000bccc  FD$$SUB              
0     0000bcda  _memccpy             
0     0000bce8  _memset              
0     0000bcf4  _strchr              
0     0000bd00  __register_unlock    
0     0000bd04  __register_lock      
0     0000bd08  __nop                
0     0000bd09  FD$$NEG              
0     0000bd1a  _strlen              
0     0000bd22  _DSP28x_DisableInt   
0     0000bd26  _DSP28x_RestoreInt   
0     0000bd29  _strcpy              
0     0000bd2e  _SetDBGIER           
0     0000bd31  __IQ24div            
0     0000bd31  ___etext__           
0     0000bd31  etext                
0     003fe000  _IQsinTable          
0     003fe100  _IQcosTable          
0     003fe400  _IQsinTableEnd       
0     003fe502  _IQcosTableEnd       
0     003fe502  _IQdivRoundSatTable  
0     003fe510  _IQdivTable          
0     003fe712  _IQdivTableEnd       
0     003fe712  _IQisqrtRoundSatTable
0     003fe712  _IQsqrtRoundSatTable 
0     003fe722  _IQisqrtTable        
0     003fe722  _IQsqrtTable         
0     003fe824  _IQatan2HalfPITable  
0     003fe824  _IQisqrtTableEnd     
0     003fe824  _IQsqrtTableEnd      
0     003fe862  _IQatan2Table        
0     003fe9e8  _IQ30mpyRndSatTable  
0     003fe9e8  _IQatan2TableEnd     
0     003fe9e8  _IQmpyRndSatTable    
0     003fe9f4  _IQ29mpyRndSatTable  
0     003fea00  _IQ28mpyRndSatTable  
0     003fea0c  _IQ27mpyRndSatTable  
0     003fea18  _IQ26mpyRndSatTable  
0     003fea24  _IQ25mpyRndSatTable  
0     003fea30  _IQ24mpyRndSatTable  
0     003fea3c  _IQ23mpyRndSatTable  
0     003fea48  _IQ22mpyRndSatTable  
0     003fea54  _IQ21mpyRndSatTable  
0     003fea60  _IQ20mpyRndSatTable  
0     003fea6c  _IQ19mpyRndSatTable  
0     003fea78  _IQ18mpyRndSatTable  
0     003fea84  _IQ17mpyRndSatTable  
0     003fea90  _IQ16mpyRndSatTable  
0     003fea9c  _IQ15mpyRndSatTable  
0     003feaa8  _IQ14mpyRndSatTable  
0     003feab4  _IQ13mpyRndSatTable  
0     003feac0  _IQ12mpyRndSatTable  
0     003feacc  _IQ11mpyRndSatTable  
0     003fead8  _IQ10mpyRndSatTable  
0     003feae4  _IQ9mpyRndSatTable   
0     003feaf0  _IQ8mpyRndSatTable   
0     003feafc  _IQ7mpyRndSatTable   
0     003feb08  _IQ6mpyRndSatTable   
0     003feb14  _IQ5mpyRndSatTable   
0     003feb20  _IQ4mpyRndSatTable   
0     003feb2c  _IQ3mpyRndSatTable   
0     003feb38  _IQ2mpyRndSatTable   
0     003feb44  _IQ1mpyRndSatTable   
0     003feb50  _IQmpyRndSatTableEnd 
1     00000400  __stack              
1     00000700  __STACK_END          
1     00000880  _DevEmuRegs          
1     00000ae0  _CsmRegs             
1     00000b20  _XintfRegs           
1     00000c00  _CpuTimer0Regs       
1     00000c08  _CpuTimer1Regs       
1     00000c10  _CpuTimer2Regs       
1     00000ce0  _PieCtrlRegs         
1     00000d00  _PieVectTable        
1     00001000  _DmaRegs             
1     00005000  _McbspaRegs          
1     00005040  _McbspbRegs          
1     00006000  _ECanaRegs           
1     00006040  _ECanaLAMRegs        
1     00006080  _ECanaMOTSRegs       
1     000060c0  _ECanaMOTORegs       
1     00006100  _ECanaMboxes         
1     00006200  _ECanbRegs           
1     00006240  _ECanbLAMRegs        
1     00006280  _ECanbMOTSRegs       
1     000062c0  _ECanbMOTORegs       
1     00006300  _ECanbMboxes         
1     00006600  _EPwm9Regs           
1     00006800  _EPwm1Regs           
1     00006840  _EPwm2Regs           
1     00006880  _EPwm3Regs           
1     000068c0  _EPwm4Regs           
1     00006900  _EPwm5Regs           
1     00006940  _EPwm6Regs           
1     00006980  _EPwm7Regs           
1     000069c0  _EPwm8Regs           
1     00006a00  _ECap1Regs           
1     00006a20  _ECap2Regs           
1     00006a40  _ECap3Regs           
1     00006a60  _ECap4Regs           
1     00006a80  _ECap5Regs           
1     00006aa0  _ECap6Regs           
1     00006b00  _EQep1Regs           
1     00006b40  _EQep2Regs           
1     00006b80  _EQep3Regs           
1     00006f80  _GpioCtrlRegs        
1     00006fc0  _GpioDataRegs        
1     00006fe0  _GpioIntRegs         
1     00007010  _SysCtrlRegs         
1     00007040  _SpiaRegs            
1     00007050  _SciaRegs            
1     00007070  _XIntruptRegs        
1     00007750  _ScibRegs            
1     00007770  _ScicRegs            
1     00007780  _SpidRegs            
1     00007900  _I2caRegs            
1     0000c000  _CpuTimer1           
1     0000c008  _CpuTimer2           
1     0000c010  _CpuTimer0           
1     0000c018  _inv                 
1     0000c019  _rotaryAPos          
1     0000c01a  _rotaryBPos          
1     0000c01c  _msg                 
1     0000c01e  _pwmClk              
1     0000c022  _freq                
1     0000c030  ___TI_cleanup_ptr    
1     0000c032  ___TI_dtors_ptr      
1     0000c034  __lock               
1     0000c036  __unlock             
1     0000c038  _LoopCount           
1     0000c039  _ErrorCount          
1     0000c03a  _errno               
1     0000e197  __ctypes_            
1     0000e298  _PieVectTableInit    
1     0033fff8  _CsmPwl              
abs   00000300  __STACK_SIZE         
abs   ffffffff  ___binit__           
abs   ffffffff  ___c_args__          
abs   ffffffff  ___pinit__           
abs   ffffffff  binit                
abs   ffffffff  pinit                

[314 symbols]
