******************************************************************************
             TMS320C2000 Linker PC v6.2.7                      
******************************************************************************
>> Linked Wed Apr 15 11:06:02 2015

OUTPUT FILE NAME:   <MyOwnTest.out>
ENTRY POINT SYMBOL: "_c_int00"  address: 0000a762


MEMORY CONFIGURATION

         name            origin    length      used     unused   attr    fill
----------------------  --------  ---------  --------  --------  ----  --------
PAGE 0:
  BEGIN                 00000000   00000002  00000002  00000000  RWIX
  RAMM0                 00000052   000003ae  00000000  000003ae  RWIX
  RAML0                 00008000   00002000  0000001f  00001fe1  RWIX
  RAML1                 0000a000   00002000  0000082e  000017d2  RWIX
  ZONE7A                00200000   0000fc00  00000000  0000fc00  RWIX
  RAMH0                 00300000   00008000  00000000  00008000  RWIX
  RAMH1                 00308000   00008000  00000000  00008000  RWIX
  RAMH2                 00310000   00008000  00000000  00008000  RWIX
  CSM_RSVD              0033ff80   00000076  00000000  00000076  RWIX
  CSM_PWL_PROG          0033fff8   00000008  00000000  00000008  RWIX
  IQTABLES              003fe000   00000b50  00000000  00000b50  RWIX
  IQTABLES2             003feb50   0000008c  00000000  0000008c  RWIX
  FPUTABLES             003febdc   000006a0  00000000  000006a0  RWIX
  BOOTROM               003ff27c   00000d44  00000000  00000d44  RWIX
  RESET                 003fffc0   00000002  00000000  00000002  RWIX

PAGE 1:
  BOOT_RSVD             00000002   00000050  00000000  00000050  RWIX
  RAMM1                 00000400   00000400  00000300  00000100  RWIX
  DEV_EMU               00000880   00000180  000000d0  000000b0  RWIX
  CSM                   00000ae0   00000010  00000010  00000000  RWIX
  XINTF                 00000b20   00000020  0000001e  00000002  RWIX
  CPU_TIMER0            00000c00   00000008  00000008  00000000  RWIX
  CPU_TIMER1            00000c08   00000008  00000008  00000000  RWIX
  CPU_TIMER2            00000c10   00000008  00000008  00000000  RWIX
  PIE_CTRL              00000ce0   00000020  0000001a  00000006  RWIX
  PIE_VECT              00000d00   00000100  00000100  00000000  RWIX
  DMA                   00001000   00000200  000000e0  00000120  RWIX
  MCBSPA                00005000   00000040  00000025  0000001b  RWIX
  MCBSPB                00005040   00000040  00000025  0000001b  RWIX
  ECANA                 00006000   00000040  00000034  0000000c  RWIX
  ECANA_LAM             00006040   00000040  00000040  00000000  RWIX
  ECANA_MOTS            00006080   00000040  00000040  00000000  RWIX
  ECANA_MOTO            000060c0   00000040  00000040  00000000  RWIX
  ECANA_MBOX            00006100   00000100  00000100  00000000  RWIX
  ECANB                 00006200   00000040  00000034  0000000c  RWIX
  ECANB_LAM             00006240   00000040  00000040  00000000  RWIX
  ECANB_MOTS            00006280   00000040  00000040  00000000  RWIX
  ECANB_MOTO            000062c0   00000040  00000040  00000000  RWIX
  ECANB_MBOX            00006300   00000100  00000100  00000000  RWIX
  EPWM9                 00006600   00000022  00000022  00000000  RWIX
  EPWM1                 00006800   00000022  00000022  00000000  RWIX
  EPWM2                 00006840   00000022  00000022  00000000  RWIX
  EPWM3                 00006880   00000022  00000022  00000000  RWIX
  EPWM4                 000068c0   00000022  00000022  00000000  RWIX
  EPWM5                 00006900   00000022  00000022  00000000  RWIX
  EPWM6                 00006940   00000022  00000022  00000000  RWIX
  EPWM7                 00006980   00000022  00000022  00000000  RWIX
  EPWM8                 000069c0   00000022  00000022  00000000  RWIX
  ECAP1                 00006a00   00000020  00000020  00000000  RWIX
  ECAP2                 00006a20   00000020  00000020  00000000  RWIX
  ECAP3                 00006a40   00000020  00000020  00000000  RWIX
  ECAP4                 00006a60   00000020  00000020  00000000  RWIX
  ECAP5                 00006a80   00000020  00000020  00000000  RWIX
  ECAP6                 00006aa0   00000020  00000020  00000000  RWIX
  EQEP1                 00006b00   00000040  00000040  00000000  RWIX
  EQEP2                 00006b40   00000040  00000040  00000000  RWIX
  EQEP3                 00006b80   00000040  00000040  00000000  RWIX
  GPIOCTRL              00006f80   00000040  0000002e  00000012  RWIX
  GPIODAT               00006fc0   00000020  00000020  00000000  RWIX
  GPIOINT               00006fe0   00000020  0000000a  00000016  RWIX
  SYSTEM                00007010   00000021  00000020  00000001  RWIX
  SPIA                  00007040   00000010  00000010  00000000  RWIX
  SCIA                  00007050   00000010  00000010  00000000  RWIX
  XINTRUPT              00007070   00000010  00000010  00000000  RWIX
  SCIB                  00007750   00000010  00000010  00000000  RWIX
  SCIC                  00007770   00000010  00000010  00000000  RWIX
  SPID                  00007780   00000010  00000010  00000000  RWIX
  I2CA                  00007900   00000040  00000022  0000001e  RWIX
  RAML2                 0000c000   00002000  00000022  00001fde  RWIX
  RAML3                 0000e000   00002000  00000100  00001f00  RWIX
  RAML4                 00010000   00002000  00000000  00002000  RWIX
  RAML5                 00012000   00002000  00000000  00002000  RWIX
  RAML6                 00014000   00002000  00000000  00002000  RWIX
  RAML7                 00016000   00002000  00000000  00002000  RWIX
  ZONE7B                0020fc00   00000400  00000000  00000400  RWIX
  RAMH3                 00318000   00008000  00000000  00008000  RWIX
  RAMH4                 00320000   00008000  00000000  00008000  RWIX
  RAMH5                 00328000   00008000  00000000  00008000  RWIX
  CSM_PWL               0033fff8   00000008  00000008  00000000  RWIX


SECTION ALLOCATION MAP

 output                                  attributes/
section   page    origin      length       input sections
--------  ----  ----------  ----------   ----------------
codestart 
*          0    00000000    00000002     
                  00000000    00000002     DSP2834x_CodeStartBranch.obj (codestart)

.pinit     0    00008000    00000000     UNINITIALIZED

.cinit     0    00008000    0000001b     
                  00008000    0000000a     rts2800_fpu32.lib : _lock.obj (.cinit)
                  0000800a    0000000a                       : exit.obj (.cinit)
                  00008014    00000005     main.obj (.cinit)
                  00008019    00000002     --HOLE-- [fill = 0]

ramfuncs   0    0000801b    00000004     
                  0000801b    00000004     DSP2834x_usDelay.obj (ramfuncs)

.text      0    0000a000    0000082e     
                  0000a000    00000352     DSP2834x_DefaultIsr.obj (.text:retain)
                  0000a352    00000159     main.obj (.text)
                  0000a4ab    0000012d     DSP2834x_EPwm.obj (.text)
                  0000a5d8    00000102     DSP2834x_SysCtrl.obj (.text)
                  0000a6da    00000088     rts2800_fpu32.lib : fs_div.obj (.text)
                  0000a762    00000046                       : boot.obj (.text)
                  0000a7a8    00000028     DSP2834x_PieCtrl.obj (.text)
                  0000a7d0    00000019     rts2800_fpu32.lib : args_main.obj (.text)
                  0000a7e9    00000019                       : exit.obj (.text)
                  0000a802    00000011     DSP2834x_PieVect.obj (.text)
                  0000a813    00000009     rts2800_fpu32.lib : _lock.obj (.text)
                  0000a81c    00000008     DSP2834x_CodeStartBranch.obj (.text)
                  0000a824    00000007     DSP2834x_DisInt.obj (.text)
                  0000a82b    00000003     DSP2834x_DBGIER.obj (.text)

csm_rsvd   0    0033ff80    00000000     DSECT

csmpasswds 
*          0    0033fff8    00000000     DSECT

.reset     0    003fffc0    00000002     DSECT
                  003fffc0    00000002     rts2800_fpu32.lib : boot.obj (.reset)

.stack     1    00000400    00000300     UNINITIALIZED
                  00000400    00000300     --HOLE--

DevEmuRegsFile 
*          1    00000880    000000d0     UNINITIALIZED
                  00000880    000000d0     DSP2834x_GlobalVariableDefs.obj (DevEmuRegsFile)

CsmRegsFile 
*          1    00000ae0    00000010     UNINITIALIZED
                  00000ae0    00000010     DSP2834x_GlobalVariableDefs.obj (CsmRegsFile)

XintfRegsFile 
*          1    00000b20    0000001e     UNINITIALIZED
                  00000b20    0000001e     DSP2834x_GlobalVariableDefs.obj (XintfRegsFile)

CpuTimer0RegsFile 
*          1    00000c00    00000008     UNINITIALIZED
                  00000c00    00000008     DSP2834x_GlobalVariableDefs.obj (CpuTimer0RegsFile)

CpuTimer1RegsFile 
*          1    00000c08    00000008     UNINITIALIZED
                  00000c08    00000008     DSP2834x_GlobalVariableDefs.obj (CpuTimer1RegsFile)

CpuTimer2RegsFile 
*          1    00000c10    00000008     UNINITIALIZED
                  00000c10    00000008     DSP2834x_GlobalVariableDefs.obj (CpuTimer2RegsFile)

PieCtrlRegsFile 
*          1    00000ce0    0000001a     UNINITIALIZED
                  00000ce0    0000001a     DSP2834x_GlobalVariableDefs.obj (PieCtrlRegsFile)

PieVectTableFile 
*          1    00000d00    00000100     UNINITIALIZED
                  00000d00    00000100     DSP2834x_GlobalVariableDefs.obj (PieVectTableFile)

DmaRegsFile 
*          1    00001000    000000e0     UNINITIALIZED
                  00001000    000000e0     DSP2834x_GlobalVariableDefs.obj (DmaRegsFile)

McbspaRegsFile 
*          1    00005000    00000025     UNINITIALIZED
                  00005000    00000025     DSP2834x_GlobalVariableDefs.obj (McbspaRegsFile)

McbspbRegsFile 
*          1    00005040    00000025     UNINITIALIZED
                  00005040    00000025     DSP2834x_GlobalVariableDefs.obj (McbspbRegsFile)

ECanaRegsFile 
*          1    00006000    00000034     UNINITIALIZED
                  00006000    00000034     DSP2834x_GlobalVariableDefs.obj (ECanaRegsFile)

ECanaLAMRegsFile 
*          1    00006040    00000040     UNINITIALIZED
                  00006040    00000040     DSP2834x_GlobalVariableDefs.obj (ECanaLAMRegsFile)

ECanaMOTSRegsFile 
*          1    00006080    00000040     UNINITIALIZED
                  00006080    00000040     DSP2834x_GlobalVariableDefs.obj (ECanaMOTSRegsFile)

ECanaMOTORegsFile 
*          1    000060c0    00000040     UNINITIALIZED
                  000060c0    00000040     DSP2834x_GlobalVariableDefs.obj (ECanaMOTORegsFile)

ECanaMboxesFile 
*          1    00006100    00000100     UNINITIALIZED
                  00006100    00000100     DSP2834x_GlobalVariableDefs.obj (ECanaMboxesFile)

ECanbRegsFile 
*          1    00006200    00000034     UNINITIALIZED
                  00006200    00000034     DSP2834x_GlobalVariableDefs.obj (ECanbRegsFile)

ECanbLAMRegsFile 
*          1    00006240    00000040     UNINITIALIZED
                  00006240    00000040     DSP2834x_GlobalVariableDefs.obj (ECanbLAMRegsFile)

ECanbMOTSRegsFile 
*          1    00006280    00000040     UNINITIALIZED
                  00006280    00000040     DSP2834x_GlobalVariableDefs.obj (ECanbMOTSRegsFile)

ECanbMOTORegsFile 
*          1    000062c0    00000040     UNINITIALIZED
                  000062c0    00000040     DSP2834x_GlobalVariableDefs.obj (ECanbMOTORegsFile)

ECanbMboxesFile 
*          1    00006300    00000100     UNINITIALIZED
                  00006300    00000100     DSP2834x_GlobalVariableDefs.obj (ECanbMboxesFile)

EPwm9RegsFile 
*          1    00006600    00000022     UNINITIALIZED
                  00006600    00000022     DSP2834x_GlobalVariableDefs.obj (EPwm9RegsFile)

EPwm1RegsFile 
*          1    00006800    00000022     UNINITIALIZED
                  00006800    00000022     DSP2834x_GlobalVariableDefs.obj (EPwm1RegsFile)

EPwm2RegsFile 
*          1    00006840    00000022     UNINITIALIZED
                  00006840    00000022     DSP2834x_GlobalVariableDefs.obj (EPwm2RegsFile)

EPwm3RegsFile 
*          1    00006880    00000022     UNINITIALIZED
                  00006880    00000022     DSP2834x_GlobalVariableDefs.obj (EPwm3RegsFile)

EPwm4RegsFile 
*          1    000068c0    00000022     UNINITIALIZED
                  000068c0    00000022     DSP2834x_GlobalVariableDefs.obj (EPwm4RegsFile)

EPwm5RegsFile 
*          1    00006900    00000022     UNINITIALIZED
                  00006900    00000022     DSP2834x_GlobalVariableDefs.obj (EPwm5RegsFile)

EPwm6RegsFile 
*          1    00006940    00000022     UNINITIALIZED
                  00006940    00000022     DSP2834x_GlobalVariableDefs.obj (EPwm6RegsFile)

EPwm7RegsFile 
*          1    00006980    00000022     UNINITIALIZED
                  00006980    00000022     DSP2834x_GlobalVariableDefs.obj (EPwm7RegsFile)

EPwm8RegsFile 
*          1    000069c0    00000022     UNINITIALIZED
                  000069c0    00000022     DSP2834x_GlobalVariableDefs.obj (EPwm8RegsFile)

ECap1RegsFile 
*          1    00006a00    00000020     UNINITIALIZED
                  00006a00    00000020     DSP2834x_GlobalVariableDefs.obj (ECap1RegsFile)

ECap2RegsFile 
*          1    00006a20    00000020     UNINITIALIZED
                  00006a20    00000020     DSP2834x_GlobalVariableDefs.obj (ECap2RegsFile)

ECap3RegsFile 
*          1    00006a40    00000020     UNINITIALIZED
                  00006a40    00000020     DSP2834x_GlobalVariableDefs.obj (ECap3RegsFile)

ECap4RegsFile 
*          1    00006a60    00000020     UNINITIALIZED
                  00006a60    00000020     DSP2834x_GlobalVariableDefs.obj (ECap4RegsFile)

ECap5RegsFile 
*          1    00006a80    00000020     UNINITIALIZED
                  00006a80    00000020     DSP2834x_GlobalVariableDefs.obj (ECap5RegsFile)

ECap6RegsFile 
*          1    00006aa0    00000020     UNINITIALIZED
                  00006aa0    00000020     DSP2834x_GlobalVariableDefs.obj (ECap6RegsFile)

EQep1RegsFile 
*          1    00006b00    00000040     UNINITIALIZED
                  00006b00    00000040     DSP2834x_GlobalVariableDefs.obj (EQep1RegsFile)

EQep2RegsFile 
*          1    00006b40    00000040     UNINITIALIZED
                  00006b40    00000040     DSP2834x_GlobalVariableDefs.obj (EQep2RegsFile)

EQep3RegsFile 
*          1    00006b80    00000040     UNINITIALIZED
                  00006b80    00000040     DSP2834x_GlobalVariableDefs.obj (EQep3RegsFile)

GpioCtrlRegsFile 
*          1    00006f80    0000002e     UNINITIALIZED
                  00006f80    0000002e     DSP2834x_GlobalVariableDefs.obj (GpioCtrlRegsFile)

GpioDataRegsFile 
*          1    00006fc0    00000020     UNINITIALIZED
                  00006fc0    00000020     DSP2834x_GlobalVariableDefs.obj (GpioDataRegsFile)

GpioIntRegsFile 
*          1    00006fe0    0000000a     UNINITIALIZED
                  00006fe0    0000000a     DSP2834x_GlobalVariableDefs.obj (GpioIntRegsFile)

SysCtrlRegsFile 
*          1    00007010    00000020     UNINITIALIZED
                  00007010    00000020     DSP2834x_GlobalVariableDefs.obj (SysCtrlRegsFile)

SpiaRegsFile 
*          1    00007040    00000010     UNINITIALIZED
                  00007040    00000010     DSP2834x_GlobalVariableDefs.obj (SpiaRegsFile)

SciaRegsFile 
*          1    00007050    00000010     UNINITIALIZED
                  00007050    00000010     DSP2834x_GlobalVariableDefs.obj (SciaRegsFile)

XIntruptRegsFile 
*          1    00007070    00000010     UNINITIALIZED
                  00007070    00000010     DSP2834x_GlobalVariableDefs.obj (XIntruptRegsFile)

ScibRegsFile 
*          1    00007750    00000010     UNINITIALIZED
                  00007750    00000010     DSP2834x_GlobalVariableDefs.obj (ScibRegsFile)

ScicRegsFile 
*          1    00007770    00000010     UNINITIALIZED
                  00007770    00000010     DSP2834x_GlobalVariableDefs.obj (ScicRegsFile)

SpidRegsFile 
*          1    00007780    00000010     UNINITIALIZED
                  00007780    00000010     DSP2834x_GlobalVariableDefs.obj (SpidRegsFile)

I2caRegsFile 
*          1    00007900    00000022     UNINITIALIZED
                  00007900    00000022     DSP2834x_GlobalVariableDefs.obj (I2caRegsFile)

.ebss      1    0000c000    00000022     UNINITIALIZED
                  0000c000    00000018     DSP2834x_CpuTimers.obj (.ebss)
                  0000c018    00000004     rts2800_fpu32.lib : _lock.obj (.ebss)
                  0000c01c    00000004                       : exit.obj (.ebss)
                  0000c020    00000002     main.obj (.ebss)

.econst    1    0000e000    00000100     
                  0000e000    00000100     DSP2834x_PieVect.obj (.econst)

CsmPwlFile 
*          1    0033fff8    00000008     UNINITIALIZED
                  0033fff8    00000008     DSP2834x_GlobalVariableDefs.obj (CsmPwlFile)


GLOBAL DATA SYMBOLS: SORTED BY DATA PAGE

address     data page           name
--------    ----------------    ----
00000400      10 (00000400)     __stack

00000880      22 (00000880)     _DevEmuRegs

00000ae0      2b (00000ac0)     _CsmRegs

00000b20      2c (00000b00)     _XintfRegs

00000c00      30 (00000c00)     _CpuTimer0Regs
00000c08      30 (00000c00)     _CpuTimer1Regs
00000c10      30 (00000c00)     _CpuTimer2Regs

00000ce0      33 (00000cc0)     _PieCtrlRegs

00000d00      34 (00000d00)     _PieVectTable

00001000      40 (00001000)     _DmaRegs

00005000     140 (00005000)     _McbspaRegs

00005040     141 (00005040)     _McbspbRegs

00006000     180 (00006000)     _ECanaRegs

00006040     181 (00006040)     _ECanaLAMRegs

00006080     182 (00006080)     _ECanaMOTSRegs

000060c0     183 (000060c0)     _ECanaMOTORegs

00006100     184 (00006100)     _ECanaMboxes

00006200     188 (00006200)     _ECanbRegs

00006240     189 (00006240)     _ECanbLAMRegs

00006280     18a (00006280)     _ECanbMOTSRegs

000062c0     18b (000062c0)     _ECanbMOTORegs

00006300     18c (00006300)     _ECanbMboxes

00006600     198 (00006600)     _EPwm9Regs

00006800     1a0 (00006800)     _EPwm1Regs

00006840     1a1 (00006840)     _EPwm2Regs

00006880     1a2 (00006880)     _EPwm3Regs

000068c0     1a3 (000068c0)     _EPwm4Regs

00006900     1a4 (00006900)     _EPwm5Regs

00006940     1a5 (00006940)     _EPwm6Regs

00006980     1a6 (00006980)     _EPwm7Regs

000069c0     1a7 (000069c0)     _EPwm8Regs

00006a00     1a8 (00006a00)     _ECap1Regs
00006a20     1a8 (00006a00)     _ECap2Regs

00006a40     1a9 (00006a40)     _ECap3Regs
00006a60     1a9 (00006a40)     _ECap4Regs

00006a80     1aa (00006a80)     _ECap5Regs
00006aa0     1aa (00006a80)     _ECap6Regs

00006b00     1ac (00006b00)     _EQep1Regs

00006b40     1ad (00006b40)     _EQep2Regs

00006b80     1ae (00006b80)     _EQep3Regs

00006f80     1be (00006f80)     _GpioCtrlRegs

00006fc0     1bf (00006fc0)     _GpioDataRegs
00006fe0     1bf (00006fc0)     _GpioIntRegs

00007010     1c0 (00007000)     _SysCtrlRegs

00007040     1c1 (00007040)     _SpiaRegs
00007050     1c1 (00007040)     _SciaRegs
00007070     1c1 (00007040)     _XIntruptRegs

00007750     1dd (00007740)     _ScibRegs
00007770     1dd (00007740)     _ScicRegs

00007780     1de (00007780)     _SpidRegs

00007900     1e4 (00007900)     _I2caRegs

0000c000     300 (0000c000)     _CpuTimer1
0000c008     300 (0000c000)     _CpuTimer2
0000c010     300 (0000c000)     _CpuTimer0
0000c018     300 (0000c000)     __unlock
0000c01a     300 (0000c000)     __lock
0000c01c     300 (0000c000)     ___TI_cleanup_ptr
0000c01e     300 (0000c000)     ___TI_dtors_ptr
0000c020     300 (0000c000)     _pwmClk

0000e000     380 (0000e000)     _PieVectTableInit

0033fff8    cfff (0033ffc0)     _CsmPwl


GLOBAL SYMBOLS: SORTED ALPHABETICALLY BY Name 

address    name
--------   ----
0000a000   .text
0000a7e9   C$$EXIT
0000a6da   FS$$DIV
0000c010   _CpuTimer0
00000c00   _CpuTimer0Regs
0000c000   _CpuTimer1
00000c08   _CpuTimer1Regs
0000c008   _CpuTimer2
00000c10   _CpuTimer2Regs
0033fff8   _CsmPwl
00000ae0   _CsmRegs
0000a6c0   _CsmUnlock
0000a348   _DATALOG_ISR
0000a33e   _DINTCH1_ISR
0000a334   _DINTCH2_ISR
0000a32a   _DINTCH3_ISR
0000a320   _DINTCH4_ISR
0000a316   _DINTCH5_ISR
0000a30c   _DINTCH6_ISR
0000a824   _DSP28x_DisableInt
0000a828   _DSP28x_RestoreInt
0000801b   _DSP28x_usDelay
00000880   _DevEmuRegs
0000a5e2   _DisableDog
00001000   _DmaRegs
0000a302   _ECAN0INTA_ISR
0000a2f8   _ECAN0INTB_ISR
0000a2ee   _ECAN1INTA_ISR
0000a2e4   _ECAN1INTB_ISR
0000a2da   _ECAP1_INT_ISR
0000a2d0   _ECAP2_INT_ISR
0000a2c6   _ECAP3_INT_ISR
0000a2bc   _ECAP4_INT_ISR
0000a2b2   _ECAP5_INT_ISR
0000a2a8   _ECAP6_INT_ISR
00006040   _ECanaLAMRegs
000060c0   _ECanaMOTORegs
00006080   _ECanaMOTSRegs
00006100   _ECanaMboxes
00006000   _ECanaRegs
00006240   _ECanbLAMRegs
000062c0   _ECanbMOTORegs
00006280   _ECanbMOTSRegs
00006300   _ECanbMboxes
00006200   _ECanbRegs
00006a00   _ECap1Regs
00006a20   _ECap2Regs
00006a40   _ECap3Regs
00006a60   _ECap4Regs
00006a80   _ECap5Regs
00006aa0   _ECap6Regs
0000a29e   _EMUINT_ISR
0000a294   _EPWM1_INT_ISR
0000a28a   _EPWM1_TZINT_ISR
0000a280   _EPWM2_INT_ISR
0000a276   _EPWM2_TZINT_ISR
0000a26c   _EPWM3_INT_ISR
0000a262   _EPWM3_TZINT_ISR
0000a258   _EPWM4_INT_ISR
0000a24e   _EPWM4_TZINT_ISR
0000a244   _EPWM5_INT_ISR
0000a23a   _EPWM5_TZINT_ISR
0000a230   _EPWM6_INT_ISR
0000a226   _EPWM6_TZINT_ISR
0000a21c   _EPWM7_INT_ISR
0000a212   _EPWM7_TZINT_ISR
0000a208   _EPWM8_INT_ISR
0000a1fe   _EPWM8_TZINT_ISR
0000a1f4   _EPWM9_INT_ISR
0000a1ea   _EPWM9_TZINT_ISR
00006800   _EPwm1Regs
00006840   _EPwm2Regs
00006880   _EPwm3Regs
000068c0   _EPwm4Regs
00006900   _EPwm5Regs
00006940   _EPwm6Regs
00006980   _EPwm7Regs
000069c0   _EPwm8Regs
00006600   _EPwm9Regs
0000a3bf   _EPwmSetup
0000a1e0   _EQEP1_INT_ISR
0000a1d6   _EQEP2_INT_ISR
0000a1cc   _EQEP3_INT_ISR
00006b00   _EQep1Regs
00006b40   _EQep2Regs
00006b80   _EQep3Regs
0000a7c7   _EnableInterrupts
00006f80   _GpioCtrlRegs
00006fc0   _GpioDataRegs
00006fe0   _GpioIntRegs
0000a352   _Gpio_select
0000a1c2   _I2CINT1A_ISR
0000a1b8   _I2CINT2A_ISR
00007900   _I2caRegs
0000a1ae   _ILLEGAL_ISR
0000a1a4   _INT13_ISR
0000a19a   _INT14_ISR
0000a5d7   _InitEPwm
0000a503   _InitEPwm1Gpio
0000a519   _InitEPwm2Gpio
0000a52f   _InitEPwm3Gpio
0000a547   _InitEPwm4Gpio
0000a55f   _InitEPwm5Gpio
0000a575   _InitEPwm6Gpio
0000a58b   _InitEPwm7Gpio
0000a59e   _InitEPwm8Gpio
0000a5b1   _InitEPwm9Gpio
0000a5c4   _InitEPwmGpio
0000a4e8   _InitEPwmSyncGpio
0000a64a   _InitPeripheralClocks
0000a7a8   _InitPieCtrl
0000a802   _InitPieVectTable
0000a5ea   _InitPll
0000a6b7   _InitSysCtrl
0000a4ab   _InitTzGpio
0000a190   _LUF_ISR
0000a186   _LVF_ISR
0000a17c   _MRINTA_ISR
0000a172   _MRINTB_ISR
0000a168   _MXINTA_ISR
0000a15e   _MXINTB_ISR
00005000   _McbspaRegs
00005040   _McbspbRegs
0000a154   _NMI_ISR
0000a14a   _PIE_RESERVED
00000ce0   _PieCtrlRegs
00000d00   _PieVectTable
0000e000   _PieVectTableInit
0000a140   _RTOSINT_ISR
0000a136   _SCIRXINTA_ISR
0000a12c   _SCIRXINTB_ISR
0000a122   _SCIRXINTC_ISR
0000a118   _SCITXINTA_ISR
0000a10e   _SCITXINTB_ISR
0000a104   _SCITXINTC_ISR
0000a0fa   _SPIRXINTA_ISR
0000a0f0   _SPIRXINTD_ISR
0000a0e6   _SPITXINTA_ISR
0000a0dc   _SPITXINTD_ISR
00007050   _SciaRegs
00007750   _ScibRegs
00007770   _ScicRegs
0000a5d8   _ServiceDog
0000a82b   _SetDBGIER
00007040   _SpiaRegs
00007780   _SpidRegs
00007010   _SysCtrlRegs
0000a0d2   _TINT0_ISR
0000a0c8   _USER10_ISR
0000a0be   _USER11_ISR
0000a0b4   _USER12_ISR
0000a0aa   _USER1_ISR
0000a0a0   _USER2_ISR
0000a096   _USER3_ISR
0000a08c   _USER4_ISR
0000a082   _USER5_ISR
0000a078   _USER6_ISR
0000a06e   _USER7_ISR
0000a064   _USER8_ISR
0000a05a   _USER9_ISR
0000a050   _WAKEINT_ISR
0000a046   _XINT1_ISR
0000a03c   _XINT2_ISR
0000a032   _XINT3_ISR
0000a028   _XINT4_ISR
0000a01e   _XINT5_ISR
0000a014   _XINT6_ISR
0000a00a   _XINT7_ISR
00007070   _XIntruptRegs
00000b20   _XintfRegs
00000700   __STACK_END
00000300   __STACK_SIZE
00000001   __TI_args_main
0000c01c   ___TI_cleanup_ptr
0000c01e   ___TI_dtors_ptr
ffffffff   ___binit__
ffffffff   ___c_args__
00008000   ___cinit__
0000a82e   ___etext__
ffffffff   ___pinit__
0000a000   ___text__
0000a7d0   __args_main
0000c01a   __lock
0000a81b   __nop
0000a817   __register_lock
0000a813   __register_unlock
00000400   __stack
0000c018   __unlock
0000a7e9   _abort
0000a762   _c_int00
0000a405   _delay_loop2
0000a7eb   _exit
0000a434   _main
0000c020   _pwmClk
0000a000   _rsvd_ISR
ffffffff   binit
00008000   cinit
00000000   code_start
0000a82e   etext
ffffffff   pinit


GLOBAL SYMBOLS: SORTED BY Symbol Address 

address    name
--------   ----
00000000   code_start
00000001   __TI_args_main
00000300   __STACK_SIZE
00000400   __stack
00000700   __STACK_END
00000880   _DevEmuRegs
00000ae0   _CsmRegs
00000b20   _XintfRegs
00000c00   _CpuTimer0Regs
00000c08   _CpuTimer1Regs
00000c10   _CpuTimer2Regs
00000ce0   _PieCtrlRegs
00000d00   _PieVectTable
00001000   _DmaRegs
00005000   _McbspaRegs
00005040   _McbspbRegs
00006000   _ECanaRegs
00006040   _ECanaLAMRegs
00006080   _ECanaMOTSRegs
000060c0   _ECanaMOTORegs
00006100   _ECanaMboxes
00006200   _ECanbRegs
00006240   _ECanbLAMRegs
00006280   _ECanbMOTSRegs
000062c0   _ECanbMOTORegs
00006300   _ECanbMboxes
00006600   _EPwm9Regs
00006800   _EPwm1Regs
00006840   _EPwm2Regs
00006880   _EPwm3Regs
000068c0   _EPwm4Regs
00006900   _EPwm5Regs
00006940   _EPwm6Regs
00006980   _EPwm7Regs
000069c0   _EPwm8Regs
00006a00   _ECap1Regs
00006a20   _ECap2Regs
00006a40   _ECap3Regs
00006a60   _ECap4Regs
00006a80   _ECap5Regs
00006aa0   _ECap6Regs
00006b00   _EQep1Regs
00006b40   _EQep2Regs
00006b80   _EQep3Regs
00006f80   _GpioCtrlRegs
00006fc0   _GpioDataRegs
00006fe0   _GpioIntRegs
00007010   _SysCtrlRegs
00007040   _SpiaRegs
00007050   _SciaRegs
00007070   _XIntruptRegs
00007750   _ScibRegs
00007770   _ScicRegs
00007780   _SpidRegs
00007900   _I2caRegs
00008000   ___cinit__
00008000   cinit
0000801b   _DSP28x_usDelay
0000a000   .text
0000a000   ___text__
0000a000   _rsvd_ISR
0000a00a   _XINT7_ISR
0000a014   _XINT6_ISR
0000a01e   _XINT5_ISR
0000a028   _XINT4_ISR
0000a032   _XINT3_ISR
0000a03c   _XINT2_ISR
0000a046   _XINT1_ISR
0000a050   _WAKEINT_ISR
0000a05a   _USER9_ISR
0000a064   _USER8_ISR
0000a06e   _USER7_ISR
0000a078   _USER6_ISR
0000a082   _USER5_ISR
0000a08c   _USER4_ISR
0000a096   _USER3_ISR
0000a0a0   _USER2_ISR
0000a0aa   _USER1_ISR
0000a0b4   _USER12_ISR
0000a0be   _USER11_ISR
0000a0c8   _USER10_ISR
0000a0d2   _TINT0_ISR
0000a0dc   _SPITXINTD_ISR
0000a0e6   _SPITXINTA_ISR
0000a0f0   _SPIRXINTD_ISR
0000a0fa   _SPIRXINTA_ISR
0000a104   _SCITXINTC_ISR
0000a10e   _SCITXINTB_ISR
0000a118   _SCITXINTA_ISR
0000a122   _SCIRXINTC_ISR
0000a12c   _SCIRXINTB_ISR
0000a136   _SCIRXINTA_ISR
0000a140   _RTOSINT_ISR
0000a14a   _PIE_RESERVED
0000a154   _NMI_ISR
0000a15e   _MXINTB_ISR
0000a168   _MXINTA_ISR
0000a172   _MRINTB_ISR
0000a17c   _MRINTA_ISR
0000a186   _LVF_ISR
0000a190   _LUF_ISR
0000a19a   _INT14_ISR
0000a1a4   _INT13_ISR
0000a1ae   _ILLEGAL_ISR
0000a1b8   _I2CINT2A_ISR
0000a1c2   _I2CINT1A_ISR
0000a1cc   _EQEP3_INT_ISR
0000a1d6   _EQEP2_INT_ISR
0000a1e0   _EQEP1_INT_ISR
0000a1ea   _EPWM9_TZINT_ISR
0000a1f4   _EPWM9_INT_ISR
0000a1fe   _EPWM8_TZINT_ISR
0000a208   _EPWM8_INT_ISR
0000a212   _EPWM7_TZINT_ISR
0000a21c   _EPWM7_INT_ISR
0000a226   _EPWM6_TZINT_ISR
0000a230   _EPWM6_INT_ISR
0000a23a   _EPWM5_TZINT_ISR
0000a244   _EPWM5_INT_ISR
0000a24e   _EPWM4_TZINT_ISR
0000a258   _EPWM4_INT_ISR
0000a262   _EPWM3_TZINT_ISR
0000a26c   _EPWM3_INT_ISR
0000a276   _EPWM2_TZINT_ISR
0000a280   _EPWM2_INT_ISR
0000a28a   _EPWM1_TZINT_ISR
0000a294   _EPWM1_INT_ISR
0000a29e   _EMUINT_ISR
0000a2a8   _ECAP6_INT_ISR
0000a2b2   _ECAP5_INT_ISR
0000a2bc   _ECAP4_INT_ISR
0000a2c6   _ECAP3_INT_ISR
0000a2d0   _ECAP2_INT_ISR
0000a2da   _ECAP1_INT_ISR
0000a2e4   _ECAN1INTB_ISR
0000a2ee   _ECAN1INTA_ISR
0000a2f8   _ECAN0INTB_ISR
0000a302   _ECAN0INTA_ISR
0000a30c   _DINTCH6_ISR
0000a316   _DINTCH5_ISR
0000a320   _DINTCH4_ISR
0000a32a   _DINTCH3_ISR
0000a334   _DINTCH2_ISR
0000a33e   _DINTCH1_ISR
0000a348   _DATALOG_ISR
0000a352   _Gpio_select
0000a3bf   _EPwmSetup
0000a405   _delay_loop2
0000a434   _main
0000a4ab   _InitTzGpio
0000a4e8   _InitEPwmSyncGpio
0000a503   _InitEPwm1Gpio
0000a519   _InitEPwm2Gpio
0000a52f   _InitEPwm3Gpio
0000a547   _InitEPwm4Gpio
0000a55f   _InitEPwm5Gpio
0000a575   _InitEPwm6Gpio
0000a58b   _InitEPwm7Gpio
0000a59e   _InitEPwm8Gpio
0000a5b1   _InitEPwm9Gpio
0000a5c4   _InitEPwmGpio
0000a5d7   _InitEPwm
0000a5d8   _ServiceDog
0000a5e2   _DisableDog
0000a5ea   _InitPll
0000a64a   _InitPeripheralClocks
0000a6b7   _InitSysCtrl
0000a6c0   _CsmUnlock
0000a6da   FS$$DIV
0000a762   _c_int00
0000a7a8   _InitPieCtrl
0000a7c7   _EnableInterrupts
0000a7d0   __args_main
0000a7e9   C$$EXIT
0000a7e9   _abort
0000a7eb   _exit
0000a802   _InitPieVectTable
0000a813   __register_unlock
0000a817   __register_lock
0000a81b   __nop
0000a824   _DSP28x_DisableInt
0000a828   _DSP28x_RestoreInt
0000a82b   _SetDBGIER
0000a82e   ___etext__
0000a82e   etext
0000c000   _CpuTimer1
0000c008   _CpuTimer2
0000c010   _CpuTimer0
0000c018   __unlock
0000c01a   __lock
0000c01c   ___TI_cleanup_ptr
0000c01e   ___TI_dtors_ptr
0000c020   _pwmClk
0000e000   _PieVectTableInit
0033fff8   _CsmPwl
ffffffff   ___binit__
ffffffff   ___c_args__
ffffffff   ___pinit__
ffffffff   binit
ffffffff   pinit

[200 symbols]
