<?xml version="1.0"?>
<link_info>
   <banner>TMS320C2000 Linker PC v6.4.2</banner>
   <copyright>Copyright (c) 1996-2015 Texas Instruments Incorporated</copyright>
   <link_time>0x5593d80d</link_time>
   <link_errors>0x0</link_errors>
   <output_file>TestProgramm.out</output_file>
   <entry_point>
      <name>_c_int00</name>
      <address>0xb9cd</address>
   </entry_point>
   <input_file_list>
      <input_file id="fl-2">
         <path>.\</path>
         <kind>object</kind>
         <file>main.obj</file>
         <name>main.obj</name>
      </input_file>
      <input_file id="fl-3">
         <path>.\Source\</path>
         <kind>object</kind>
         <file>DSP2834x_CodeStartBranch.obj</file>
         <name>DSP2834x_CodeStartBranch.obj</name>
      </input_file>
      <input_file id="fl-4">
         <path>.\Source\</path>
         <kind>object</kind>
         <file>DSP2834x_CpuTimers.obj</file>
         <name>DSP2834x_CpuTimers.obj</name>
      </input_file>
      <input_file id="fl-5">
         <path>.\Source\</path>
         <kind>object</kind>
         <file>DSP2834x_DBGIER.obj</file>
         <name>DSP2834x_DBGIER.obj</name>
      </input_file>
      <input_file id="fl-6">
         <path>.\Source\</path>
         <kind>object</kind>
         <file>DSP2834x_DMA.obj</file>
         <name>DSP2834x_DMA.obj</name>
      </input_file>
      <input_file id="fl-7">
         <path>.\Source\</path>
         <kind>object</kind>
         <file>DSP2834x_DefaultIsr.obj</file>
         <name>DSP2834x_DefaultIsr.obj</name>
      </input_file>
      <input_file id="fl-8">
         <path>.\Source\</path>
         <kind>object</kind>
         <file>DSP2834x_DisInt.obj</file>
         <name>DSP2834x_DisInt.obj</name>
      </input_file>
      <input_file id="fl-9">
         <path>.\Source\</path>
         <kind>object</kind>
         <file>DSP2834x_ECan.obj</file>
         <name>DSP2834x_ECan.obj</name>
      </input_file>
      <input_file id="fl-a">
         <path>.\Source\</path>
         <kind>object</kind>
         <file>DSP2834x_ECap.obj</file>
         <name>DSP2834x_ECap.obj</name>
      </input_file>
      <input_file id="fl-b">
         <path>.\Source\</path>
         <kind>object</kind>
         <file>DSP2834x_EPwm.obj</file>
         <name>DSP2834x_EPwm.obj</name>
      </input_file>
      <input_file id="fl-c">
         <path>.\Source\</path>
         <kind>object</kind>
         <file>DSP2834x_EQep.obj</file>
         <name>DSP2834x_EQep.obj</name>
      </input_file>
      <input_file id="fl-d">
         <path>.\Source\</path>
         <kind>object</kind>
         <file>DSP2834x_GlobalVariableDefs.obj</file>
         <name>DSP2834x_GlobalVariableDefs.obj</name>
      </input_file>
      <input_file id="fl-e">
         <path>.\Source\</path>
         <kind>object</kind>
         <file>DSP2834x_Gpio.obj</file>
         <name>DSP2834x_Gpio.obj</name>
      </input_file>
      <input_file id="fl-f">
         <path>.\Source\</path>
         <kind>object</kind>
         <file>DSP2834x_I2C.obj</file>
         <name>DSP2834x_I2C.obj</name>
      </input_file>
      <input_file id="fl-10">
         <path>.\Source\</path>
         <kind>object</kind>
         <file>DSP2834x_Mcbsp.obj</file>
         <name>DSP2834x_Mcbsp.obj</name>
      </input_file>
      <input_file id="fl-11">
         <path>.\Source\</path>
         <kind>object</kind>
         <file>DSP2834x_MemCopy.obj</file>
         <name>DSP2834x_MemCopy.obj</name>
      </input_file>
      <input_file id="fl-12">
         <path>.\Source\</path>
         <kind>object</kind>
         <file>DSP2834x_PieCtrl.obj</file>
         <name>DSP2834x_PieCtrl.obj</name>
      </input_file>
      <input_file id="fl-13">
         <path>.\Source\</path>
         <kind>object</kind>
         <file>DSP2834x_PieVect.obj</file>
         <name>DSP2834x_PieVect.obj</name>
      </input_file>
      <input_file id="fl-14">
         <path>.\Source\</path>
         <kind>object</kind>
         <file>DSP2834x_Sci.obj</file>
         <name>DSP2834x_Sci.obj</name>
      </input_file>
      <input_file id="fl-15">
         <path>.\Source\</path>
         <kind>object</kind>
         <file>DSP2834x_Spi.obj</file>
         <name>DSP2834x_Spi.obj</name>
      </input_file>
      <input_file id="fl-16">
         <path>.\Source\</path>
         <kind>object</kind>
         <file>DSP2834x_SysCtrl.obj</file>
         <name>DSP2834x_SysCtrl.obj</name>
      </input_file>
      <input_file id="fl-17">
         <path>.\Source\</path>
         <kind>object</kind>
         <file>DSP2834x_Xintf.obj</file>
         <name>DSP2834x_Xintf.obj</name>
      </input_file>
      <input_file id="fl-18">
         <path>.\Source\</path>
         <kind>object</kind>
         <file>DSP2834x_usDelay.obj</file>
         <name>DSP2834x_usDelay.obj</name>
      </input_file>
      <input_file id="fl-19">
         <path>.\Source\</path>
         <kind>object</kind>
         <file>EPWM_handling.obj</file>
         <name>EPWM_handling.obj</name>
      </input_file>
      <input_file id="fl-1a">
         <path>.\Source\</path>
         <kind>object</kind>
         <file>freqcalc.obj</file>
         <name>freqcalc.obj</name>
      </input_file>
      <input_file id="fl-1b">
         <path>.\Source\</path>
         <kind>object</kind>
         <file>own_gpio_setup.obj</file>
         <name>own_gpio_setup.obj</name>
      </input_file>
      <input_file id="fl-22">
         <path>..\</path>
         <kind>archive</kind>
         <file>IQmath_fpu32.lib</file>
         <name>IQ24div.obj</name>
      </input_file>
      <input_file id="fl-23">
         <path>..\</path>
         <kind>archive</kind>
         <file>IQmath_fpu32.lib</file>
         <name>IQmathTables.obj</name>
      </input_file>
      <input_file id="fl-29">
         <path>C:\ti\ccsv6\tools\compiler\ti-cgt-c2000_6.4.2\lib\</path>
         <kind>archive</kind>
         <file>rts2800_fpu32.lib</file>
         <name>boot.obj</name>
      </input_file>
      <input_file id="fl-2a">
         <path>C:\ti\ccsv6\tools\compiler\ti-cgt-c2000_6.4.2\lib\</path>
         <kind>archive</kind>
         <file>rts2800_fpu32.lib</file>
         <name>exit.obj</name>
      </input_file>
      <input_file id="fl-2b">
         <path>C:\ti\ccsv6\tools\compiler\ti-cgt-c2000_6.4.2\lib\</path>
         <kind>archive</kind>
         <file>rts2800_fpu32.lib</file>
         <name>fs_div.obj</name>
      </input_file>
      <input_file id="fl-2c">
         <path>C:\ti\ccsv6\tools\compiler\ti-cgt-c2000_6.4.2\lib\</path>
         <kind>archive</kind>
         <file>rts2800_fpu32.lib</file>
         <name>ll_cmp.obj</name>
      </input_file>
      <input_file id="fl-2d">
         <path>C:\ti\ccsv6\tools\compiler\ti-cgt-c2000_6.4.2\lib\</path>
         <kind>archive</kind>
         <file>rts2800_fpu32.lib</file>
         <name>_lock.obj</name>
      </input_file>
      <input_file id="fl-2e">
         <path>C:\ti\ccsv6\tools\compiler\ti-cgt-c2000_6.4.2\lib\</path>
         <kind>archive</kind>
         <file>rts2800_fpu32.lib</file>
         <name>sprintf.obj</name>
      </input_file>
      <input_file id="fl-2f">
         <path>C:\ti\ccsv6\tools\compiler\ti-cgt-c2000_6.4.2\lib\</path>
         <kind>archive</kind>
         <file>rts2800_fpu32.lib</file>
         <name>ull_tofs.obj</name>
      </input_file>
      <input_file id="fl-30">
         <path>C:\ti\ccsv6\tools\compiler\ti-cgt-c2000_6.4.2\lib\</path>
         <kind>archive</kind>
         <file>rts2800_fpu32.lib</file>
         <name>args_main.obj</name>
      </input_file>
      <input_file id="fl-31">
         <path>C:\ti\ccsv6\tools\compiler\ti-cgt-c2000_6.4.2\lib\</path>
         <kind>archive</kind>
         <file>rts2800_fpu32.lib</file>
         <name>memcpy.obj</name>
      </input_file>
      <input_file id="fl-32">
         <path>C:\ti\ccsv6\tools\compiler\ti-cgt-c2000_6.4.2\lib\</path>
         <kind>archive</kind>
         <file>rts2800_fpu32.lib</file>
         <name>_printfi.obj</name>
      </input_file>
      <input_file id="fl-33">
         <path>C:\ti\ccsv6\tools\compiler\ti-cgt-c2000_6.4.2\lib\</path>
         <kind>archive</kind>
         <file>rts2800_fpu32.lib</file>
         <name>strchr.obj</name>
      </input_file>
      <input_file id="fl-34">
         <path>C:\ti\ccsv6\tools\compiler\ti-cgt-c2000_6.4.2\lib\</path>
         <kind>archive</kind>
         <file>rts2800_fpu32.lib</file>
         <name>strcpy.obj</name>
      </input_file>
      <input_file id="fl-35">
         <path>C:\ti\ccsv6\tools\compiler\ti-cgt-c2000_6.4.2\lib\</path>
         <kind>archive</kind>
         <file>rts2800_fpu32.lib</file>
         <name>strlen.obj</name>
      </input_file>
      <input_file id="fl-36">
         <path>C:\ti\ccsv6\tools\compiler\ti-cgt-c2000_6.4.2\lib\</path>
         <kind>archive</kind>
         <file>rts2800_fpu32.lib</file>
         <name>atoi.obj</name>
      </input_file>
      <input_file id="fl-37">
         <path>C:\ti\ccsv6\tools\compiler\ti-cgt-c2000_6.4.2\lib\</path>
         <kind>archive</kind>
         <file>rts2800_fpu32.lib</file>
         <name>ctype.obj</name>
      </input_file>
      <input_file id="fl-38">
         <path>C:\ti\ccsv6\tools\compiler\ti-cgt-c2000_6.4.2\lib\</path>
         <kind>archive</kind>
         <file>rts2800_fpu32.lib</file>
         <name>fd_cmp.obj</name>
      </input_file>
      <input_file id="fl-39">
         <path>C:\ti\ccsv6\tools\compiler\ti-cgt-c2000_6.4.2\lib\</path>
         <kind>archive</kind>
         <file>rts2800_fpu32.lib</file>
         <name>fd_div.obj</name>
      </input_file>
      <input_file id="fl-3a">
         <path>C:\ti\ccsv6\tools\compiler\ti-cgt-c2000_6.4.2\lib\</path>
         <kind>archive</kind>
         <file>rts2800_fpu32.lib</file>
         <name>fd_mpy.obj</name>
      </input_file>
      <input_file id="fl-3b">
         <path>C:\ti\ccsv6\tools\compiler\ti-cgt-c2000_6.4.2\lib\</path>
         <kind>archive</kind>
         <file>rts2800_fpu32.lib</file>
         <name>fd_neg.obj</name>
      </input_file>
      <input_file id="fl-3c">
         <path>C:\ti\ccsv6\tools\compiler\ti-cgt-c2000_6.4.2\lib\</path>
         <kind>archive</kind>
         <file>rts2800_fpu32.lib</file>
         <name>fd_sub.obj</name>
      </input_file>
      <input_file id="fl-3d">
         <path>C:\ti\ccsv6\tools\compiler\ti-cgt-c2000_6.4.2\lib\</path>
         <kind>archive</kind>
         <file>rts2800_fpu32.lib</file>
         <name>fd_tofs.obj</name>
      </input_file>
      <input_file id="fl-3e">
         <path>C:\ti\ccsv6\tools\compiler\ti-cgt-c2000_6.4.2\lib\</path>
         <kind>archive</kind>
         <file>rts2800_fpu32.lib</file>
         <name>fd_toi.obj</name>
      </input_file>
      <input_file id="fl-3f">
         <path>C:\ti\ccsv6\tools\compiler\ti-cgt-c2000_6.4.2\lib\</path>
         <kind>archive</kind>
         <file>rts2800_fpu32.lib</file>
         <name>fd_tol.obj</name>
      </input_file>
      <input_file id="fl-40">
         <path>C:\ti\ccsv6\tools\compiler\ti-cgt-c2000_6.4.2\lib\</path>
         <kind>archive</kind>
         <file>rts2800_fpu32.lib</file>
         <name>frexp.obj</name>
      </input_file>
      <input_file id="fl-41">
         <path>C:\ti\ccsv6\tools\compiler\ti-cgt-c2000_6.4.2\lib\</path>
         <kind>archive</kind>
         <file>rts2800_fpu32.lib</file>
         <name>fs_tofd.obj</name>
      </input_file>
      <input_file id="fl-42">
         <path>C:\ti\ccsv6\tools\compiler\ti-cgt-c2000_6.4.2\lib\</path>
         <kind>archive</kind>
         <file>rts2800_fpu32.lib</file>
         <name>i_tofd.obj</name>
      </input_file>
      <input_file id="fl-43">
         <path>C:\ti\ccsv6\tools\compiler\ti-cgt-c2000_6.4.2\lib\</path>
         <kind>archive</kind>
         <file>rts2800_fpu32.lib</file>
         <name>ldexp.obj</name>
      </input_file>
      <input_file id="fl-44">
         <path>C:\ti\ccsv6\tools\compiler\ti-cgt-c2000_6.4.2\lib\</path>
         <kind>archive</kind>
         <file>rts2800_fpu32.lib</file>
         <name>ll_aox.obj</name>
      </input_file>
      <input_file id="fl-45">
         <path>C:\ti\ccsv6\tools\compiler\ti-cgt-c2000_6.4.2\lib\</path>
         <kind>archive</kind>
         <file>rts2800_fpu32.lib</file>
         <name>ll_div.obj</name>
      </input_file>
      <input_file id="fl-46">
         <path>C:\ti\ccsv6\tools\compiler\ti-cgt-c2000_6.4.2\lib\</path>
         <kind>archive</kind>
         <file>rts2800_fpu32.lib</file>
         <name>ltoa.obj</name>
      </input_file>
      <input_file id="fl-47">
         <path>C:\ti\ccsv6\tools\compiler\ti-cgt-c2000_6.4.2\lib\</path>
         <kind>archive</kind>
         <file>rts2800_fpu32.lib</file>
         <name>l_tofd.obj</name>
      </input_file>
      <input_file id="fl-48">
         <path>C:\ti\ccsv6\tools\compiler\ti-cgt-c2000_6.4.2\lib\</path>
         <kind>archive</kind>
         <file>rts2800_fpu32.lib</file>
         <name>memccpy.obj</name>
      </input_file>
      <input_file id="fl-49">
         <path>C:\ti\ccsv6\tools\compiler\ti-cgt-c2000_6.4.2\lib\</path>
         <kind>archive</kind>
         <file>rts2800_fpu32.lib</file>
         <name>memset.obj</name>
      </input_file>
      <input_file id="fl-4a">
         <path>C:\ti\ccsv6\tools\compiler\ti-cgt-c2000_6.4.2\lib\</path>
         <kind>archive</kind>
         <file>rts2800_fpu32.lib</file>
         <name>errno.obj</name>
      </input_file>
      <input_file id="fl-4b">
         <path>C:\ti\ccsv6\tools\compiler\ti-cgt-c2000_6.4.2\lib\</path>
         <kind>archive</kind>
         <file>rts2800_fpu32.lib</file>
         <name>fd_add.obj</name>
      </input_file>
      <input_file id="fl-4c">
         <path>C:\ti\ccsv6\tools\compiler\ti-cgt-c2000_6.4.2\lib\</path>
         <kind>archive</kind>
         <file>rts2800_fpu32.lib</file>
         <name>l_div.obj</name>
      </input_file>
   </input_file_list>
   <object_component_list>
      <object_component id="oc-57">
         <name>codestart</name>
         <load_address>0x0</load_address>
         <run_address>0x0</run_address>
         <size>0x2</size>
         <input_file_ref idref="fl-3"/>
      </object_component>
      <object_component id="oc-f3">
         <name>ramfuncs</name>
         <load_address>0x803e</load_address>
         <run_address>0x803e</run_address>
         <size>0x4</size>
         <input_file_ref idref="fl-18"/>
      </object_component>
      <object_component id="oc-1d3">
         <name>.text</name>
         <load_address>0xa000</load_address>
         <run_address>0xa000</run_address>
         <size>0xc06</size>
         <input_file_ref idref="fl-32"/>
      </object_component>
      <object_component id="oc-6d">
         <name>.text:retain</name>
         <load_address>0xac06</load_address>
         <run_address>0xac06</run_address>
         <size>0x352</size>
         <input_file_ref idref="fl-7"/>
      </object_component>
      <object_component id="oc-1c5">
         <name>.text</name>
         <load_address>0xaf58</load_address>
         <run_address>0xaf58</run_address>
         <size>0x254</size>
         <input_file_ref idref="fl-2"/>
      </object_component>
      <object_component id="oc-1d1">
         <name>.text</name>
         <load_address>0xb1ac</load_address>
         <run_address>0xb1ac</run_address>
         <size>0x12d</size>
         <input_file_ref idref="fl-b"/>
      </object_component>
      <object_component id="oc-19b">
         <name>.text</name>
         <load_address>0xb2d9</load_address>
         <run_address>0xb2d9</run_address>
         <size>0x107</size>
         <input_file_ref idref="fl-45"/>
      </object_component>
      <object_component id="oc-1cb">
         <name>.text</name>
         <load_address>0xb3e0</load_address>
         <run_address>0xb3e0</run_address>
         <size>0x105</size>
         <input_file_ref idref="fl-16"/>
      </object_component>
      <object_component id="oc-1c8">
         <name>.text</name>
         <load_address>0xb4e5</load_address>
         <run_address>0xb4e5</run_address>
         <size>0xf0</size>
         <input_file_ref idref="fl-1b"/>
      </object_component>
      <object_component id="oc-1b8">
         <name>.text</name>
         <load_address>0xb5d5</load_address>
         <run_address>0xb5d5</run_address>
         <size>0x9c</size>
         <input_file_ref idref="fl-4b"/>
      </object_component>
      <object_component id="oc-1d0">
         <name>.text</name>
         <load_address>0xb671</load_address>
         <run_address>0xb671</run_address>
         <size>0x8b</size>
         <input_file_ref idref="fl-c"/>
      </object_component>
      <object_component id="oc-15f">
         <name>.text</name>
         <load_address>0xb6fc</load_address>
         <run_address>0xb6fc</run_address>
         <size>0x8b</size>
         <input_file_ref idref="fl-39"/>
      </object_component>
      <object_component id="oc-11a">
         <name>.text</name>
         <load_address>0xb787</load_address>
         <run_address>0xb787</run_address>
         <size>0x88</size>
         <input_file_ref idref="fl-2b"/>
      </object_component>
      <object_component id="oc-1ca">
         <name>.text</name>
         <load_address>0xb80f</load_address>
         <run_address>0xb80f</run_address>
         <size>0x85</size>
         <input_file_ref idref="fl-19"/>
      </object_component>
      <object_component id="oc-164">
         <name>.text</name>
         <load_address>0xb894</load_address>
         <run_address>0xb894</run_address>
         <size>0x83</size>
         <input_file_ref idref="fl-3a"/>
      </object_component>
      <object_component id="oc-1c4">
         <name>.text</name>
         <load_address>0xb917</load_address>
         <run_address>0xb917</run_address>
         <size>0x5d</size>
         <input_file_ref idref="fl-1a"/>
      </object_component>
      <object_component id="oc-1d2">
         <name>.text</name>
         <load_address>0xb974</load_address>
         <run_address>0xb974</run_address>
         <size>0x59</size>
         <input_file_ref idref="fl-14"/>
      </object_component>
      <object_component id="oc-4d">
         <name>.text</name>
         <load_address>0xb9cd</load_address>
         <run_address>0xb9cd</run_address>
         <size>0x46</size>
         <input_file_ref idref="fl-29"/>
      </object_component>
      <object_component id="oc-1db">
         <name>.text</name>
         <load_address>0xba13</load_address>
         <run_address>0xba13</run_address>
         <size>0x34</size>
         <input_file_ref idref="fl-43"/>
      </object_component>
      <object_component id="oc-1d6">
         <name>.text</name>
         <load_address>0xba47</load_address>
         <run_address>0xba47</run_address>
         <size>0x33</size>
         <input_file_ref idref="fl-36"/>
      </object_component>
      <object_component id="oc-1c9">
         <name>.text</name>
         <load_address>0xba7a</load_address>
         <run_address>0xba7a</run_address>
         <size>0x32</size>
         <input_file_ref idref="fl-2e"/>
      </object_component>
      <object_component id="oc-1d8">
         <name>.text</name>
         <load_address>0xbaac</load_address>
         <run_address>0xbaac</run_address>
         <size>0x2e</size>
         <input_file_ref idref="fl-46"/>
      </object_component>
      <object_component id="oc-15a">
         <name>.text</name>
         <load_address>0xbada</load_address>
         <run_address>0xbada</run_address>
         <size>0x2a</size>
         <input_file_ref idref="fl-38"/>
      </object_component>
      <object_component id="oc-1bd">
         <name>.text</name>
         <load_address>0xbb04</load_address>
         <run_address>0xbb04</run_address>
         <size>0x2a</size>
         <input_file_ref idref="fl-4c"/>
      </object_component>
      <object_component id="oc-1cc">
         <name>.text</name>
         <load_address>0xbb2e</load_address>
         <run_address>0xbb2e</run_address>
         <size>0x28</size>
         <input_file_ref idref="fl-12"/>
      </object_component>
      <object_component id="oc-173">
         <name>.text</name>
         <load_address>0xbb56</load_address>
         <run_address>0xbb56</run_address>
         <size>0x23</size>
         <input_file_ref idref="fl-3d"/>
      </object_component>
      <object_component id="oc-178">
         <name>.text</name>
         <load_address>0xbb79</load_address>
         <run_address>0xbb79</run_address>
         <size>0x21</size>
         <input_file_ref idref="fl-3e"/>
      </object_component>
      <object_component id="oc-17d">
         <name>.text</name>
         <load_address>0xbb9a</load_address>
         <run_address>0xbb9a</run_address>
         <size>0x1f</size>
         <input_file_ref idref="fl-3f"/>
      </object_component>
      <object_component id="oc-11f">
         <name>.text</name>
         <load_address>0xbbb9</load_address>
         <run_address>0xbbb9</run_address>
         <size>0x1e</size>
         <input_file_ref idref="fl-2c"/>
      </object_component>
      <object_component id="oc-1d4">
         <name>.text</name>
         <load_address>0xbbd7</load_address>
         <run_address>0xbbd7</run_address>
         <size>0x1e</size>
         <input_file_ref idref="fl-31"/>
      </object_component>
      <object_component id="oc-18c">
         <name>.text</name>
         <load_address>0xbbf5</load_address>
         <run_address>0xbbf5</run_address>
         <size>0x1d</size>
         <input_file_ref idref="fl-42"/>
      </object_component>
      <object_component id="oc-187">
         <name>.text</name>
         <load_address>0xbc12</load_address>
         <run_address>0xbc12</run_address>
         <size>0x1c</size>
         <input_file_ref idref="fl-41"/>
      </object_component>
      <object_component id="oc-1a5">
         <name>.text</name>
         <load_address>0xbc2e</load_address>
         <run_address>0xbc2e</run_address>
         <size>0x1c</size>
         <input_file_ref idref="fl-47"/>
      </object_component>
      <object_component id="oc-1c2">
         <name>.text</name>
         <load_address>0xbc4a</load_address>
         <run_address>0xbc4a</run_address>
         <size>0x19</size>
         <input_file_ref idref="fl-30"/>
      </object_component>
      <object_component id="oc-1c3">
         <name>.text</name>
         <load_address>0xbc63</load_address>
         <run_address>0xbc63</run_address>
         <size>0x19</size>
         <input_file_ref idref="fl-2a"/>
      </object_component>
      <object_component id="oc-196">
         <name>.text</name>
         <load_address>0xbc7c</load_address>
         <run_address>0xbc7c</run_address>
         <size>0x18</size>
         <input_file_ref idref="fl-44"/>
      </object_component>
      <object_component id="oc-1da">
         <name>.text</name>
         <load_address>0xbc94</load_address>
         <run_address>0xbc94</run_address>
         <size>0x16</size>
         <input_file_ref idref="fl-40"/>
      </object_component>
      <object_component id="oc-1cd">
         <name>.text</name>
         <load_address>0xbcaa</load_address>
         <run_address>0xbcaa</run_address>
         <size>0x11</size>
         <input_file_ref idref="fl-13"/>
      </object_component>
      <object_component id="oc-12e">
         <name>.text</name>
         <load_address>0xbcbb</load_address>
         <run_address>0xbcbb</run_address>
         <size>0x11</size>
         <input_file_ref idref="fl-2f"/>
      </object_component>
      <object_component id="oc-16e">
         <name>.text</name>
         <load_address>0xbccc</load_address>
         <run_address>0xbccc</run_address>
         <size>0xe</size>
         <input_file_ref idref="fl-3c"/>
      </object_component>
      <object_component id="oc-1de">
         <name>.text</name>
         <load_address>0xbcda</load_address>
         <run_address>0xbcda</run_address>
         <size>0xe</size>
         <input_file_ref idref="fl-48"/>
      </object_component>
      <object_component id="oc-1dc">
         <name>.text</name>
         <load_address>0xbce8</load_address>
         <run_address>0xbce8</run_address>
         <size>0xc</size>
         <input_file_ref idref="fl-49"/>
      </object_component>
      <object_component id="oc-1d9">
         <name>.text</name>
         <load_address>0xbcf4</load_address>
         <run_address>0xbcf4</run_address>
         <size>0xc</size>
         <input_file_ref idref="fl-33"/>
      </object_component>
      <object_component id="oc-1ce">
         <name>.text</name>
         <load_address>0xbd00</load_address>
         <run_address>0xbd00</run_address>
         <size>0x9</size>
         <input_file_ref idref="fl-2d"/>
      </object_component>
      <object_component id="oc-169">
         <name>.text</name>
         <load_address>0xbd09</load_address>
         <run_address>0xbd09</run_address>
         <size>0x9</size>
         <input_file_ref idref="fl-3b"/>
      </object_component>
      <object_component id="oc-56">
         <name>.text</name>
         <load_address>0xbd12</load_address>
         <run_address>0xbd12</run_address>
         <size>0x8</size>
         <input_file_ref idref="fl-3"/>
      </object_component>
      <object_component id="oc-1d7">
         <name>.text</name>
         <load_address>0xbd1a</load_address>
         <run_address>0xbd1a</run_address>
         <size>0x8</size>
         <input_file_ref idref="fl-35"/>
      </object_component>
      <object_component id="oc-72">
         <name>.text</name>
         <load_address>0xbd22</load_address>
         <run_address>0xbd22</run_address>
         <size>0x7</size>
         <input_file_ref idref="fl-8"/>
      </object_component>
      <object_component id="oc-1dd">
         <name>.text</name>
         <load_address>0xbd29</load_address>
         <run_address>0xbd29</run_address>
         <size>0x5</size>
         <input_file_ref idref="fl-34"/>
      </object_component>
      <object_component id="oc-62">
         <name>.text</name>
         <load_address>0xbd2e</load_address>
         <run_address>0xbd2e</run_address>
         <size>0x3</size>
         <input_file_ref idref="fl-5"/>
      </object_component>
      <object_component id="oc-4f">
         <name>.cinit</name>
         <load_address>0x8000</load_address>
         <run_address>0x8000</run_address>
         <size>0x24</size>
         <input_file_ref idref="fl-2"/>
      </object_component>
      <object_component id="oc-114">
         <name>.cinit</name>
         <load_address>0x8024</load_address>
         <run_address>0x8024</run_address>
         <size>0xa</size>
         <input_file_ref idref="fl-2a"/>
      </object_component>
      <object_component id="oc-1c7">
         <name>.cinit:__lock</name>
         <load_address>0x802e</load_address>
         <run_address>0x802e</run_address>
         <size>0x5</size>
         <input_file_ref idref="fl-2d"/>
      </object_component>
      <object_component id="oc-1cf">
         <name>.cinit:__unlock</name>
         <load_address>0x8033</load_address>
         <run_address>0x8033</run_address>
         <size>0x5</size>
         <input_file_ref idref="fl-2d"/>
      </object_component>
      <object_component id="oc-1b5">
         <name>.cinit</name>
         <load_address>0x8038</load_address>
         <run_address>0x8038</run_address>
         <size>0x4</size>
         <input_file_ref idref="fl-4a"/>
      </object_component>
      <object_component id="oc-10d">
         <name>.stack</name>
         <uninitialized>true</uninitialized>
         <run_address>0x400</run_address>
         <size>0x0</size>
         <input_file_ref idref="fl-29"/>
      </object_component>
      <object_component id="oc-235">
         <name>.stack</name>
         <uninitialized>true</uninitialized>
         <run_address>0x400</run_address>
         <size>0x0</size>
      </object_component>
      <object_component id="oc-50">
         <name>.ebss</name>
         <uninitialized>true</uninitialized>
         <run_address>0xc018</run_address>
         <size>0x18</size>
         <input_file_ref idref="fl-2"/>
      </object_component>
      <object_component id="oc-5d">
         <name>.ebss</name>
         <uninitialized>true</uninitialized>
         <run_address>0xc000</run_address>
         <size>0x18</size>
         <input_file_ref idref="fl-4"/>
      </object_component>
      <object_component id="oc-103">
         <name>.ebss</name>
         <uninitialized>true</uninitialized>
         <run_address>0xc038</run_address>
         <size>0x2</size>
         <input_file_ref idref="fl-1b"/>
      </object_component>
      <object_component id="oc-115">
         <name>.ebss</name>
         <uninitialized>true</uninitialized>
         <run_address>0xc030</run_address>
         <size>0x4</size>
         <input_file_ref idref="fl-2a"/>
      </object_component>
      <object_component id="oc-1d5">
         <name>.ebss:__unlock</name>
         <uninitialized>true</uninitialized>
         <run_address>0xc036</run_address>
         <size>0x2</size>
         <input_file_ref idref="fl-2d"/>
      </object_component>
      <object_component id="oc-1c6">
         <name>.ebss:__lock</name>
         <uninitialized>true</uninitialized>
         <run_address>0xc034</run_address>
         <size>0x2</size>
         <input_file_ref idref="fl-2d"/>
      </object_component>
      <object_component id="oc-1b6">
         <name>.ebss</name>
         <uninitialized>true</uninitialized>
         <run_address>0xc03a</run_address>
         <size>0x1</size>
         <input_file_ref idref="fl-4a"/>
      </object_component>
      <object_component id="oc-51">
         <name>.econst:.string</name>
         <load_address>0xe000</load_address>
         <run_address>0xe000</run_address>
         <size>0x197</size>
         <input_file_ref idref="fl-2"/>
      </object_component>
      <object_component id="oc-1df">
         <name>.econst:.string:__ctypes_</name>
         <load_address>0xe197</load_address>
         <run_address>0xe197</run_address>
         <size>0x101</size>
         <input_file_ref idref="fl-37"/>
      </object_component>
      <object_component id="oc-da">
         <name>.econst</name>
         <load_address>0xe298</load_address>
         <run_address>0xe298</run_address>
         <size>0x100</size>
         <input_file_ref idref="fl-13"/>
      </object_component>
      <object_component id="oc-13f">
         <name>.econst:.string</name>
         <load_address>0xe398</load_address>
         <run_address>0xe398</run_address>
         <size>0x26</size>
         <input_file_ref idref="fl-32"/>
      </object_component>
      <object_component id="oc-13e">
         <name>.econst</name>
         <load_address>0xe3be</load_address>
         <run_address>0xe3be</run_address>
         <size>0x1c</size>
         <input_file_ref idref="fl-32"/>
      </object_component>
      <object_component id="oc-108">
         <name>IQmath</name>
         <load_address>0xbd31</load_address>
         <run_address>0xbd31</run_address>
         <size>0x47</size>
         <input_file_ref idref="fl-22"/>
      </object_component>
      <object_component id="oc-10c">
         <name>IQmathTables</name>
         <load_address>0x3fe000</load_address>
         <run_address>0x3fe000</run_address>
         <size>0xb50</size>
         <input_file_ref idref="fl-23"/>
      </object_component>
      <object_component id="oc-10e">
         <name>.reset</name>
         <load_address>0x3fffc0</load_address>
         <run_address>0x3fffc0</run_address>
         <size>0x2</size>
         <input_file_ref idref="fl-29"/>
      </object_component>
      <object_component id="oc-be">
         <name>PieVectTableFile</name>
         <uninitialized>true</uninitialized>
         <run_address>0xd00</run_address>
         <size>0x100</size>
         <input_file_ref idref="fl-d"/>
      </object_component>
      <object_component id="oc-ba">
         <name>DevEmuRegsFile</name>
         <uninitialized>true</uninitialized>
         <run_address>0x880</run_address>
         <size>0xd0</size>
         <input_file_ref idref="fl-d"/>
      </object_component>
      <object_component id="oc-95">
         <name>CsmRegsFile</name>
         <uninitialized>true</uninitialized>
         <run_address>0xae0</run_address>
         <size>0x10</size>
         <input_file_ref idref="fl-d"/>
      </object_component>
      <object_component id="oc-99">
         <name>XintfRegsFile</name>
         <uninitialized>true</uninitialized>
         <run_address>0xb20</run_address>
         <size>0x1e</size>
         <input_file_ref idref="fl-d"/>
      </object_component>
      <object_component id="oc-8e">
         <name>CpuTimer0RegsFile</name>
         <uninitialized>true</uninitialized>
         <run_address>0xc00</run_address>
         <size>0x8</size>
         <input_file_ref idref="fl-d"/>
      </object_component>
      <object_component id="oc-8f">
         <name>CpuTimer1RegsFile</name>
         <uninitialized>true</uninitialized>
         <run_address>0xc08</run_address>
         <size>0x8</size>
         <input_file_ref idref="fl-d"/>
      </object_component>
      <object_component id="oc-8c">
         <name>CpuTimer2RegsFile</name>
         <uninitialized>true</uninitialized>
         <run_address>0xc10</run_address>
         <size>0x8</size>
         <input_file_ref idref="fl-d"/>
      </object_component>
      <object_component id="oc-98">
         <name>PieCtrlRegsFile</name>
         <uninitialized>true</uninitialized>
         <run_address>0xce0</run_address>
         <size>0x1a</size>
         <input_file_ref idref="fl-d"/>
      </object_component>
      <object_component id="oc-bb">
         <name>DmaRegsFile</name>
         <uninitialized>true</uninitialized>
         <run_address>0x1000</run_address>
         <size>0xe0</size>
         <input_file_ref idref="fl-d"/>
      </object_component>
      <object_component id="oc-ad">
         <name>McbspaRegsFile</name>
         <uninitialized>true</uninitialized>
         <run_address>0x5000</run_address>
         <size>0x25</size>
         <input_file_ref idref="fl-d"/>
      </object_component>
      <object_component id="oc-ac">
         <name>McbspbRegsFile</name>
         <uninitialized>true</uninitialized>
         <run_address>0x5040</run_address>
         <size>0x25</size>
         <input_file_ref idref="fl-d"/>
      </object_component>
      <object_component id="oc-b0">
         <name>ECanaRegsFile</name>
         <uninitialized>true</uninitialized>
         <run_address>0x6000</run_address>
         <size>0x34</size>
         <input_file_ref idref="fl-d"/>
      </object_component>
      <object_component id="oc-b1">
         <name>ECanaLAMRegsFile</name>
         <uninitialized>true</uninitialized>
         <run_address>0x6040</run_address>
         <size>0x40</size>
         <input_file_ref idref="fl-d"/>
      </object_component>
      <object_component id="oc-bd">
         <name>ECanaMboxesFile</name>
         <uninitialized>true</uninitialized>
         <run_address>0x6100</run_address>
         <size>0x100</size>
         <input_file_ref idref="fl-d"/>
      </object_component>
      <object_component id="oc-b7">
         <name>ECanaMOTSRegsFile</name>
         <uninitialized>true</uninitialized>
         <run_address>0x6080</run_address>
         <size>0x40</size>
         <input_file_ref idref="fl-d"/>
      </object_component>
      <object_component id="oc-b2">
         <name>ECanaMOTORegsFile</name>
         <uninitialized>true</uninitialized>
         <run_address>0x60c0</run_address>
         <size>0x40</size>
         <input_file_ref idref="fl-d"/>
      </object_component>
      <object_component id="oc-af">
         <name>ECanbRegsFile</name>
         <uninitialized>true</uninitialized>
         <run_address>0x6200</run_address>
         <size>0x34</size>
         <input_file_ref idref="fl-d"/>
      </object_component>
      <object_component id="oc-b8">
         <name>ECanbLAMRegsFile</name>
         <uninitialized>true</uninitialized>
         <run_address>0x6240</run_address>
         <size>0x40</size>
         <input_file_ref idref="fl-d"/>
      </object_component>
      <object_component id="oc-bc">
         <name>ECanbMboxesFile</name>
         <uninitialized>true</uninitialized>
         <run_address>0x6300</run_address>
         <size>0x100</size>
         <input_file_ref idref="fl-d"/>
      </object_component>
      <object_component id="oc-b4">
         <name>ECanbMOTSRegsFile</name>
         <uninitialized>true</uninitialized>
         <run_address>0x6280</run_address>
         <size>0x40</size>
         <input_file_ref idref="fl-d"/>
      </object_component>
      <object_component id="oc-b3">
         <name>ECanbMOTORegsFile</name>
         <uninitialized>true</uninitialized>
         <run_address>0x62c0</run_address>
         <size>0x40</size>
         <input_file_ref idref="fl-d"/>
      </object_component>
      <object_component id="oc-a3">
         <name>EPwm9RegsFile</name>
         <uninitialized>true</uninitialized>
         <run_address>0x6600</run_address>
         <size>0x22</size>
         <input_file_ref idref="fl-d"/>
      </object_component>
      <object_component id="oc-a6">
         <name>EPwm1RegsFile</name>
         <uninitialized>true</uninitialized>
         <run_address>0x6800</run_address>
         <size>0x22</size>
         <input_file_ref idref="fl-d"/>
      </object_component>
      <object_component id="oc-a7">
         <name>EPwm2RegsFile</name>
         <uninitialized>true</uninitialized>
         <run_address>0x6840</run_address>
         <size>0x22</size>
         <input_file_ref idref="fl-d"/>
      </object_component>
      <object_component id="oc-a4">
         <name>EPwm3RegsFile</name>
         <uninitialized>true</uninitialized>
         <run_address>0x6880</run_address>
         <size>0x22</size>
         <input_file_ref idref="fl-d"/>
      </object_component>
      <object_component id="oc-a5">
         <name>EPwm4RegsFile</name>
         <uninitialized>true</uninitialized>
         <run_address>0x68c0</run_address>
         <size>0x22</size>
         <input_file_ref idref="fl-d"/>
      </object_component>
      <object_component id="oc-aa">
         <name>EPwm5RegsFile</name>
         <uninitialized>true</uninitialized>
         <run_address>0x6900</run_address>
         <size>0x22</size>
         <input_file_ref idref="fl-d"/>
      </object_component>
      <object_component id="oc-ab">
         <name>EPwm6RegsFile</name>
         <uninitialized>true</uninitialized>
         <run_address>0x6940</run_address>
         <size>0x22</size>
         <input_file_ref idref="fl-d"/>
      </object_component>
      <object_component id="oc-a8">
         <name>EPwm7RegsFile</name>
         <uninitialized>true</uninitialized>
         <run_address>0x6980</run_address>
         <size>0x22</size>
         <input_file_ref idref="fl-d"/>
      </object_component>
      <object_component id="oc-a2">
         <name>EPwm8RegsFile</name>
         <uninitialized>true</uninitialized>
         <run_address>0x69c0</run_address>
         <size>0x22</size>
         <input_file_ref idref="fl-d"/>
      </object_component>
      <object_component id="oc-9d">
         <name>ECap1RegsFile</name>
         <uninitialized>true</uninitialized>
         <run_address>0x6a00</run_address>
         <size>0x20</size>
         <input_file_ref idref="fl-d"/>
      </object_component>
      <object_component id="oc-a0">
         <name>ECap2RegsFile</name>
         <uninitialized>true</uninitialized>
         <run_address>0x6a20</run_address>
         <size>0x20</size>
         <input_file_ref idref="fl-d"/>
      </object_component>
      <object_component id="oc-9c">
         <name>ECap3RegsFile</name>
         <uninitialized>true</uninitialized>
         <run_address>0x6a40</run_address>
         <size>0x20</size>
         <input_file_ref idref="fl-d"/>
      </object_component>
      <object_component id="oc-9b">
         <name>ECap4RegsFile</name>
         <uninitialized>true</uninitialized>
         <run_address>0x6a60</run_address>
         <size>0x20</size>
         <input_file_ref idref="fl-d"/>
      </object_component>
      <object_component id="oc-9a">
         <name>ECap5RegsFile</name>
         <uninitialized>true</uninitialized>
         <run_address>0x6a80</run_address>
         <size>0x20</size>
         <input_file_ref idref="fl-d"/>
      </object_component>
      <object_component id="oc-a1">
         <name>ECap6RegsFile</name>
         <uninitialized>true</uninitialized>
         <run_address>0x6aa0</run_address>
         <size>0x20</size>
         <input_file_ref idref="fl-d"/>
      </object_component>
      <object_component id="oc-b9">
         <name>EQep1RegsFile</name>
         <uninitialized>true</uninitialized>
         <run_address>0x6b00</run_address>
         <size>0x40</size>
         <input_file_ref idref="fl-d"/>
      </object_component>
      <object_component id="oc-b5">
         <name>EQep2RegsFile</name>
         <uninitialized>true</uninitialized>
         <run_address>0x6b40</run_address>
         <size>0x40</size>
         <input_file_ref idref="fl-d"/>
      </object_component>
      <object_component id="oc-b6">
         <name>EQep3RegsFile</name>
         <uninitialized>true</uninitialized>
         <run_address>0x6b80</run_address>
         <size>0x40</size>
         <input_file_ref idref="fl-d"/>
      </object_component>
      <object_component id="oc-ae">
         <name>GpioCtrlRegsFile</name>
         <uninitialized>true</uninitialized>
         <run_address>0x6f80</run_address>
         <size>0x2e</size>
         <input_file_ref idref="fl-d"/>
      </object_component>
      <object_component id="oc-9e">
         <name>GpioDataRegsFile</name>
         <uninitialized>true</uninitialized>
         <run_address>0x6fc0</run_address>
         <size>0x20</size>
         <input_file_ref idref="fl-d"/>
      </object_component>
      <object_component id="oc-90">
         <name>GpioIntRegsFile</name>
         <uninitialized>true</uninitialized>
         <run_address>0x6fe0</run_address>
         <size>0xa</size>
         <input_file_ref idref="fl-d"/>
      </object_component>
      <object_component id="oc-9f">
         <name>SysCtrlRegsFile</name>
         <uninitialized>true</uninitialized>
         <run_address>0x7010</run_address>
         <size>0x20</size>
         <input_file_ref idref="fl-d"/>
      </object_component>
      <object_component id="oc-92">
         <name>SpiaRegsFile</name>
         <uninitialized>true</uninitialized>
         <run_address>0x7040</run_address>
         <size>0x10</size>
         <input_file_ref idref="fl-d"/>
      </object_component>
      <object_component id="oc-93">
         <name>SciaRegsFile</name>
         <uninitialized>true</uninitialized>
         <run_address>0x7050</run_address>
         <size>0x10</size>
         <input_file_ref idref="fl-d"/>
      </object_component>
      <object_component id="oc-97">
         <name>XIntruptRegsFile</name>
         <uninitialized>true</uninitialized>
         <run_address>0x7070</run_address>
         <size>0x10</size>
         <input_file_ref idref="fl-d"/>
      </object_component>
      <object_component id="oc-94">
         <name>ScibRegsFile</name>
         <uninitialized>true</uninitialized>
         <run_address>0x7750</run_address>
         <size>0x10</size>
         <input_file_ref idref="fl-d"/>
      </object_component>
      <object_component id="oc-91">
         <name>ScicRegsFile</name>
         <uninitialized>true</uninitialized>
         <run_address>0x7770</run_address>
         <size>0x10</size>
         <input_file_ref idref="fl-d"/>
      </object_component>
      <object_component id="oc-96">
         <name>SpidRegsFile</name>
         <uninitialized>true</uninitialized>
         <run_address>0x7780</run_address>
         <size>0x10</size>
         <input_file_ref idref="fl-d"/>
      </object_component>
      <object_component id="oc-a9">
         <name>I2caRegsFile</name>
         <uninitialized>true</uninitialized>
         <run_address>0x7900</run_address>
         <size>0x22</size>
         <input_file_ref idref="fl-d"/>
      </object_component>
      <object_component id="oc-8d">
         <name>CsmPwlFile</name>
         <uninitialized>true</uninitialized>
         <run_address>0x33fff8</run_address>
         <size>0x8</size>
         <input_file_ref idref="fl-d"/>
      </object_component>
      <object_component id="oc-4e">
         <name>.debug_info</name>
         <load_address>0x0</load_address>
         <run_address>0x0</run_address>
         <size>0x24ea</size>
         <input_file_ref idref="fl-2"/>
      </object_component>
      <object_component id="oc-58">
         <name>.debug_info</name>
         <load_address>0x24ea</load_address>
         <run_address>0x24ea</run_address>
         <size>0x13a</size>
         <input_file_ref idref="fl-3"/>
      </object_component>
      <object_component id="oc-5c">
         <name>.debug_info</name>
         <load_address>0x2624</load_address>
         <run_address>0x2624</run_address>
         <size>0x856</size>
         <input_file_ref idref="fl-4"/>
      </object_component>
      <object_component id="oc-63">
         <name>.debug_info</name>
         <load_address>0x2e7a</load_address>
         <run_address>0x2e7a</run_address>
         <size>0xf8</size>
         <input_file_ref idref="fl-5"/>
      </object_component>
      <object_component id="oc-67">
         <name>.debug_info</name>
         <load_address>0x2f72</load_address>
         <run_address>0x2f72</run_address>
         <size>0x174f</size>
         <input_file_ref idref="fl-6"/>
      </object_component>
      <object_component id="oc-6c">
         <name>.debug_info</name>
         <load_address>0x46c1</load_address>
         <run_address>0x46c1</run_address>
         <size>0x2713</size>
         <input_file_ref idref="fl-7"/>
      </object_component>
      <object_component id="oc-73">
         <name>.debug_info</name>
         <load_address>0x6dd4</load_address>
         <run_address>0x6dd4</run_address>
         <size>0xfe</size>
         <input_file_ref idref="fl-8"/>
      </object_component>
      <object_component id="oc-77">
         <name>.debug_info</name>
         <load_address>0x6ed2</load_address>
         <run_address>0x6ed2</run_address>
         <size>0x5d98</size>
         <input_file_ref idref="fl-9"/>
      </object_component>
      <object_component id="oc-7c">
         <name>.debug_info</name>
         <load_address>0xcc6a</load_address>
         <run_address>0xcc6a</run_address>
         <size>0x1ba6</size>
         <input_file_ref idref="fl-a"/>
      </object_component>
      <object_component id="oc-81">
         <name>.debug_info</name>
         <load_address>0xe810</load_address>
         <run_address>0xe810</run_address>
         <size>0x21cb</size>
         <input_file_ref idref="fl-b"/>
      </object_component>
      <object_component id="oc-86">
         <name>.debug_info</name>
         <load_address>0x109db</load_address>
         <run_address>0x109db</run_address>
         <size>0x1df0</size>
         <input_file_ref idref="fl-c"/>
      </object_component>
      <object_component id="oc-8b">
         <name>.debug_info</name>
         <load_address>0x127cb</load_address>
         <run_address>0x127cb</run_address>
         <size>0x11f7a</size>
         <input_file_ref idref="fl-d"/>
      </object_component>
      <object_component id="oc-c0">
         <name>.debug_info</name>
         <load_address>0x24745</load_address>
         <run_address>0x24745</run_address>
         <size>0x1ba6</size>
         <input_file_ref idref="fl-e"/>
      </object_component>
      <object_component id="oc-c5">
         <name>.debug_info</name>
         <load_address>0x262eb</load_address>
         <run_address>0x262eb</run_address>
         <size>0x1ba5</size>
         <input_file_ref idref="fl-f"/>
      </object_component>
      <object_component id="oc-ca">
         <name>.debug_info</name>
         <load_address>0x27e90</load_address>
         <run_address>0x27e90</run_address>
         <size>0x49c1</size>
         <input_file_ref idref="fl-10"/>
      </object_component>
      <object_component id="oc-cf">
         <name>.debug_info</name>
         <load_address>0x2c851</load_address>
         <run_address>0x2c851</run_address>
         <size>0x37b</size>
         <input_file_ref idref="fl-11"/>
      </object_component>
      <object_component id="oc-d4">
         <name>.debug_info</name>
         <load_address>0x2cbcc</load_address>
         <run_address>0x2cbcc</run_address>
         <size>0xb66</size>
         <input_file_ref idref="fl-12"/>
      </object_component>
      <object_component id="oc-d9">
         <name>.debug_info</name>
         <load_address>0x2d732</load_address>
         <run_address>0x2d732</run_address>
         <size>0x23c3</size>
         <input_file_ref idref="fl-13"/>
      </object_component>
      <object_component id="oc-df">
         <name>.debug_info</name>
         <load_address>0x2faf5</load_address>
         <run_address>0x2faf5</run_address>
         <size>0x1dd8</size>
         <input_file_ref idref="fl-14"/>
      </object_component>
      <object_component id="oc-e4">
         <name>.debug_info</name>
         <load_address>0x318cd</load_address>
         <run_address>0x318cd</run_address>
         <size>0x1ba5</size>
         <input_file_ref idref="fl-15"/>
      </object_component>
      <object_component id="oc-e9">
         <name>.debug_info</name>
         <load_address>0x33472</load_address>
         <run_address>0x33472</run_address>
         <size>0x1e32</size>
         <input_file_ref idref="fl-16"/>
      </object_component>
      <object_component id="oc-ee">
         <name>.debug_info</name>
         <load_address>0x352a4</load_address>
         <run_address>0x352a4</run_address>
         <size>0x2132</size>
         <input_file_ref idref="fl-17"/>
      </object_component>
      <object_component id="oc-f4">
         <name>.debug_info</name>
         <load_address>0x373d6</load_address>
         <run_address>0x373d6</run_address>
         <size>0xfa</size>
         <input_file_ref idref="fl-18"/>
      </object_component>
      <object_component id="oc-f8">
         <name>.debug_info</name>
         <load_address>0x374d0</load_address>
         <run_address>0x374d0</run_address>
         <size>0x19cb</size>
         <input_file_ref idref="fl-19"/>
      </object_component>
      <object_component id="oc-fd">
         <name>.debug_info</name>
         <load_address>0x38e9b</load_address>
         <run_address>0x38e9b</run_address>
         <size>0x1145</size>
         <input_file_ref idref="fl-1a"/>
      </object_component>
      <object_component id="oc-102">
         <name>.debug_info</name>
         <load_address>0x39fe0</load_address>
         <run_address>0x39fe0</run_address>
         <size>0x2c42</size>
         <input_file_ref idref="fl-1b"/>
      </object_component>
      <object_component id="oc-109">
         <name>.debug_info</name>
         <load_address>0x3cc22</load_address>
         <run_address>0x3cc22</run_address>
         <size>0xb0</size>
         <input_file_ref idref="fl-22"/>
      </object_component>
      <object_component id="oc-10f">
         <name>.debug_info</name>
         <load_address>0x3ccd2</load_address>
         <run_address>0x3ccd2</run_address>
         <size>0x112</size>
         <input_file_ref idref="fl-29"/>
      </object_component>
      <object_component id="oc-113">
         <name>.debug_info</name>
         <load_address>0x3cde4</load_address>
         <run_address>0x3cde4</run_address>
         <size>0x4b9</size>
         <input_file_ref idref="fl-2a"/>
      </object_component>
      <object_component id="oc-11b">
         <name>.debug_info</name>
         <load_address>0x3d29d</load_address>
         <run_address>0x3d29d</run_address>
         <size>0xf4</size>
         <input_file_ref idref="fl-2b"/>
      </object_component>
      <object_component id="oc-120">
         <name>.debug_info</name>
         <load_address>0x3d391</load_address>
         <run_address>0x3d391</run_address>
         <size>0x130</size>
         <input_file_ref idref="fl-2c"/>
      </object_component>
      <object_component id="oc-124">
         <name>.debug_info</name>
         <load_address>0x3d4c1</load_address>
         <run_address>0x3d4c1</run_address>
         <size>0x4e3</size>
         <input_file_ref idref="fl-2d"/>
      </object_component>
      <object_component id="oc-129">
         <name>.debug_info</name>
         <load_address>0x3d9a4</load_address>
         <run_address>0x3d9a4</run_address>
         <size>0x67e</size>
         <input_file_ref idref="fl-2e"/>
      </object_component>
      <object_component id="oc-12f">
         <name>.debug_info</name>
         <load_address>0x3e022</load_address>
         <run_address>0x3e022</run_address>
         <size>0xfd</size>
         <input_file_ref idref="fl-2f"/>
      </object_component>
      <object_component id="oc-133">
         <name>.debug_info</name>
         <load_address>0x3e11f</load_address>
         <run_address>0x3e11f</run_address>
         <size>0x4b0</size>
         <input_file_ref idref="fl-30"/>
      </object_component>
      <object_component id="oc-138">
         <name>.debug_info</name>
         <load_address>0x3e5cf</load_address>
         <run_address>0x3e5cf</run_address>
         <size>0x46d</size>
         <input_file_ref idref="fl-31"/>
      </object_component>
      <object_component id="oc-13d">
         <name>.debug_info</name>
         <load_address>0x3ea3c</load_address>
         <run_address>0x3ea3c</run_address>
         <size>0x2685</size>
         <input_file_ref idref="fl-32"/>
      </object_component>
      <object_component id="oc-144">
         <name>.debug_info</name>
         <load_address>0x410c1</load_address>
         <run_address>0x410c1</run_address>
         <size>0x4c6</size>
         <input_file_ref idref="fl-33"/>
      </object_component>
      <object_component id="oc-149">
         <name>.debug_info</name>
         <load_address>0x41587</load_address>
         <run_address>0x41587</run_address>
         <size>0x4ba</size>
         <input_file_ref idref="fl-34"/>
      </object_component>
      <object_component id="oc-14e">
         <name>.debug_info</name>
         <load_address>0x41a41</load_address>
         <run_address>0x41a41</run_address>
         <size>0x49f</size>
         <input_file_ref idref="fl-35"/>
      </object_component>
      <object_component id="oc-153">
         <name>.debug_info</name>
         <load_address>0x41ee0</load_address>
         <run_address>0x41ee0</run_address>
         <size>0x436</size>
         <input_file_ref idref="fl-36"/>
      </object_component>
      <object_component id="oc-158">
         <name>.debug_info</name>
         <load_address>0x42316</load_address>
         <run_address>0x42316</run_address>
         <size>0x1be</size>
         <input_file_ref idref="fl-37"/>
      </object_component>
      <object_component id="oc-15b">
         <name>.debug_info</name>
         <load_address>0x424d4</load_address>
         <run_address>0x424d4</run_address>
         <size>0x100</size>
         <input_file_ref idref="fl-38"/>
      </object_component>
      <object_component id="oc-160">
         <name>.debug_info</name>
         <load_address>0x425d4</load_address>
         <run_address>0x425d4</run_address>
         <size>0xf4</size>
         <input_file_ref idref="fl-39"/>
      </object_component>
      <object_component id="oc-165">
         <name>.debug_info</name>
         <load_address>0x426c8</load_address>
         <run_address>0x426c8</run_address>
         <size>0xf4</size>
         <input_file_ref idref="fl-3a"/>
      </object_component>
      <object_component id="oc-16a">
         <name>.debug_info</name>
         <load_address>0x427bc</load_address>
         <run_address>0x427bc</run_address>
         <size>0xf4</size>
         <input_file_ref idref="fl-3b"/>
      </object_component>
      <object_component id="oc-16f">
         <name>.debug_info</name>
         <load_address>0x428b0</load_address>
         <run_address>0x428b0</run_address>
         <size>0x102</size>
         <input_file_ref idref="fl-3c"/>
      </object_component>
      <object_component id="oc-174">
         <name>.debug_info</name>
         <load_address>0x429b2</load_address>
         <run_address>0x429b2</run_address>
         <size>0xfa</size>
         <input_file_ref idref="fl-3d"/>
      </object_component>
      <object_component id="oc-179">
         <name>.debug_info</name>
         <load_address>0x42aac</load_address>
         <run_address>0x42aac</run_address>
         <size>0xf4</size>
         <input_file_ref idref="fl-3e"/>
      </object_component>
      <object_component id="oc-17e">
         <name>.debug_info</name>
         <load_address>0x42ba0</load_address>
         <run_address>0x42ba0</run_address>
         <size>0xf4</size>
         <input_file_ref idref="fl-3f"/>
      </object_component>
      <object_component id="oc-182">
         <name>.debug_info</name>
         <load_address>0x42c94</load_address>
         <run_address>0x42c94</run_address>
         <size>0x3ff</size>
         <input_file_ref idref="fl-40"/>
      </object_component>
      <object_component id="oc-188">
         <name>.debug_info</name>
         <load_address>0x43093</load_address>
         <run_address>0x43093</run_address>
         <size>0xfa</size>
         <input_file_ref idref="fl-41"/>
      </object_component>
      <object_component id="oc-18d">
         <name>.debug_info</name>
         <load_address>0x4318d</load_address>
         <run_address>0x4318d</run_address>
         <size>0xf4</size>
         <input_file_ref idref="fl-42"/>
      </object_component>
      <object_component id="oc-191">
         <name>.debug_info</name>
         <load_address>0x43281</load_address>
         <run_address>0x43281</run_address>
         <size>0x40f</size>
         <input_file_ref idref="fl-43"/>
      </object_component>
      <object_component id="oc-197">
         <name>.debug_info</name>
         <load_address>0x43690</load_address>
         <run_address>0x43690</run_address>
         <size>0x15a</size>
         <input_file_ref idref="fl-44"/>
      </object_component>
      <object_component id="oc-19c">
         <name>.debug_info</name>
         <load_address>0x437ea</load_address>
         <run_address>0x437ea</run_address>
         <size>0x205</size>
         <input_file_ref idref="fl-45"/>
      </object_component>
      <object_component id="oc-1a0">
         <name>.debug_info</name>
         <load_address>0x439ef</load_address>
         <run_address>0x439ef</run_address>
         <size>0x4e3</size>
         <input_file_ref idref="fl-46"/>
      </object_component>
      <object_component id="oc-1a6">
         <name>.debug_info</name>
         <load_address>0x43ed2</load_address>
         <run_address>0x43ed2</run_address>
         <size>0xf4</size>
         <input_file_ref idref="fl-47"/>
      </object_component>
      <object_component id="oc-1aa">
         <name>.debug_info</name>
         <load_address>0x43fc6</load_address>
         <run_address>0x43fc6</run_address>
         <size>0x44f</size>
         <input_file_ref idref="fl-48"/>
      </object_component>
      <object_component id="oc-1af">
         <name>.debug_info</name>
         <load_address>0x44415</load_address>
         <run_address>0x44415</run_address>
         <size>0x4d7</size>
         <input_file_ref idref="fl-49"/>
      </object_component>
      <object_component id="oc-1b4">
         <name>.debug_info</name>
         <load_address>0x448ec</load_address>
         <run_address>0x448ec</run_address>
         <size>0x19d</size>
         <input_file_ref idref="fl-4a"/>
      </object_component>
      <object_component id="oc-1b9">
         <name>.debug_info</name>
         <load_address>0x44a89</load_address>
         <run_address>0x44a89</run_address>
         <size>0xf4</size>
         <input_file_ref idref="fl-4b"/>
      </object_component>
      <object_component id="oc-1be">
         <name>.debug_info</name>
         <load_address>0x44b7d</load_address>
         <run_address>0x44b7d</run_address>
         <size>0x18b</size>
         <input_file_ref idref="fl-4c"/>
      </object_component>
      <object_component id="oc-236">
         <name>.debug_info</name>
         <load_address>0x44d08</load_address>
         <run_address>0x44d08</run_address>
         <size>0xa7</size>
      </object_component>
      <object_component id="oc-52">
         <name>.debug_frame</name>
         <load_address>0x0</load_address>
         <run_address>0x0</run_address>
         <size>0xec</size>
         <input_file_ref idref="fl-2"/>
      </object_component>
      <object_component id="oc-5e">
         <name>.debug_frame</name>
         <load_address>0xec</load_address>
         <run_address>0xec</run_address>
         <size>0x8c</size>
         <input_file_ref idref="fl-4"/>
      </object_component>
      <object_component id="oc-68">
         <name>.debug_frame</name>
         <load_address>0x178</load_address>
         <run_address>0x178</run_address>
         <size>0x8c</size>
         <input_file_ref idref="fl-6"/>
      </object_component>
      <object_component id="oc-6e">
         <name>.debug_frame</name>
         <load_address>0x204</load_address>
         <run_address>0x204</run_address>
         <size>0xcd5</size>
         <input_file_ref idref="fl-7"/>
      </object_component>
      <object_component id="oc-78">
         <name>.debug_frame</name>
         <load_address>0xed9</load_address>
         <run_address>0xed9</run_address>
         <size>0x8c</size>
         <input_file_ref idref="fl-9"/>
      </object_component>
      <object_component id="oc-7d">
         <name>.debug_frame</name>
         <load_address>0xf65</load_address>
         <run_address>0xf65</run_address>
         <size>0x8c</size>
         <input_file_ref idref="fl-a"/>
      </object_component>
      <object_component id="oc-82">
         <name>.debug_frame</name>
         <load_address>0xff1</load_address>
         <run_address>0xff1</run_address>
         <size>0x19d</size>
         <input_file_ref idref="fl-b"/>
      </object_component>
      <object_component id="oc-87">
         <name>.debug_frame</name>
         <load_address>0x118e</load_address>
         <run_address>0x118e</run_address>
         <size>0xf5</size>
         <input_file_ref idref="fl-c"/>
      </object_component>
      <object_component id="oc-c1">
         <name>.debug_frame</name>
         <load_address>0x1283</load_address>
         <run_address>0x1283</run_address>
         <size>0x8c</size>
         <input_file_ref idref="fl-e"/>
      </object_component>
      <object_component id="oc-c6">
         <name>.debug_frame</name>
         <load_address>0x130f</load_address>
         <run_address>0x130f</run_address>
         <size>0x8c</size>
         <input_file_ref idref="fl-f"/>
      </object_component>
      <object_component id="oc-cb">
         <name>.debug_frame</name>
         <load_address>0x139b</load_address>
         <run_address>0x139b</run_address>
         <size>0x8c</size>
         <input_file_ref idref="fl-10"/>
      </object_component>
      <object_component id="oc-d0">
         <name>.debug_frame</name>
         <load_address>0x1427</load_address>
         <run_address>0x1427</run_address>
         <size>0x8c</size>
         <input_file_ref idref="fl-11"/>
      </object_component>
      <object_component id="oc-d5">
         <name>.debug_frame</name>
         <load_address>0x14b3</load_address>
         <run_address>0x14b3</run_address>
         <size>0xb6</size>
         <input_file_ref idref="fl-12"/>
      </object_component>
      <object_component id="oc-db">
         <name>.debug_frame</name>
         <load_address>0x1569</load_address>
         <run_address>0x1569</run_address>
         <size>0xa1</size>
         <input_file_ref idref="fl-13"/>
      </object_component>
      <object_component id="oc-e0">
         <name>.debug_frame</name>
         <load_address>0x160a</load_address>
         <run_address>0x160a</run_address>
         <size>0xf5</size>
         <input_file_ref idref="fl-14"/>
      </object_component>
      <object_component id="oc-e5">
         <name>.debug_frame</name>
         <load_address>0x16ff</load_address>
         <run_address>0x16ff</run_address>
         <size>0x8c</size>
         <input_file_ref idref="fl-15"/>
      </object_component>
      <object_component id="oc-ea">
         <name>.debug_frame</name>
         <load_address>0x178b</load_address>
         <run_address>0x178b</run_address>
         <size>0x11b</size>
         <input_file_ref idref="fl-16"/>
      </object_component>
      <object_component id="oc-ef">
         <name>.debug_frame</name>
         <load_address>0x18a6</load_address>
         <run_address>0x18a6</run_address>
         <size>0x8d</size>
         <input_file_ref idref="fl-17"/>
      </object_component>
      <object_component id="oc-f9">
         <name>.debug_frame</name>
         <load_address>0x1933</load_address>
         <run_address>0x1933</run_address>
         <size>0xda</size>
         <input_file_ref idref="fl-19"/>
      </object_component>
      <object_component id="oc-fe">
         <name>.debug_frame</name>
         <load_address>0x1a0d</load_address>
         <run_address>0x1a0d</run_address>
         <size>0xc5</size>
         <input_file_ref idref="fl-1a"/>
      </object_component>
      <object_component id="oc-104">
         <name>.debug_frame</name>
         <load_address>0x1ad2</load_address>
         <run_address>0x1ad2</run_address>
         <size>0x118</size>
         <input_file_ref idref="fl-1b"/>
      </object_component>
      <object_component id="oc-116">
         <name>.debug_frame</name>
         <load_address>0x1bea</load_address>
         <run_address>0x1bea</run_address>
         <size>0xbf</size>
         <input_file_ref idref="fl-2a"/>
      </object_component>
      <object_component id="oc-125">
         <name>.debug_frame</name>
         <load_address>0x1ca9</load_address>
         <run_address>0x1ca9</run_address>
         <size>0xcb</size>
         <input_file_ref idref="fl-2d"/>
      </object_component>
      <object_component id="oc-12a">
         <name>.debug_frame</name>
         <load_address>0x1d74</load_address>
         <run_address>0x1d74</run_address>
         <size>0xe3</size>
         <input_file_ref idref="fl-2e"/>
      </object_component>
      <object_component id="oc-134">
         <name>.debug_frame</name>
         <load_address>0x1e57</load_address>
         <run_address>0x1e57</run_address>
         <size>0xa1</size>
         <input_file_ref idref="fl-30"/>
      </object_component>
      <object_component id="oc-139">
         <name>.debug_frame</name>
         <load_address>0x1ef8</load_address>
         <run_address>0x1ef8</run_address>
         <size>0xa1</size>
         <input_file_ref idref="fl-31"/>
      </object_component>
      <object_component id="oc-140">
         <name>.debug_frame</name>
         <load_address>0x1f99</load_address>
         <run_address>0x1f99</run_address>
         <size>0x4c2</size>
         <input_file_ref idref="fl-32"/>
      </object_component>
      <object_component id="oc-145">
         <name>.debug_frame</name>
         <load_address>0x245b</load_address>
         <run_address>0x245b</run_address>
         <size>0xa5</size>
         <input_file_ref idref="fl-33"/>
      </object_component>
      <object_component id="oc-14a">
         <name>.debug_frame</name>
         <load_address>0x2500</load_address>
         <run_address>0x2500</run_address>
         <size>0xa1</size>
         <input_file_ref idref="fl-34"/>
      </object_component>
      <object_component id="oc-14f">
         <name>.debug_frame</name>
         <load_address>0x25a1</load_address>
         <run_address>0x25a1</run_address>
         <size>0xa1</size>
         <input_file_ref idref="fl-35"/>
      </object_component>
      <object_component id="oc-154">
         <name>.debug_frame</name>
         <load_address>0x2642</load_address>
         <run_address>0x2642</run_address>
         <size>0xa1</size>
         <input_file_ref idref="fl-36"/>
      </object_component>
      <object_component id="oc-183">
         <name>.debug_frame</name>
         <load_address>0x26e3</load_address>
         <run_address>0x26e3</run_address>
         <size>0xa7</size>
         <input_file_ref idref="fl-40"/>
      </object_component>
      <object_component id="oc-192">
         <name>.debug_frame</name>
         <load_address>0x278a</load_address>
         <run_address>0x278a</run_address>
         <size>0xa7</size>
         <input_file_ref idref="fl-43"/>
      </object_component>
      <object_component id="oc-1a1">
         <name>.debug_frame</name>
         <load_address>0x2831</load_address>
         <run_address>0x2831</run_address>
         <size>0xb0</size>
         <input_file_ref idref="fl-46"/>
      </object_component>
      <object_component id="oc-1ab">
         <name>.debug_frame</name>
         <load_address>0x28e1</load_address>
         <run_address>0x28e1</run_address>
         <size>0xa1</size>
         <input_file_ref idref="fl-48"/>
      </object_component>
      <object_component id="oc-1b0">
         <name>.debug_frame</name>
         <load_address>0x2982</load_address>
         <run_address>0x2982</run_address>
         <size>0xa1</size>
         <input_file_ref idref="fl-49"/>
      </object_component>
      <object_component id="oc-53">
         <name>.debug_line</name>
         <load_address>0x0</load_address>
         <run_address>0x0</run_address>
         <size>0x1af</size>
         <input_file_ref idref="fl-2"/>
      </object_component>
      <object_component id="oc-59">
         <name>.debug_line</name>
         <load_address>0x1af</load_address>
         <run_address>0x1af</run_address>
         <size>0x68</size>
         <input_file_ref idref="fl-3"/>
      </object_component>
      <object_component id="oc-5f">
         <name>.debug_line</name>
         <load_address>0x217</load_address>
         <run_address>0x217</run_address>
         <size>0x3f</size>
         <input_file_ref idref="fl-4"/>
      </object_component>
      <object_component id="oc-64">
         <name>.debug_line</name>
         <load_address>0x256</load_address>
         <run_address>0x256</run_address>
         <size>0x4e</size>
         <input_file_ref idref="fl-5"/>
      </object_component>
      <object_component id="oc-69">
         <name>.debug_line</name>
         <load_address>0x2a4</load_address>
         <run_address>0x2a4</run_address>
         <size>0x39</size>
         <input_file_ref idref="fl-6"/>
      </object_component>
      <object_component id="oc-6f">
         <name>.debug_line</name>
         <load_address>0x2dd</load_address>
         <run_address>0x2dd</run_address>
         <size>0x78a</size>
         <input_file_ref idref="fl-7"/>
      </object_component>
      <object_component id="oc-74">
         <name>.debug_line</name>
         <load_address>0xa67</load_address>
         <run_address>0xa67</run_address>
         <size>0x52</size>
         <input_file_ref idref="fl-8"/>
      </object_component>
      <object_component id="oc-79">
         <name>.debug_line</name>
         <load_address>0xab9</load_address>
         <run_address>0xab9</run_address>
         <size>0x3a</size>
         <input_file_ref idref="fl-9"/>
      </object_component>
      <object_component id="oc-7e">
         <name>.debug_line</name>
         <load_address>0xaf3</load_address>
         <run_address>0xaf3</run_address>
         <size>0x3a</size>
         <input_file_ref idref="fl-a"/>
      </object_component>
      <object_component id="oc-83">
         <name>.debug_line</name>
         <load_address>0xb2d</load_address>
         <run_address>0xb2d</run_address>
         <size>0x1b8</size>
         <input_file_ref idref="fl-b"/>
      </object_component>
      <object_component id="oc-88">
         <name>.debug_line</name>
         <load_address>0xce5</load_address>
         <run_address>0xce5</run_address>
         <size>0xda</size>
         <input_file_ref idref="fl-c"/>
      </object_component>
      <object_component id="oc-c2">
         <name>.debug_line</name>
         <load_address>0xdbf</load_address>
         <run_address>0xdbf</run_address>
         <size>0x3a</size>
         <input_file_ref idref="fl-e"/>
      </object_component>
      <object_component id="oc-c7">
         <name>.debug_line</name>
         <load_address>0xdf9</load_address>
         <run_address>0xdf9</run_address>
         <size>0x39</size>
         <input_file_ref idref="fl-f"/>
      </object_component>
      <object_component id="oc-cc">
         <name>.debug_line</name>
         <load_address>0xe32</load_address>
         <run_address>0xe32</run_address>
         <size>0x3b</size>
         <input_file_ref idref="fl-10"/>
      </object_component>
      <object_component id="oc-d1">
         <name>.debug_line</name>
         <load_address>0xe6d</load_address>
         <run_address>0xe6d</run_address>
         <size>0x3d</size>
         <input_file_ref idref="fl-11"/>
      </object_component>
      <object_component id="oc-d6">
         <name>.debug_line</name>
         <load_address>0xeaa</load_address>
         <run_address>0xeaa</run_address>
         <size>0x83</size>
         <input_file_ref idref="fl-12"/>
      </object_component>
      <object_component id="oc-dc">
         <name>.debug_line</name>
         <load_address>0xf2d</load_address>
         <run_address>0xf2d</run_address>
         <size>0x5f</size>
         <input_file_ref idref="fl-13"/>
      </object_component>
      <object_component id="oc-e1">
         <name>.debug_line</name>
         <load_address>0xf8c</load_address>
         <run_address>0xf8c</run_address>
         <size>0xc4</size>
         <input_file_ref idref="fl-14"/>
      </object_component>
      <object_component id="oc-e6">
         <name>.debug_line</name>
         <load_address>0x1050</load_address>
         <run_address>0x1050</run_address>
         <size>0x39</size>
         <input_file_ref idref="fl-15"/>
      </object_component>
      <object_component id="oc-eb">
         <name>.debug_line</name>
         <load_address>0x1089</load_address>
         <run_address>0x1089</run_address>
         <size>0x150</size>
         <input_file_ref idref="fl-16"/>
      </object_component>
      <object_component id="oc-f0">
         <name>.debug_line</name>
         <load_address>0x11d9</load_address>
         <run_address>0x11d9</run_address>
         <size>0x3b</size>
         <input_file_ref idref="fl-17"/>
      </object_component>
      <object_component id="oc-f5">
         <name>.debug_line</name>
         <load_address>0x1214</load_address>
         <run_address>0x1214</run_address>
         <size>0x4f</size>
         <input_file_ref idref="fl-18"/>
      </object_component>
      <object_component id="oc-fa">
         <name>.debug_line</name>
         <load_address>0x1263</load_address>
         <run_address>0x1263</run_address>
         <size>0xc8</size>
         <input_file_ref idref="fl-19"/>
      </object_component>
      <object_component id="oc-ff">
         <name>.debug_line</name>
         <load_address>0x132b</load_address>
         <run_address>0x132b</run_address>
         <size>0x91</size>
         <input_file_ref idref="fl-1a"/>
      </object_component>
      <object_component id="oc-105">
         <name>.debug_line</name>
         <load_address>0x13bc</load_address>
         <run_address>0x13bc</run_address>
         <size>0x12e</size>
         <input_file_ref idref="fl-1b"/>
      </object_component>
      <object_component id="oc-10a">
         <name>.debug_line</name>
         <load_address>0x14ea</load_address>
         <run_address>0x14ea</run_address>
         <size>0x72</size>
         <input_file_ref idref="fl-22"/>
      </object_component>
      <object_component id="oc-110">
         <name>.debug_line</name>
         <load_address>0x155c</load_address>
         <run_address>0x155c</run_address>
         <size>0x74</size>
         <input_file_ref idref="fl-29"/>
      </object_component>
      <object_component id="oc-117">
         <name>.debug_line</name>
         <load_address>0x15d0</load_address>
         <run_address>0x15d0</run_address>
         <size>0x65</size>
         <input_file_ref idref="fl-2a"/>
      </object_component>
      <object_component id="oc-11c">
         <name>.debug_line</name>
         <load_address>0x1635</load_address>
         <run_address>0x1635</run_address>
         <size>0xad</size>
         <input_file_ref idref="fl-2b"/>
      </object_component>
      <object_component id="oc-121">
         <name>.debug_line</name>
         <load_address>0x16e2</load_address>
         <run_address>0x16e2</run_address>
         <size>0x63</size>
         <input_file_ref idref="fl-2c"/>
      </object_component>
      <object_component id="oc-126">
         <name>.debug_line</name>
         <load_address>0x1745</load_address>
         <run_address>0x1745</run_address>
         <size>0x5e</size>
         <input_file_ref idref="fl-2d"/>
      </object_component>
      <object_component id="oc-12b">
         <name>.debug_line</name>
         <load_address>0x17a3</load_address>
         <run_address>0x17a3</run_address>
         <size>0x7d</size>
         <input_file_ref idref="fl-2e"/>
      </object_component>
      <object_component id="oc-130">
         <name>.debug_line</name>
         <load_address>0x1820</load_address>
         <run_address>0x1820</run_address>
         <size>0x4d</size>
         <input_file_ref idref="fl-2f"/>
      </object_component>
      <object_component id="oc-135">
         <name>.debug_line</name>
         <load_address>0x186d</load_address>
         <run_address>0x186d</run_address>
         <size>0x59</size>
         <input_file_ref idref="fl-30"/>
      </object_component>
      <object_component id="oc-13a">
         <name>.debug_line</name>
         <load_address>0x18c6</load_address>
         <run_address>0x18c6</run_address>
         <size>0x62</size>
         <input_file_ref idref="fl-31"/>
      </object_component>
      <object_component id="oc-141">
         <name>.debug_line</name>
         <load_address>0x1928</load_address>
         <run_address>0x1928</run_address>
         <size>0xaf8</size>
         <input_file_ref idref="fl-32"/>
      </object_component>
      <object_component id="oc-146">
         <name>.debug_line</name>
         <load_address>0x2420</load_address>
         <run_address>0x2420</run_address>
         <size>0x8e</size>
         <input_file_ref idref="fl-33"/>
      </object_component>
      <object_component id="oc-14b">
         <name>.debug_line</name>
         <load_address>0x24ae</load_address>
         <run_address>0x24ae</run_address>
         <size>0x87</size>
         <input_file_ref idref="fl-34"/>
      </object_component>
      <object_component id="oc-150">
         <name>.debug_line</name>
         <load_address>0x2535</load_address>
         <run_address>0x2535</run_address>
         <size>0x8e</size>
         <input_file_ref idref="fl-35"/>
      </object_component>
      <object_component id="oc-155">
         <name>.debug_line</name>
[...]
      </symbol>
      <symbol id="sm-324">
         <name>_InitScibGpio</name>
         <value>0xb991</value>
         <object_component_ref idref="oc-1d2"/>
      </symbol>
      <symbol id="sm-325">
         <name>_InitSciaGpio</name>
         <value>0xb9aa</value>
         <object_component_ref idref="oc-1d2"/>
      </symbol>
      <symbol id="sm-326">
         <name>_InitSciGpio</name>
         <value>0xb9c5</value>
         <object_component_ref idref="oc-1d2"/>
      </symbol>
      <symbol id="sm-327">
         <name>_InitSci</name>
         <value>0xb9cc</value>
         <object_component_ref idref="oc-1d2"/>
      </symbol>
      <symbol id="sm-344">
         <name>_InitPll</name>
         <value>0xb3f2</value>
         <object_component_ref idref="oc-1cb"/>
      </symbol>
      <symbol id="sm-345">
         <name>_DisableDog</name>
         <value>0xb3ea</value>
         <object_component_ref idref="oc-1cb"/>
      </symbol>
      <symbol id="sm-346">
         <name>_InitPeripheralClocks</name>
         <value>0xb455</value>
         <object_component_ref idref="oc-1cb"/>
      </symbol>
      <symbol id="sm-347">
         <name>_CsmUnlock</name>
         <value>0xb4cb</value>
         <object_component_ref idref="oc-1cb"/>
      </symbol>
      <symbol id="sm-348">
         <name>_ServiceDog</name>
         <value>0xb3e0</value>
         <object_component_ref idref="oc-1cb"/>
      </symbol>
      <symbol id="sm-349">
         <name>_InitSysCtrl</name>
         <value>0xb4c2</value>
         <object_component_ref idref="oc-1cb"/>
      </symbol>
      <symbol id="sm-35f">
         <name>_DSP28x_usDelay</name>
         <value>0x803e</value>
         <object_component_ref idref="oc-f3"/>
      </symbol>
      <symbol id="sm-36c">
         <name>_EPwmSetup</name>
         <value>0xb84c</value>
         <object_component_ref idref="oc-1ca"/>
      </symbol>
      <symbol id="sm-36d">
         <name>_EPwmSetup2</name>
         <value>0xb80f</value>
         <object_component_ref idref="oc-1ca"/>
      </symbol>
      <symbol id="sm-37f">
         <name>_FREQCAL_Calc</name>
         <value>0xb93f</value>
         <object_component_ref idref="oc-1c4"/>
      </symbol>
      <symbol id="sm-380">
         <name>_FREQCAL_Init</name>
         <value>0xb917</value>
         <object_component_ref idref="oc-1c4"/>
      </symbol>
      <symbol id="sm-393">
         <name>_ErrorCount</name>
         <value>0xc039</value>
         <object_component_ref idref="oc-103"/>
      </symbol>
      <symbol id="sm-394">
         <name>_scia_echoback_init</name>
         <value>0xb509</value>
         <object_component_ref idref="oc-1c8"/>
      </symbol>
      <symbol id="sm-395">
         <name>_scia_xmit</name>
         <value>0xb4e5</value>
         <object_component_ref idref="oc-1c8"/>
      </symbol>
      <symbol id="sm-396">
         <name>_scia_get_char</name>
         <value>0xb4f3</value>
         <object_component_ref idref="oc-1c8"/>
      </symbol>
      <symbol id="sm-397">
         <name>_scia_msg</name>
         <value>0xb4ec</value>
         <object_component_ref idref="oc-1c8"/>
      </symbol>
      <symbol id="sm-398">
         <name>_scia_fifo_init</name>
         <value>0xb501</value>
         <object_component_ref idref="oc-1c8"/>
      </symbol>
      <symbol id="sm-399">
         <name>_gpioSetup</name>
         <value>0xb51b</value>
         <object_component_ref idref="oc-1c8"/>
      </symbol>
      <symbol id="sm-39a">
         <name>_LoopCount</name>
         <value>0xc038</value>
         <object_component_ref idref="oc-103"/>
      </symbol>
      <symbol id="sm-3a5">
         <name>__IQ24div</name>
         <value>0xbd31</value>
         <object_component_ref idref="oc-108"/>
      </symbol>
      <symbol id="sm-3a9">
         <name>_IQ4mpyRndSatTable</name>
         <value>0x3feb20</value>
         <object_component_ref idref="oc-10c"/>
      </symbol>
      <symbol id="sm-3aa">
         <name>_IQ5mpyRndSatTable</name>
         <value>0x3feb14</value>
         <object_component_ref idref="oc-10c"/>
      </symbol>
      <symbol id="sm-3ab">
         <name>_IQatan2Table</name>
         <value>0x3fe862</value>
         <object_component_ref idref="oc-10c"/>
      </symbol>
      <symbol id="sm-3ac">
         <name>_IQisqrtTableEnd</name>
         <value>0x3fe824</value>
         <object_component_ref idref="oc-10c"/>
      </symbol>
      <symbol id="sm-3ad">
         <name>_IQ8mpyRndSatTable</name>
         <value>0x3feaf0</value>
         <object_component_ref idref="oc-10c"/>
      </symbol>
      <symbol id="sm-3ae">
         <name>_IQ9mpyRndSatTable</name>
         <value>0x3feae4</value>
         <object_component_ref idref="oc-10c"/>
      </symbol>
      <symbol id="sm-3af">
         <name>_IQsqrtTable</name>
         <value>0x3fe722</value>
         <object_component_ref idref="oc-10c"/>
      </symbol>
      <symbol id="sm-3b0">
         <name>_IQcosTableEnd</name>
         <value>0x3fe502</value>
         <object_component_ref idref="oc-10c"/>
      </symbol>
      <symbol id="sm-3b1">
         <name>_IQatan2HalfPITable</name>
         <value>0x3fe824</value>
         <object_component_ref idref="oc-10c"/>
      </symbol>
      <symbol id="sm-3b2">
         <name>_IQisqrtTable</name>
         <value>0x3fe722</value>
         <object_component_ref idref="oc-10c"/>
      </symbol>
      <symbol id="sm-3b3">
         <name>_IQsqrtRoundSatTable</name>
         <value>0x3fe712</value>
         <object_component_ref idref="oc-10c"/>
      </symbol>
      <symbol id="sm-3b4">
         <name>_IQsqrtTableEnd</name>
         <value>0x3fe824</value>
         <object_component_ref idref="oc-10c"/>
      </symbol>
      <symbol id="sm-3b5">
         <name>_IQ30mpyRndSatTable</name>
         <value>0x3fe9e8</value>
         <object_component_ref idref="oc-10c"/>
      </symbol>
      <symbol id="sm-3b6">
         <name>_IQ17mpyRndSatTable</name>
         <value>0x3fea84</value>
         <object_component_ref idref="oc-10c"/>
      </symbol>
      <symbol id="sm-3b7">
         <name>_IQ16mpyRndSatTable</name>
         <value>0x3fea90</value>
         <object_component_ref idref="oc-10c"/>
      </symbol>
      <symbol id="sm-3b8">
         <name>_IQ15mpyRndSatTable</name>
         <value>0x3fea9c</value>
         <object_component_ref idref="oc-10c"/>
      </symbol>
      <symbol id="sm-3b9">
         <name>_IQ14mpyRndSatTable</name>
         <value>0x3feaa8</value>
         <object_component_ref idref="oc-10c"/>
      </symbol>
      <symbol id="sm-3ba">
         <name>_IQ13mpyRndSatTable</name>
         <value>0x3feab4</value>
         <object_component_ref idref="oc-10c"/>
      </symbol>
      <symbol id="sm-3bb">
         <name>_IQmpyRndSatTable</name>
         <value>0x3fe9e8</value>
         <object_component_ref idref="oc-10c"/>
      </symbol>
      <symbol id="sm-3bc">
         <name>_IQ12mpyRndSatTable</name>
         <value>0x3feac0</value>
         <object_component_ref idref="oc-10c"/>
      </symbol>
      <symbol id="sm-3bd">
         <name>_IQdivRoundSatTable</name>
         <value>0x3fe502</value>
         <object_component_ref idref="oc-10c"/>
      </symbol>
      <symbol id="sm-3be">
         <name>_IQisqrtRoundSatTable</name>
         <value>0x3fe712</value>
         <object_component_ref idref="oc-10c"/>
      </symbol>
      <symbol id="sm-3bf">
         <name>_IQ11mpyRndSatTable</name>
         <value>0x3feacc</value>
         <object_component_ref idref="oc-10c"/>
      </symbol>
      <symbol id="sm-3c0">
         <name>_IQcosTable</name>
         <value>0x3fe100</value>
         <object_component_ref idref="oc-10c"/>
      </symbol>
      <symbol id="sm-3c1">
         <name>_IQ10mpyRndSatTable</name>
         <value>0x3fead8</value>
         <object_component_ref idref="oc-10c"/>
      </symbol>
      <symbol id="sm-3c2">
         <name>_IQmpyRndSatTableEnd</name>
         <value>0x3feb50</value>
         <object_component_ref idref="oc-10c"/>
      </symbol>
      <symbol id="sm-3c3">
         <name>_IQ19mpyRndSatTable</name>
         <value>0x3fea6c</value>
         <object_component_ref idref="oc-10c"/>
      </symbol>
      <symbol id="sm-3c4">
         <name>_IQ27mpyRndSatTable</name>
         <value>0x3fea0c</value>
         <object_component_ref idref="oc-10c"/>
      </symbol>
      <symbol id="sm-3c5">
         <name>_IQ18mpyRndSatTable</name>
         <value>0x3fea78</value>
         <object_component_ref idref="oc-10c"/>
      </symbol>
      <symbol id="sm-3c6">
         <name>_IQ26mpyRndSatTable</name>
         <value>0x3fea18</value>
         <object_component_ref idref="oc-10c"/>
      </symbol>
      <symbol id="sm-3c7">
         <name>_IQ25mpyRndSatTable</name>
         <value>0x3fea24</value>
         <object_component_ref idref="oc-10c"/>
      </symbol>
      <symbol id="sm-3c8">
         <name>_IQsinTable</name>
         <value>0x3fe000</value>
         <object_component_ref idref="oc-10c"/>
      </symbol>
      <symbol id="sm-3c9">
         <name>_IQ24mpyRndSatTable</name>
         <value>0x3fea30</value>
         <object_component_ref idref="oc-10c"/>
      </symbol>
      <symbol id="sm-3ca">
         <name>_IQdivTableEnd</name>
         <value>0x3fe712</value>
         <object_component_ref idref="oc-10c"/>
      </symbol>
      <symbol id="sm-3cb">
         <name>_IQ23mpyRndSatTable</name>
         <value>0x3fea3c</value>
         <object_component_ref idref="oc-10c"/>
      </symbol>
      <symbol id="sm-3cc">
         <name>_IQ22mpyRndSatTable</name>
         <value>0x3fea48</value>
         <object_component_ref idref="oc-10c"/>
      </symbol>
      <symbol id="sm-3cd">
         <name>_IQ21mpyRndSatTable</name>
         <value>0x3fea54</value>
         <object_component_ref idref="oc-10c"/>
      </symbol>
      <symbol id="sm-3ce">
         <name>_IQ20mpyRndSatTable</name>
         <value>0x3fea60</value>
         <object_component_ref idref="oc-10c"/>
      </symbol>
      <symbol id="sm-3cf">
         <name>_IQsinTableEnd</name>
         <value>0x3fe400</value>
         <object_component_ref idref="oc-10c"/>
      </symbol>
      <symbol id="sm-3d0">
         <name>_IQdivTable</name>
         <value>0x3fe510</value>
         <object_component_ref idref="oc-10c"/>
      </symbol>
      <symbol id="sm-3d1">
         <name>_IQ2mpyRndSatTable</name>
         <value>0x3feb38</value>
         <object_component_ref idref="oc-10c"/>
      </symbol>
      <symbol id="sm-3d2">
         <name>_IQ3mpyRndSatTable</name>
         <value>0x3feb2c</value>
         <object_component_ref idref="oc-10c"/>
      </symbol>
      <symbol id="sm-3d3">
         <name>_IQ1mpyRndSatTable</name>
         <value>0x3feb44</value>
         <object_component_ref idref="oc-10c"/>
      </symbol>
      <symbol id="sm-3d4">
         <name>_IQ29mpyRndSatTable</name>
         <value>0x3fe9f4</value>
         <object_component_ref idref="oc-10c"/>
      </symbol>
      <symbol id="sm-3d5">
         <name>_IQ6mpyRndSatTable</name>
         <value>0x3feb08</value>
         <object_component_ref idref="oc-10c"/>
      </symbol>
      <symbol id="sm-3d6">
         <name>_IQatan2TableEnd</name>
         <value>0x3fe9e8</value>
         <object_component_ref idref="oc-10c"/>
      </symbol>
      <symbol id="sm-3d7">
         <name>_IQ28mpyRndSatTable</name>
         <value>0x3fea00</value>
         <object_component_ref idref="oc-10c"/>
      </symbol>
      <symbol id="sm-3d8">
         <name>_IQ7mpyRndSatTable</name>
         <value>0x3feafc</value>
         <object_component_ref idref="oc-10c"/>
      </symbol>
      <symbol id="sm-3f1">
         <name>_c_int00</name>
         <value>0xb9cd</value>
         <object_component_ref idref="oc-4d"/>
      </symbol>
      <symbol id="sm-3f2">
         <name>__stack</name>
         <value>0x400</value>
         <object_component_ref idref="oc-10d"/>
      </symbol>
      <symbol id="sm-406">
         <name>C$$EXIT</name>
         <value>0xbc63</value>
         <object_component_ref idref="oc-1c3"/>
      </symbol>
      <symbol id="sm-407">
         <name>_exit</name>
         <value>0xbc65</value>
         <object_component_ref idref="oc-1c3"/>
      </symbol>
      <symbol id="sm-408">
         <name>___TI_cleanup_ptr</name>
         <value>0xc030</value>
         <object_component_ref idref="oc-115"/>
      </symbol>
      <symbol id="sm-409">
         <name>_abort</name>
         <value>0xbc63</value>
         <object_component_ref idref="oc-1c3"/>
      </symbol>
      <symbol id="sm-40a">
         <name>___TI_dtors_ptr</name>
         <value>0xc032</value>
         <object_component_ref idref="oc-115"/>
      </symbol>
      <symbol id="sm-41b">
         <name>FS$$DIV</name>
         <value>0xb787</value>
         <object_component_ref idref="oc-11a"/>
      </symbol>
      <symbol id="sm-429">
         <name>ULL$$CMP</name>
         <value>0xbbcb</value>
         <object_component_ref idref="oc-11f"/>
      </symbol>
      <symbol id="sm-42a">
         <name>LL$$CMP</name>
         <value>0xbbb9</value>
         <object_component_ref idref="oc-11f"/>
      </symbol>
      <symbol id="sm-43f">
         <name>__unlock</name>
         <value>0xc036</value>
         <object_component_ref idref="oc-1d5"/>
      </symbol>
      <symbol id="sm-440">
         <name>__lock</name>
         <value>0xc034</value>
         <object_component_ref idref="oc-1c6"/>
      </symbol>
      <symbol id="sm-441">
         <name>__register_lock</name>
         <value>0xbd04</value>
         <object_component_ref idref="oc-1ce"/>
      </symbol>
      <symbol id="sm-442">
         <name>__nop</name>
         <value>0xbd08</value>
         <object_component_ref idref="oc-1ce"/>
      </symbol>
      <symbol id="sm-443">
         <name>__register_unlock</name>
         <value>0xbd00</value>
         <object_component_ref idref="oc-1ce"/>
      </symbol>
      <symbol id="sm-452">
         <name>_sprintf</name>
         <value>0xba7a</value>
         <object_component_ref idref="oc-1c9"/>
      </symbol>
      <symbol id="sm-45f">
         <name>ULL$$TOFS</name>
         <value>0xbcbb</value>
         <object_component_ref idref="oc-12e"/>
      </symbol>
      <symbol id="sm-46f">
         <name>__args_main</name>
         <value>0xbc4a</value>
         <object_component_ref idref="oc-1c2"/>
      </symbol>
      <symbol id="sm-481">
         <name>_memcpy</name>
         <value>0xbbd7</value>
         <object_component_ref idref="oc-1d4"/>
      </symbol>
      <symbol id="sm-5ae">
         <name>___TI_printfi</name>
         <value>0xab01</value>
         <object_component_ref idref="oc-1d3"/>
      </symbol>
      <symbol id="sm-5be">
         <name>_strchr</name>
         <value>0xbcf4</value>
         <object_component_ref idref="oc-1d9"/>
      </symbol>
      <symbol id="sm-5cc">
         <name>_strcpy</name>
         <value>0xbd29</value>
         <object_component_ref idref="oc-1dd"/>
      </symbol>
      <symbol id="sm-5da">
         <name>_strlen</name>
         <value>0xbd1a</value>
         <object_component_ref idref="oc-1d7"/>
      </symbol>
      <symbol id="sm-5ef">
         <name>_atoi</name>
         <value>0xba47</value>
         <object_component_ref idref="oc-1d6"/>
      </symbol>
      <symbol id="sm-5f8">
         <name>__ctypes_</name>
         <value>0xe197</value>
         <object_component_ref idref="oc-1df"/>
      </symbol>
      <symbol id="sm-608">
         <name>FD$$CMP</name>
         <value>0xbada</value>
         <object_component_ref idref="oc-15a"/>
      </symbol>
      <symbol id="sm-61f">
         <name>FD$$DIV</name>
         <value>0xb6fc</value>
         <object_component_ref idref="oc-15f"/>
      </symbol>
      <symbol id="sm-631">
         <name>FD$$MPY</name>
         <value>0xb894</value>
         <object_component_ref idref="oc-164"/>
      </symbol>
      <symbol id="sm-63e">
         <name>FD$$NEG</name>
         <value>0xbd09</value>
         <object_component_ref idref="oc-169"/>
      </symbol>
      <symbol id="sm-64a">
         <name>FD$$SUB</name>
         <value>0xbccc</value>
         <object_component_ref idref="oc-16e"/>
      </symbol>
      <symbol id="sm-65a">
         <name>FD$$TOFS</name>
         <value>0xbb56</value>
         <object_component_ref idref="oc-173"/>
      </symbol>
      <symbol id="sm-669">
         <name>FD$$TOI</name>
         <value>0xbb79</value>
         <object_component_ref idref="oc-178"/>
      </symbol>
      <symbol id="sm-678">
         <name>FD$$TOL</name>
         <value>0xbb9a</value>
         <object_component_ref idref="oc-17d"/>
      </symbol>
      <symbol id="sm-688">
         <name>_frexp</name>
         <value>0xbc94</value>
         <object_component_ref idref="oc-1da"/>
      </symbol>
      <symbol id="sm-698">
         <name>FS$$TOFD</name>
         <value>0xbc12</value>
         <object_component_ref idref="oc-187"/>
      </symbol>
      <symbol id="sm-6a8">
         <name>I$$TOFD</name>
         <value>0xbbf5</value>
         <object_component_ref idref="oc-18c"/>
      </symbol>
      <symbol id="sm-6bb">
         <name>_ldexp</name>
         <value>0xba13</value>
         <object_component_ref idref="oc-1db"/>
      </symbol>
      <symbol id="sm-6c7">
         <name>LL$$AND</name>
         <value>0xbc7c</value>
         <object_component_ref idref="oc-196"/>
      </symbol>
      <symbol id="sm-6c8">
         <name>LL$$OR</name>
         <value>0xbc84</value>
         <object_component_ref idref="oc-196"/>
      </symbol>
      <symbol id="sm-6c9">
         <name>LL$$XOR</name>
         <value>0xbc8c</value>
         <object_component_ref idref="oc-196"/>
      </symbol>
      <symbol id="sm-6f5">
         <name>ULL$$MOD</name>
         <value>0xb37e</value>
         <object_component_ref idref="oc-19b"/>
      </symbol>
      <symbol id="sm-6f6">
         <name>ULL$$DIV</name>
         <value>0xb34f</value>
         <object_component_ref idref="oc-19b"/>
      </symbol>
      <symbol id="sm-6f7">
         <name>LL$$MOD</name>
         <value>0xb315</value>
         <object_component_ref idref="oc-19b"/>
      </symbol>
      <symbol id="sm-6f8">
         <name>LL$$DIV</name>
         <value>0xb2d9</value>
         <object_component_ref idref="oc-19b"/>
      </symbol>
      <symbol id="sm-707">
         <name>_ltoa</name>
         <value>0xbaac</value>
         <object_component_ref idref="oc-1d8"/>
      </symbol>
      <symbol id="sm-717">
         <name>L$$TOFD</name>
         <value>0xbc2e</value>
         <object_component_ref idref="oc-1a5"/>
      </symbol>
      <symbol id="sm-727">
         <name>_memccpy</name>
         <value>0xbcda</value>
         <object_component_ref idref="oc-1de"/>
      </symbol>
      <symbol id="sm-736">
         <name>_memset</name>
         <value>0xbce8</value>
         <object_component_ref idref="oc-1dc"/>
      </symbol>
      <symbol id="sm-741">
         <name>_errno</name>
         <value>0xc03a</value>
         <object_component_ref idref="oc-1b6"/>
      </symbol>
      <symbol id="sm-75c">
         <name>FD$$ADD</name>
         <value>0xb5d5</value>
         <object_component_ref idref="oc-1b8"/>
      </symbol>
      <symbol id="sm-768">
         <name>UL$$MOD</name>
         <value>0xbb28</value>
         <object_component_ref idref="oc-1bd"/>
      </symbol>
      <symbol id="sm-769">
         <name>L$$MOD</name>
         <value>0xbb13</value>
         <object_component_ref idref="oc-1bd"/>
      </symbol>
      <symbol id="sm-76a">
         <name>L$$DIV</name>
         <value>0xbb04</value>
         <object_component_ref idref="oc-1bd"/>
      </symbol>
      <symbol id="sm-76b">
         <name>UL$$DIV</name>
         <value>0xbb21</value>
         <object_component_ref idref="oc-1bd"/>
      </symbol>
   </symbol_table>
   <title>Link successful</title>
</link_info>
