******************************************************************************
  TMS320C2000 Evaluation Linker PC v5.2.11                     
******************************************************************************
>> Linked Fri Nov 18 16:47:06 2011

OUTPUT FILE NAME:   <EncSync.out>
ENTRY POINT SYMBOL: "code_start"  address: 00000000


MEMORY CONFIGURATION

         name            origin    length      used     unused   attr    fill
----------------------  --------  ---------  --------  --------  ----  --------
PAGE 0:
  BEGIN                 00000000   00000002  00000002  00000000  RWIX
  RAMM0                 00000052   000003ae  00000000  000003ae  RWIX
  RAML0                 00008000   00002000  00000004  00001ffc  RWIX
  RAML1                 0000a000   00002000  00000565  00001a9b  RWIX
  ZONE7A                00200000   0000fc00  00000000  0000fc00  RWIX
  RAMH0                 00300000   00008000  00000000  00008000  RWIX
  RAMH1                 00308000   00008000  00000000  00008000  RWIX
  RAMH2                 00310000   00008000  00000000  00008000  RWIX
  CSM_RSVD              0033ff80   00000076  00000000  00000076  RWIX
  CSM_PWL_PROG          0033fff8   00000008  00000000  00000008  RWIX
  IQTABLES              003fe000   00000b50  00000000  00000b50  RWIX
  IQTABLES2             003feb50   0000008c  00000000  0000008c  RWIX
  FPUTABLES             003febdc   000006a0  00000000  000006a0  RWIX
  BOOTROM               003ff27c   00000d44  00000000  00000d44  RWIX
  RESET                 003fffc0   00000002  00000000  00000002  RWIX

PAGE 1:
  BOOT_RSVD             00000002   00000050  00000000  00000050  RWIX
  RAMM1                 00000400   00000400  00000300  00000100  RWIX
  DEV_EMU               00000880   00000180  000000d0  000000b0  RWIX
  CSM                   00000ae0   00000010  00000010  00000000  RWIX
  XINTF                 00000b20   00000020  0000001e  00000002  RWIX
  CPU_TIMER0            00000c00   00000008  00000008  00000000  RWIX
  CPU_TIMER1            00000c08   00000008  00000008  00000000  RWIX
  CPU_TIMER2            00000c10   00000008  00000008  00000000  RWIX
  PIE_CTRL              00000ce0   00000020  0000001a  00000006  RWIX
  PIE_VECT              00000d00   00000100  00000100  00000000  RWIX
  DMA                   00001000   00000200  000000e0  00000120  RWIX
  MCBSPA                00005000   00000040  00000025  0000001b  RWIX
  MCBSPB                00005040   00000040  00000025  0000001b  RWIX
  ECANA                 00006000   00000040  00000034  0000000c  RWIX
  ECANA_LAM             00006040   00000040  00000040  00000000  RWIX
  ECANA_MOTS            00006080   00000040  00000040  00000000  RWIX
  ECANA_MOTO            000060c0   00000040  00000040  00000000  RWIX
  ECANA_MBOX            00006100   00000100  00000100  00000000  RWIX
  ECANB                 00006200   00000040  00000034  0000000c  RWIX
  ECANB_LAM             00006240   00000040  00000040  00000000  RWIX
  ECANB_MOTS            00006280   00000040  00000040  00000000  RWIX
  ECANB_MOTO            000062c0   00000040  00000040  00000000  RWIX
  ECANB_MBOX            00006300   00000100  00000100  00000000  RWIX
  EPWM9                 00006600   00000022  00000022  00000000  RWIX
  EPWM1                 00006800   00000022  00000022  00000000  RWIX
  EPWM2                 00006840   00000022  00000022  00000000  RWIX
  EPWM3                 00006880   00000022  00000022  00000000  RWIX
  EPWM4                 000068c0   00000022  00000022  00000000  RWIX
  EPWM5                 00006900   00000022  00000022  00000000  RWIX
  EPWM6                 00006940   00000022  00000022  00000000  RWIX
  EPWM7                 00006980   00000022  00000022  00000000  RWIX
  EPWM8                 000069c0   00000022  00000022  00000000  RWIX
  ECAP1                 00006a00   00000020  00000020  00000000  RWIX
  ECAP2                 00006a20   00000020  00000020  00000000  RWIX
  ECAP3                 00006a40   00000020  00000020  00000000  RWIX
  ECAP4                 00006a60   00000020  00000020  00000000  RWIX
  ECAP5                 00006a80   00000020  00000020  00000000  RWIX
  ECAP6                 00006aa0   00000020  00000020  00000000  RWIX
  EQEP1                 00006b00   00000040  00000040  00000000  RWIX
  EQEP2                 00006b40   00000040  00000040  00000000  RWIX
  EQEP3                 00006b80   00000040  00000040  00000000  RWIX
  GPIOCTRL              00006f80   00000040  0000002e  00000012  RWIX
  GPIODAT               00006fc0   00000020  00000020  00000000  RWIX
  GPIOINT               00006fe0   00000020  0000000a  00000016  RWIX
  SYSTEM                00007010   00000021  00000020  00000001  RWIX
  SPIA                  00007040   00000010  00000010  00000000  RWIX
  SCIA                  00007050   00000010  00000010  00000000  RWIX
  XINTRUPT              00007070   00000010  00000010  00000000  RWIX
  SCIB                  00007750   00000010  00000010  00000000  RWIX
  SCIC                  00007770   00000010  00000010  00000000  RWIX
  SPID                  00007780   00000010  00000010  00000000  RWIX
  I2CA                  00007900   00000040  00000022  0000001e  RWIX
  RAML2                 0000c000   00002000  00000030  00001fd0  RWIX
  RAML3                 0000e000   00002000  00000100  00001f00  RWIX
  RAML4                 00010000   00002000  00000000  00002000  RWIX
  RAML5                 00012000   00002000  00000000  00002000  RWIX
  RAML6                 00014000   00002000  00000000  00002000  RWIX
  RAML7                 00016000   00002000  00000000  00002000  RWIX
  ZONE7B                0020fc00   00000400  00000000  00000400  RWIX
  RAMH3                 00318000   00008000  00000000  00008000  RWIX
  RAMH4                 00320000   00008000  00000000  00008000  RWIX
  RAMH5                 00328000   00008000  00000000  00008000  RWIX
  CSM_PWL               0033fff8   00000008  00000008  00000000  RWIX


SECTION ALLOCATION MAP

 output                                  attributes/
section   page    origin      length       input sections
--------  ----  ----------  ----------   ----------------
codestart 
*          0    00000000    00000002     
                  00000000    00000002     DSP2834x_CodeStartBranch.obj (codestart)

.pinit     0    00008000    00000000     UNINITIALIZED

ramfuncs   0    00008000    00000004     
                  00008000    00000004     DSP2834x_usDelay.obj (ramfuncs)

.cinit     0    00008000    00000016     COPY SECTION
                  00008000    0000000a     rts2800_ml.lib : exit.obj (.cinit)
                  0000800a    0000000a                    : _lock.obj (.cinit)
                  00008014    00000002     --HOLE-- [fill = 0]

.text      0    0000a000    00000565     
                  0000a000    000001f4     EncSync.obj (.text)
                  0000a1f4    000001a9     DSP2834x_DefaultIsr.obj (.text)
                  0000a39d    000000f7     DSP2834x_SysCtrl.obj (.text)
                  0000a494    00000044     rts2800_ml.lib : boot.obj (.text)
                  0000a4d8    00000028     DSP2834x_PieCtrl.obj (.text)
                  0000a500    00000020     DSP2834x_PieVect.obj (.text)
                  0000a520    0000001b     rts2800_ml.lib : args_main.obj (.text)
                  0000a53b    00000019                    : exit.obj (.text)
                  0000a554    00000009                    : _lock.obj (.text)
                  0000a55d    00000008     DSP2834x_CodeStartBranch.obj (.text)

csm_rsvd   0    0033ff80    00000000     DSECT

csmpasswds 
*          0    0033fff8    00000000     DSECT

.reset     0    003fffc0    00000002     DSECT
                  003fffc0    00000002     rts2800_ml.lib : boot.obj (.reset)

.stack     1    00000400    00000300     UNINITIALIZED
                  00000400    00000300     --HOLE--

DevEmuRegsFile 
*          1    00000880    000000d0     UNINITIALIZED
                  00000880    000000d0     DSP2834x_GlobalVariableDefs.obj (DevEmuRegsFile)

CsmRegsFile 
*          1    00000ae0    00000010     UNINITIALIZED
                  00000ae0    00000010     DSP2834x_GlobalVariableDefs.obj (CsmRegsFile)

XintfRegsFile 
*          1    00000b20    0000001e     UNINITIALIZED
                  00000b20    0000001e     DSP2834x_GlobalVariableDefs.obj (XintfRegsFile)

CpuTimer0RegsFile 
*          1    00000c00    00000008     UNINITIALIZED
                  00000c00    00000008     DSP2834x_GlobalVariableDefs.obj (CpuTimer0RegsFile)

CpuTimer1RegsFile 
*          1    00000c08    00000008     UNINITIALIZED
                  00000c08    00000008     DSP2834x_GlobalVariableDefs.obj (CpuTimer1RegsFile)

CpuTimer2RegsFile 
*          1    00000c10    00000008     UNINITIALIZED
                  00000c10    00000008     DSP2834x_GlobalVariableDefs.obj (CpuTimer2RegsFile)

PieCtrlRegsFile 
*          1    00000ce0    0000001a     UNINITIALIZED
                  00000ce0    0000001a     DSP2834x_GlobalVariableDefs.obj (PieCtrlRegsFile)

PieVectTableFile 
*          1    00000d00    00000100     UNINITIALIZED
                  00000d00    00000100     DSP2834x_GlobalVariableDefs.obj (PieVectTableFile)

DmaRegsFile 
*          1    00001000    000000e0     UNINITIALIZED
                  00001000    000000e0     DSP2834x_GlobalVariableDefs.obj (DmaRegsFile)

McbspaRegsFile 
*          1    00005000    00000025     UNINITIALIZED
                  00005000    00000025     DSP2834x_GlobalVariableDefs.obj (McbspaRegsFile)

McbspbRegsFile 
*          1    00005040    00000025     UNINITIALIZED
                  00005040    00000025     DSP2834x_GlobalVariableDefs.obj (McbspbRegsFile)

ECanaRegsFile 
*          1    00006000    00000034     UNINITIALIZED
                  00006000    00000034     DSP2834x_GlobalVariableDefs.obj (ECanaRegsFile)

ECanaLAMRegsFile 
*          1    00006040    00000040     UNINITIALIZED
                  00006040    00000040     DSP2834x_GlobalVariableDefs.obj (ECanaLAMRegsFile)

ECanaMOTSRegsFile 
*          1    00006080    00000040     UNINITIALIZED
                  00006080    00000040     DSP2834x_GlobalVariableDefs.obj (ECanaMOTSRegsFile)

ECanaMOTORegsFile 
*          1    000060c0    00000040     UNINITIALIZED
                  000060c0    00000040     DSP2834x_GlobalVariableDefs.obj (ECanaMOTORegsFile)

ECanaMboxesFile 
*          1    00006100    00000100     UNINITIALIZED
                  00006100    00000100     DSP2834x_GlobalVariableDefs.obj (ECanaMboxesFile)

ECanbRegsFile 
*          1    00006200    00000034     UNINITIALIZED
                  00006200    00000034     DSP2834x_GlobalVariableDefs.obj (ECanbRegsFile)

ECanbLAMRegsFile 
*          1    00006240    00000040     UNINITIALIZED
                  00006240    00000040     DSP2834x_GlobalVariableDefs.obj (ECanbLAMRegsFile)

ECanbMOTSRegsFile 
*          1    00006280    00000040     UNINITIALIZED
                  00006280    00000040     DSP2834x_GlobalVariableDefs.obj (ECanbMOTSRegsFile)

ECanbMOTORegsFile 
*          1    000062c0    00000040     UNINITIALIZED
                  000062c0    00000040     DSP2834x_GlobalVariableDefs.obj (ECanbMOTORegsFile)

ECanbMboxesFile 
*          1    00006300    00000100     UNINITIALIZED
                  00006300    00000100     DSP2834x_GlobalVariableDefs.obj (ECanbMboxesFile)

EPwm9RegsFile 
*          1    00006600    00000022     UNINITIALIZED
                  00006600    00000022     DSP2834x_GlobalVariableDefs.obj (EPwm9RegsFile)

EPwm1RegsFile 
*          1    00006800    00000022     UNINITIALIZED
                  00006800    00000022     DSP2834x_GlobalVariableDefs.obj (EPwm1RegsFile)

EPwm2RegsFile 
*          1    00006840    00000022     UNINITIALIZED
                  00006840    00000022     DSP2834x_GlobalVariableDefs.obj (EPwm2RegsFile)

EPwm3RegsFile 
*          1    00006880    00000022     UNINITIALIZED
                  00006880    00000022     DSP2834x_GlobalVariableDefs.obj (EPwm3RegsFile)

EPwm4RegsFile 
*          1    000068c0    00000022     UNINITIALIZED
                  000068c0    00000022     DSP2834x_GlobalVariableDefs.obj (EPwm4RegsFile)

EPwm5RegsFile 
*          1    00006900    00000022     UNINITIALIZED
                  00006900    00000022     DSP2834x_GlobalVariableDefs.obj (EPwm5RegsFile)

EPwm6RegsFile 
*          1    00006940    00000022     UNINITIALIZED
                  00006940    00000022     DSP2834x_GlobalVariableDefs.obj (EPwm6RegsFile)

EPwm7RegsFile 
*          1    00006980    00000022     UNINITIALIZED
                  00006980    00000022     DSP2834x_GlobalVariableDefs.obj (EPwm7RegsFile)

EPwm8RegsFile 
*          1    000069c0    00000022     UNINITIALIZED
                  000069c0    00000022     DSP2834x_GlobalVariableDefs.obj (EPwm8RegsFile)

ECap1RegsFile 
*          1    00006a00    00000020     UNINITIALIZED
                  00006a00    00000020     DSP2834x_GlobalVariableDefs.obj (ECap1RegsFile)

ECap2RegsFile 
*          1    00006a20    00000020     UNINITIALIZED
                  00006a20    00000020     DSP2834x_GlobalVariableDefs.obj (ECap2RegsFile)

ECap3RegsFile 
*          1    00006a40    00000020     UNINITIALIZED
                  00006a40    00000020     DSP2834x_GlobalVariableDefs.obj (ECap3RegsFile)

ECap4RegsFile 
*          1    00006a60    00000020     UNINITIALIZED
                  00006a60    00000020     DSP2834x_GlobalVariableDefs.obj (ECap4RegsFile)

ECap5RegsFile 
*          1    00006a80    00000020     UNINITIALIZED
                  00006a80    00000020     DSP2834x_GlobalVariableDefs.obj (ECap5RegsFile)

ECap6RegsFile 
*          1    00006aa0    00000020     UNINITIALIZED
                  00006aa0    00000020     DSP2834x_GlobalVariableDefs.obj (ECap6RegsFile)

EQep1RegsFile 
*          1    00006b00    00000040     UNINITIALIZED
                  00006b00    00000040     DSP2834x_GlobalVariableDefs.obj (EQep1RegsFile)

EQep2RegsFile 
*          1    00006b40    00000040     UNINITIALIZED
                  00006b40    00000040     DSP2834x_GlobalVariableDefs.obj (EQep2RegsFile)

EQep3RegsFile 
*          1    00006b80    00000040     UNINITIALIZED
                  00006b80    00000040     DSP2834x_GlobalVariableDefs.obj (EQep3RegsFile)

GpioCtrlRegsFile 
*          1    00006f80    0000002e     UNINITIALIZED
                  00006f80    0000002e     DSP2834x_GlobalVariableDefs.obj (GpioCtrlRegsFile)

GpioDataRegsFile 
*          1    00006fc0    00000020     UNINITIALIZED
                  00006fc0    00000020     DSP2834x_GlobalVariableDefs.obj (GpioDataRegsFile)

GpioIntRegsFile 
*          1    00006fe0    0000000a     UNINITIALIZED
                  00006fe0    0000000a     DSP2834x_GlobalVariableDefs.obj (GpioIntRegsFile)

SysCtrlRegsFile 
*          1    00007010    00000020     UNINITIALIZED
                  00007010    00000020     DSP2834x_GlobalVariableDefs.obj (SysCtrlRegsFile)

SpiaRegsFile 
*          1    00007040    00000010     UNINITIALIZED
                  00007040    00000010     DSP2834x_GlobalVariableDefs.obj (SpiaRegsFile)

SciaRegsFile 
*          1    00007050    00000010     UNINITIALIZED
                  00007050    00000010     DSP2834x_GlobalVariableDefs.obj (SciaRegsFile)

XIntruptRegsFile 
*          1    00007070    00000010     UNINITIALIZED
                  00007070    00000010     DSP2834x_GlobalVariableDefs.obj (XIntruptRegsFile)

ScibRegsFile 
*          1    00007750    00000010     UNINITIALIZED
                  00007750    00000010     DSP2834x_GlobalVariableDefs.obj (ScibRegsFile)

ScicRegsFile 
*          1    00007770    00000010     UNINITIALIZED
                  00007770    00000010     DSP2834x_GlobalVariableDefs.obj (ScicRegsFile)

SpidRegsFile 
*          1    00007780    00000010     UNINITIALIZED
                  00007780    00000010     DSP2834x_GlobalVariableDefs.obj (SpidRegsFile)

I2caRegsFile 
*          1    00007900    00000022     UNINITIALIZED
                  00007900    00000022     DSP2834x_GlobalVariableDefs.obj (I2caRegsFile)

.ebss      1    0000c000    00000030     UNINITIALIZED
                  0000c000    00000027     EncSync.obj (.ebss)
                  0000c027    00000001     --HOLE--
                  0000c028    00000004     rts2800_ml.lib : _lock.obj (.ebss)
                  0000c02c    00000004                    : exit.obj (.ebss)

.econst    1    0000e000    00000100     
                  0000e000    00000100     DSP2834x_PieVect.obj (.econst)

CsmPwlFile 
*          1    0033fff8    00000008     UNINITIALIZED
                  0033fff8    00000008     DSP2834x_GlobalVariableDefs.obj (CsmPwlFile)


GLOBAL SYMBOLS: SORTED ALPHABETICALLY BY Name 

address    name
--------   ----
0000a000   .text
0000a53b   C$$EXIT
0000c004   _Counter1
0000c003   _Counter2
0000c005   _Counter3
0000c001   _Counter4
0000c002   _Counter5
0000c008   _Counter6
0000c007   _Counter7
0000c006   _Counter8
00000c00   _CpuTimer0Regs
00000c08   _CpuTimer1Regs
00000c10   _CpuTimer2Regs
0033fff8   _CsmPwl
00000ae0   _CsmRegs
0000a478   _CsmUnlock
0000c00a   _CurrentMsgPtr
0000a1fe   _DATALOG_ISR
0000a30c   _DINTCH1_ISR
0000a311   _DINTCH2_ISR
0000a316   _DINTCH3_ISR
0000a31b   _DINTCH4_ISR
0000a320   _DINTCH5_ISR
0000a325   _DINTCH6_ISR
00008000   _DSP28x_usDelay
00000880   _DevEmuRegs
0000a3b0   _DisableDog
0000c000   _DldCounter
0000c00c   _DldReadMsgPtr
0000c010   _DldWriteMsgPtr
00001000   _DmaRegs
0000c00e   _Download
0000a352   _ECAN0INTA_ISR
0000a35c   _ECAN0INTB_ISR
0000a357   _ECAN1INTA_ISR
0000a361   _ECAN1INTB_ISR
0000a2b7   _ECAP1_INT_ISR
0000a2bc   _ECAP2_INT_ISR
0000a2c1   _ECAP3_INT_ISR
0000a2c6   _ECAP4_INT_ISR
0000a2cb   _ECAP5_INT_ISR
0000a2d0   _ECAP6_INT_ISR
00006040   _ECanaLAMRegs
000060c0   _ECanaMOTORegs
00006080   _ECanaMOTSRegs
00006100   _ECanaMboxes
00006000   _ECanaRegs
00006240   _ECanbLAMRegs
000062c0   _ECanbMOTORegs
00006280   _ECanbMOTSRegs
00006300   _ECanbMboxes
00006200   _ECanbRegs
00006a00   _ECap1Regs
00006a20   _ECap2Regs
00006a40   _ECap3Regs
00006a60   _ECap4Regs
00006a80   _ECap5Regs
00006aa0   _ECap6Regs
0000a208   _EMUINT_ISR
0000a28f   _EPWM1_INT_ISR
0000a267   _EPWM1_TZINT_ISR
0000a294   _EPWM2_INT_ISR
0000a26c   _EPWM2_TZINT_ISR
0000a299   _EPWM3_INT_ISR
0000a271   _EPWM3_TZINT_ISR
0000a29e   _EPWM4_INT_ISR
0000a276   _EPWM4_TZINT_ISR
0000a2a3   _EPWM5_INT_ISR
0000a27b   _EPWM5_TZINT_ISR
0000a2a8   _EPWM6_INT_ISR
0000a280   _EPWM6_TZINT_ISR
0000a2ad   _EPWM7_INT_ISR
0000a285   _EPWM7_TZINT_ISR
0000a2b2   _EPWM8_INT_ISR
0000a28a   _EPWM8_TZINT_ISR
0000a36b   _EPWM9_INT_ISR
0000a366   _EPWM9_TZINT_ISR
00006800   _EPwm1Regs
00006840   _EPwm2Regs
00006880   _EPwm3Regs
000068c0   _EPwm4Regs
00006900   _EPwm5Regs
00006940   _EPwm6Regs
00006980   _EPwm7Regs
000069c0   _EPwm8Regs
00006600   _EPwm9Regs
0000a2d5   _EQEP1_INT_ISR
0000a2da   _EQEP2_INT_ISR
0000a2df   _EQEP3_INT_ISR
00006b00   _EQep1Regs
00006b40   _EQep2Regs
00006b80   _EQep3Regs
0000a4f7   _EnableInterrupts
00006f80   _GpioCtrlRegs
00006fc0   _GpioDataRegs
00006fe0   _GpioIntRegs
0000a10e   _Gpio_select
0000a130   _I2CA_Init
0000a143   _I2CA_WriteData
0000a32a   _I2CINT1A_ISR
0000a32f   _I2CINT2A_ISR
0000c012   _I2cMsgOut1
00007900   _I2caRegs
0000a212   _ILLEGAL_ISR
0000a1f4   _INT13_ISR
0000a1f9   _INT14_ISR
0000a418   _InitPeripheralClocks
0000a4d8   _InitPieCtrl
0000a500   _InitPieVectTable
0000a3b8   _InitPll
0000a39d   _InitSysCtrl
0000a38e   _LUF_ISR
0000a389   _LVF_ISR
0000a2f8   _MRINTA_ISR
0000a2ee   _MRINTB_ISR
0000a2fd   _MXINTA_ISR
0000a2f3   _MXINTB_ISR
00005000   _McbspaRegs
00005040   _McbspbRegs
0000a20d   _NMI_ISR
0000a393   _PIE_RESERVED
00000ce0   _PieCtrlRegs
00000d00   _PieVectTable
0000e000   _PieVectTableInit
0000a203   _RTOSINT_ISR
0000a33e   _SCIRXINTA_ISR
0000a348   _SCIRXINTB_ISR
0000a334   _SCIRXINTC_ISR
0000a343   _SCITXINTA_ISR
0000a34d   _SCITXINTB_ISR
0000a339   _SCITXINTC_ISR
0000a2e4   _SPIRXINTA_ISR
0000a302   _SPIRXINTD_ISR
0000a2e9   _SPITXINTA_ISR
0000a307   _SPITXINTD_ISR
00007050   _SciaRegs
00007750   _ScibRegs
00007770   _ScicRegs
0000a3a6   _ServiceDog
00007040   _SpiaRegs
00007780   _SpidRegs
00007010   _SysCtrlRegs
0000a25d   _TINT0_ISR
0000a244   _USER10_ISR
0000a249   _USER11_ISR
0000a24e   _USER12_ISR
0000a217   _USER1_ISR
0000a21c   _USER2_ISR
0000a221   _USER3_ISR
0000a226   _USER4_ISR
0000a22b   _USER5_ISR
0000a230   _USER6_ISR
0000a235   _USER7_ISR
0000a23a   _USER8_ISR
0000a23f   _USER9_ISR
0000a262   _WAKEINT_ISR
0000a253   _XINT1_ISR
0000a258   _XINT2_ISR
0000a370   _XINT3_ISR
0000a375   _XINT4_ISR
0000a37a   _XINT5_ISR
0000a37f   _XINT6_ISR
0000a384   _XINT7_ISR
00007070   _XIntruptRegs
00000b20   _XintfRegs
00000700   __STACK_END
00000300   __STACK_SIZE
00000001   __TI_args_main
ffffffff   ___binit__
ffffffff   ___c_args__
ffffffff   ___cinit__
0000a565   ___etext__
ffffffff   ___pinit__
0000a000   ___text__
0000a520   __args_main
0000c02c   __cleanup_ptr
0000c02e   __dtors_ptr
0000c02a   __lock
0000a55c   __nop
0000a558   __register_lock
0000a554   __register_unlock
00000400   __stack
0000c028   __unlock
0000a53b   _abort
0000a494   _c_int00
0000a53d   _exit
0000a175   _i2c_int1a_isr
0000a000   _main
0000a398   _rsvd_ISR
0000a1a9   _sciaRxFifoIsr
0000a19c   _sciaTxFifoIsr
0000a1d9   _scia_fifo_init
ffffffff   binit
ffffffff   cinit
00000000   code_start
0000a565   etext
ffffffff   pinit


GLOBAL SYMBOLS: SORTED BY Symbol Address 

address    name
--------   ----
00000000   code_start
00000001   __TI_args_main
00000300   __STACK_SIZE
00000400   __stack
00000700   __STACK_END
00000880   _DevEmuRegs
00000ae0   _CsmRegs
00000b20   _XintfRegs
00000c00   _CpuTimer0Regs
00000c08   _CpuTimer1Regs
00000c10   _CpuTimer2Regs
00000ce0   _PieCtrlRegs
00000d00   _PieVectTable
00001000   _DmaRegs
00005000   _McbspaRegs
00005040   _McbspbRegs
00006000   _ECanaRegs
00006040   _ECanaLAMRegs
00006080   _ECanaMOTSRegs
000060c0   _ECanaMOTORegs
00006100   _ECanaMboxes
00006200   _ECanbRegs
00006240   _ECanbLAMRegs
00006280   _ECanbMOTSRegs
000062c0   _ECanbMOTORegs
00006300   _ECanbMboxes
00006600   _EPwm9Regs
00006800   _EPwm1Regs
00006840   _EPwm2Regs
00006880   _EPwm3Regs
000068c0   _EPwm4Regs
00006900   _EPwm5Regs
00006940   _EPwm6Regs
00006980   _EPwm7Regs
000069c0   _EPwm8Regs
00006a00   _ECap1Regs
00006a20   _ECap2Regs
00006a40   _ECap3Regs
00006a60   _ECap4Regs
00006a80   _ECap5Regs
00006aa0   _ECap6Regs
00006b00   _EQep1Regs
00006b40   _EQep2Regs
00006b80   _EQep3Regs
00006f80   _GpioCtrlRegs
00006fc0   _GpioDataRegs
00006fe0   _GpioIntRegs
00007010   _SysCtrlRegs
00007040   _SpiaRegs
00007050   _SciaRegs
00007070   _XIntruptRegs
00007750   _ScibRegs
00007770   _ScicRegs
00007780   _SpidRegs
00007900   _I2caRegs
00008000   _DSP28x_usDelay
0000a000   .text
0000a000   ___text__
0000a000   _main
0000a10e   _Gpio_select
0000a130   _I2CA_Init
0000a143   _I2CA_WriteData
0000a175   _i2c_int1a_isr
0000a19c   _sciaTxFifoIsr
0000a1a9   _sciaRxFifoIsr
0000a1d9   _scia_fifo_init
0000a1f4   _INT13_ISR
0000a1f9   _INT14_ISR
0000a1fe   _DATALOG_ISR
0000a203   _RTOSINT_ISR
0000a208   _EMUINT_ISR
0000a20d   _NMI_ISR
0000a212   _ILLEGAL_ISR
0000a217   _USER1_ISR
0000a21c   _USER2_ISR
0000a221   _USER3_ISR
0000a226   _USER4_ISR
0000a22b   _USER5_ISR
0000a230   _USER6_ISR
0000a235   _USER7_ISR
0000a23a   _USER8_ISR
0000a23f   _USER9_ISR
0000a244   _USER10_ISR
0000a249   _USER11_ISR
0000a24e   _USER12_ISR
0000a253   _XINT1_ISR
0000a258   _XINT2_ISR
0000a25d   _TINT0_ISR
0000a262   _WAKEINT_ISR
0000a267   _EPWM1_TZINT_ISR
0000a26c   _EPWM2_TZINT_ISR
0000a271   _EPWM3_TZINT_ISR
0000a276   _EPWM4_TZINT_ISR
0000a27b   _EPWM5_TZINT_ISR
0000a280   _EPWM6_TZINT_ISR
0000a285   _EPWM7_TZINT_ISR
0000a28a   _EPWM8_TZINT_ISR
0000a28f   _EPWM1_INT_ISR
0000a294   _EPWM2_INT_ISR
0000a299   _EPWM3_INT_ISR
0000a29e   _EPWM4_INT_ISR
0000a2a3   _EPWM5_INT_ISR
0000a2a8   _EPWM6_INT_ISR
0000a2ad   _EPWM7_INT_ISR
0000a2b2   _EPWM8_INT_ISR
0000a2b7   _ECAP1_INT_ISR
0000a2bc   _ECAP2_INT_ISR
0000a2c1   _ECAP3_INT_ISR
0000a2c6   _ECAP4_INT_ISR
0000a2cb   _ECAP5_INT_ISR
0000a2d0   _ECAP6_INT_ISR
0000a2d5   _EQEP1_INT_ISR
0000a2da   _EQEP2_INT_ISR
0000a2df   _EQEP3_INT_ISR
0000a2e4   _SPIRXINTA_ISR
0000a2e9   _SPITXINTA_ISR
0000a2ee   _MRINTB_ISR
0000a2f3   _MXINTB_ISR
0000a2f8   _MRINTA_ISR
0000a2fd   _MXINTA_ISR
0000a302   _SPIRXINTD_ISR
0000a307   _SPITXINTD_ISR
0000a30c   _DINTCH1_ISR
0000a311   _DINTCH2_ISR
0000a316   _DINTCH3_ISR
0000a31b   _DINTCH4_ISR
0000a320   _DINTCH5_ISR
0000a325   _DINTCH6_ISR
0000a32a   _I2CINT1A_ISR
0000a32f   _I2CINT2A_ISR
0000a334   _SCIRXINTC_ISR
0000a339   _SCITXINTC_ISR
0000a33e   _SCIRXINTA_ISR
0000a343   _SCITXINTA_ISR
0000a348   _SCIRXINTB_ISR
0000a34d   _SCITXINTB_ISR
0000a352   _ECAN0INTA_ISR
0000a357   _ECAN1INTA_ISR
0000a35c   _ECAN0INTB_ISR
0000a361   _ECAN1INTB_ISR
0000a366   _EPWM9_TZINT_ISR
0000a36b   _EPWM9_INT_ISR
0000a370   _XINT3_ISR
0000a375   _XINT4_ISR
0000a37a   _XINT5_ISR
0000a37f   _XINT6_ISR
0000a384   _XINT7_ISR
0000a389   _LVF_ISR
0000a38e   _LUF_ISR
0000a393   _PIE_RESERVED
0000a398   _rsvd_ISR
0000a39d   _InitSysCtrl
0000a3a6   _ServiceDog
0000a3b0   _DisableDog
0000a3b8   _InitPll
0000a418   _InitPeripheralClocks
0000a478   _CsmUnlock
0000a494   _c_int00
0000a4d8   _InitPieCtrl
0000a4f7   _EnableInterrupts
0000a500   _InitPieVectTable
0000a520   __args_main
0000a53b   C$$EXIT
0000a53b   _abort
0000a53d   _exit
0000a554   __register_unlock
0000a558   __register_lock
0000a55c   __nop
0000a565   ___etext__
0000a565   etext
0000c000   _DldCounter
0000c001   _Counter4
0000c002   _Counter5
0000c003   _Counter2
0000c004   _Counter1
0000c005   _Counter3
0000c006   _Counter8
0000c007   _Counter7
0000c008   _Counter6
0000c00a   _CurrentMsgPtr
0000c00c   _DldReadMsgPtr
0000c00e   _Download
0000c010   _DldWriteMsgPtr
0000c012   _I2cMsgOut1
0000c028   __unlock
0000c02a   __lock
0000c02c   __cleanup_ptr
0000c02e   __dtors_ptr
0000e000   _PieVectTableInit
0033fff8   _CsmPwl
ffffffff   ___binit__
ffffffff   ___c_args__
ffffffff   ___cinit__
ffffffff   ___pinit__
ffffffff   binit
ffffffff   cinit
ffffffff   pinit

[197 symbols]
